 citkUtils

 Timestamp is 5a99d439 (Fri Mar  2 23:46:17 2018)

 Preferred load address is 791e0000

 Start         Length     Name                   Class
 0001:00000000 000007d0H .text$di                CODE
 0001:000007d0 0000bf40H .text$mn                CODE
 0001:0000c710 00000910H .text$x                 CODE
 0001:0000d020 000001feH .text$yd                CODE
 0002:00000000 000006dcH .idata$5                DATA
 0002:000006dc 00000004H .00cfg                  DATA
 0002:000006e0 00000004H .CRT$XCA                DATA
 0002:000006e4 00000054H .CRT$XCU                DATA
 0002:00000738 00000004H .CRT$XCZ                DATA
 0002:0000073c 00000004H .CRT$XIA                DATA
 0002:00000740 00000004H .CRT$XIC                DATA
 0002:00000744 00000004H .CRT$XIZ                DATA
 0002:00000748 00000004H .CRT$XLA                DATA
 0002:0000074c 00000004H .CRT$XLZ                DATA
 0002:00000750 00000004H .CRT$XPA                DATA
 0002:00000754 00000004H .CRT$XPZ                DATA
 0002:00000758 00000004H .CRT$XTA                DATA
 0002:0000075c 00000004H .CRT$XTZ                DATA
 0002:00000760 00000000H .gfids$y                DATA
 0002:00000760 00001388H .rdata                  DATA
 0002:00001ae8 00000018H .rdata$T                DATA
 0002:00001b00 000018b0H .rdata$r                DATA
 0002:000033b0 000000d8H .rdata$sxdata           DATA
 0002:00003488 000003a4H .rdata$zzzdbg           DATA
 0002:0000382c 00000004H .rtc$IAA                DATA
 0002:00003830 00000004H .rtc$IZZ                DATA
 0002:00003834 00000004H .rtc$TAA                DATA
 0002:00003838 00000004H .rtc$TZZ                DATA
 0002:0000383c 00000004H .tls                    DATA
 0002:00003840 00000004H .tls$                   DATA
 0002:00003844 00000004H .tls$ZZZ                DATA
 0002:00003848 00000e68H .xdata$x                DATA
 0002:000046b0 00002060H .edata                  DATA
 0002:00006710 000000dcH .idata$2                DATA
 0002:000067ec 00000014H .idata$3                DATA
 0002:00006800 000006dcH .idata$4                DATA
 0002:00006edc 00004c04H .idata$6                DATA
 0003:00000000 00000080H .data                   DATA
 0003:00000080 00000a50H .data$r                 DATA
 0003:00000ad0 00000690H .bss                    DATA
 0004:00000000 00000060H .rsrc$01                DATA
 0004:00000060 00000180H .rsrc$02                DATA

  Address         Publics by Value              Rva+Base       Lib:Object

 0000:00000000       ___guard_longjmp_count     00000000     <absolute>
 0000:00000000       ___guard_fids_count        00000000     <absolute>
 0000:00000000       ___hybrid_code_map         00000000     <absolute>
 0000:00000000       ___enclave_config          00000000     <absolute>
 0000:00000000       ___guard_longjmp_table     00000000     <absolute>
 0000:00000000       ___guard_iat_table         00000000     <absolute>
 0000:00000000       ___guard_iat_count         00000000     <absolute>
 0000:00000000       ___hybrid_auxiliary_iat    00000000     <absolute>
 0000:00000000       ___dynamic_value_reloc_table 00000000     <absolute>
 0000:00000000       ___guard_fids_table        00000000     <absolute>
 0000:00000000       ___hybrid_code_map_count   00000000     <absolute>
 0000:0000002c       __tls_array                0000002c     <absolute>
 0000:00000036       ___safe_se_handler_count   00000036     <absolute>
 0000:00000100       ___guard_flags             00000100     <absolute>
 0000:00000000       ___ImageBase               791e0000     <linker-defined>
 0001:000007d0       ?GetCD@citkUtils@@UBEPAVClassDesc@citk@@XZ 791e17d0 f i citkUtils.obj
 0001:000007e0       ?GetURL@citkUtils@@UBE?AVString@citkTypes@@XZ 791e17e0 f i citkUtils.obj
 0001:00000810       ??_GcitkUtils@@UAEPAXI@Z   791e1810 f i citkUtils.obj
 0001:00000810       ??_EcitkUtils@@UAEPAXI@Z   791e1810 f i * CIL library *:* CIL module *
 0001:00000840       ?GetPlugInLib@CD_CTToolTip@@UBEPAVCTPlugInLib@citk@@XZ 791e1840 f i citk_ToolTip.obj
 0001:00000840       ?GetPlugInLib@CD_CTPIDController@@UBEPAVCTPlugInLib@citk@@XZ 791e1840 f i citk_PIDController.obj
 0001:00000840       ?GetPlugInLib@CD_CTNoiseTexture@@UBEPAVCTPlugInLib@citk@@XZ 791e1840 f i citk_NoiseTexture.obj
 0001:00000840       ?GetPlugInLib@CD_CTObjectBlinker@@UBEPAVCTPlugInLib@citk@@XZ 791e1840 f i citk_Blinker.obj
 0001:00000840       ?GetPlugInLib@CD_CTMessageHud@@UBEPAVCTPlugInLib@citk@@XZ 791e1840 f i citk_MessageHud.obj
 0001:00000840       ?GetPlugInLib@CD_CTAbstractMaterial@@UBEPAVCTPlugInLib@citk@@XZ 791e1840 f i citk_AbstractMaterials.obj
 0001:00000840       ?GetPlugInLib@CD_citkUtils@@UBEPAVCTPlugInLib@citk@@XZ 791e1840 f i citkUtils.obj
 0001:00000840       ?GetPlugInLib@CD_CT2DFace@@UBEPAVCTPlugInLib@citk@@XZ 791e1840 f i citk_2DFace.obj
 0001:00000840       ?GetPlugInLib@CD_IVTreeProcessor@@UBEPAVCTPlugInLib@citk@@XZ 791e1840 f i citk_Volumes.obj
 0001:00000840       ?GetPlugInLib@CD_CTSoloViewer@@UBEPAVCTPlugInLib@citk@@XZ 791e1840 f i citk_SoloViewer.obj
 0001:00000840       ?GetPlugInLib@CD_CTObjectBlinkerED@@UBEPAVCTPlugInLib@citk@@XZ 791e1840 f i citk_Blinker.obj
 0001:00000840       ?GetPlugInLib@CD_IVPleh@@UBEPAVCTPlugInLib@citk@@XZ 791e1840 f i citk_Volumes.obj
 0001:00000850       _citk_DllMain2             791e1850 f   citkUtils.obj
 0001:00000870       ?RegisterPlugInClasses_citkUtils@@YA_NXZ 791e1870 f   citkUtils.obj
 0001:00000880       ?DoClasses@citkUtils@@UAEXXZ 791e1880 f   citkUtils.obj
 0001:000008f0       ?ThreadProc@DMessageBox@citkTypes@@MAEXPAX@Z 791e18f0 f i citkUtils.obj
 0001:00000990       ??_GDMessageBox@citkTypes@@UAEPAXI@Z 791e1990 f i citkUtils.obj
 0001:00000990       ??_EDMessageBox@citkTypes@@UAEPAXI@Z 791e1990 f i * CIL library *:* CIL module *
 0001:000009c0       _DllMain@12                791e19c0 f   citkUtils.obj
 0001:000009e0       ?citk_assert@@YAXPBD@Z     791e19e0 f   citkUtils.obj
 0001:00000ad0       ?GetID@CR_HBdB@@UBEKXZ     791e1ad0 f i Copyright.obj
 0001:00000ae0       ?GetAuthorName@CR_HBdB@@UBE?AVString@citkTypes@@XZ 791e1ae0 f i Copyright.obj
 0001:00000b10       ?GetEmail@CR_HBdB@@UBE?AVString@citkTypes@@XZ 791e1b10 f i Copyright.obj
 0001:00000b40       ?GetCompanyName@CR_HBdB@@UBE?AVString@citkTypes@@XZ 791e1b40 f i Copyright.obj
 0001:00000b70       ?GetURL@CR_HBdB@@UBE?AVString@citkTypes@@XZ 791e1b70 f i Copyright.obj
 0001:00000ba0       ??0DAxisTracker@@QAE@ABV0@@Z 791e1ba0 f i citk_AxisTracker.obj
 0001:00000bf0       ??4DAxisTracker@@QAEAAV0@ABV0@@Z 791e1bf0 f i citk_AxisTracker.obj
 0001:00000c20       ??0DAxisTracker@@QAE@XZ    791e1c20 f   citk_AxisTracker.obj
 0001:00000c50       ??1DAxisTracker@@QAE@XZ    791e1c50 f   citk_AxisTracker.obj
 0001:00000d30       ?Init@DAxisTracker@@QAEXMM@Z 791e1d30 f   citk_AxisTracker.obj
 0001:00000e00       ?Update@DAxisTracker@@QAE_NMM@Z 791e1e00 f   citk_AxisTracker.obj
 0001:00001000       ?CalcAverage@DAxisTracker@@QAEMM@Z 791e2000 f   citk_AxisTracker.obj
 0001:00001060       ??$AddFrom@$00@?$Array@PAUmeas_t@DAxisTracker@@$00@citkTypes@@QAEXABV01@@Z 791e2060 f i citk_AxisTracker.obj
 0001:000010e0       ?GetCD@CTNoiseTexture@@UBEPAVClassDesc@citk@@XZ 791e20e0 f i citk_NoiseTexture.obj
 0001:000010f0       ?HandlesProtocol@CTNoiseTexture@@UBE_NPBD@Z 791e20f0 f i citk_NoiseTexture.obj
 0001:00001110       ?Create@CD_CTNoiseTexture@@UAEPAXXZ 791e2110 f i citk_NoiseTexture.obj
 0001:00001180       ?Delete@CD_CTMessageHud@@UAEXPAX@Z 791e2180 f i citk_MessageHud.obj
 0001:00001180       ?Delete@CD_CTNoiseTexture@@UAEXPAX@Z 791e2180 f i citk_NoiseTexture.obj
 0001:00001180       ?Delete@CD_CT2DFace@@UAEXPAX@Z 791e2180 f i citk_2DFace.obj
 0001:00001180       ?Delete@CD_CTAbstractMaterial@@UAEXPAX@Z 791e2180 f i citk_AbstractMaterials.obj
 0001:00001180       ?Delete@CD_IVPleh@@UAEXPAX@Z 791e2180 f i citk_Volumes.obj
 0001:00001180       ?Delete@CD_IVTreeProcessor@@UAEXPAX@Z 791e2180 f i citk_Volumes.obj
 0001:00001180       ?Delete@CD_CTObjectBlinkerED@@UAEXPAX@Z 791e2180 f i citk_Blinker.obj
 0001:00001180       ?Delete@CD_CTToolTip@@UAEXPAX@Z 791e2180 f i citk_ToolTip.obj
 0001:00001180       ?Delete@CD_CTPIDController@@UAEXPAX@Z 791e2180 f i citk_PIDController.obj
 0001:00001180       ?Delete@CD_CTObjectBlinker@@UAEXPAX@Z 791e2180 f i citk_Blinker.obj
 0001:00001180       ?Delete@CD_CTSoloViewer@@UAEXPAX@Z 791e2180 f i citk_SoloViewer.obj
 0001:00001190       ??_GCTNoiseTexture@@UAEPAXI@Z 791e2190 f i citk_NoiseTexture.obj
 0001:00001190       ??_ECTNoiseTexture@@UAEPAXI@Z 791e2190 f i * CIL library *:* CIL module *
 0001:000011c0       ?DoImport@CTNoiseTexture@@MAE_NPBD@Z 791e21c0 f   citk_NoiseTexture.obj
 0001:00001390       ___local_stdio_scanf_options 791e2390 f i citk_NoiseTexture.obj
 0001:000013a0       _sscanf                    791e23a0 f i citk_NoiseTexture.obj
 0001:000013d0       ?GetClassDesc_CTPIDController@@YAPAVClassDesc@citk@@XZ 791e23d0 f i citk_PIDController.obj
 0001:000013d0       ?GetCD@CTPIDController@citk@@UBEPAVClassDesc@2@XZ 791e23d0 f i citk_PIDController.obj
 0001:000013d0       ?_CD@CTPIDController@citk@@SAPAVClassDesc@2@XZ 791e23d0 f i citk_PIDController.obj
 0001:000013e0       ??1CTPIDController@citk@@UAE@XZ 791e23e0 f i citk_PIDController.obj
 0001:000013f0       ??_ECTPIDController@citk@@UAEPAXI@Z 791e23f0 f i citk_PIDController.obj
 0001:00001490       ?Create@CD_CTPIDController@@UAEPAXXZ 791e2490 f i citk_PIDController.obj
 0001:00001520       ??0CTPIDController@citk@@QAE@XZ 791e2520 f   citk_PIDController.obj
 0001:00001580       ?DoAddProperties@CTPIDController@citk@@MAEXXZ 791e2580 f   citk_PIDController.obj
 0001:00001640       ?Reset@CTPIDController@citk@@UAEXXZ 791e2640 f   citk_PIDController.obj
 0001:00001660       ?SetActuatorBounds@CTPIDController@citk@@QAEXNN@Z 791e2660 f   citk_PIDController.obj
 0001:00001690       ?SetPID@CTPIDController@citk@@QAEXNNN@Z 791e2690 f   citk_PIDController.obj
 0001:000016d0       ?GetActuatorValue@CTPIDController@citk@@QAENNNN@Z 791e26d0 f   citk_PIDController.obj
 0001:000017b0       ?WriteToStream@CTPIDController@citk@@UAEXPAVCTStream@2@K@Z 791e27b0 f   citk_PIDController.obj
 0001:00001880       ?ProcessChunk@CTPIDController@citk@@UAE_NPAVCTStream@2@K@Z 791e2880 f   citk_PIDController.obj
 0001:00001910       ??RDProfiler@citk@@QAEJPBD@Z 791e2910 f i citk_Profiler.obj
 0001:00001920       ?CheckPoint@DProfiler@citk@@QAEJPBD@Z 791e2920 f i citk_Profiler.obj
 0001:00001a50       ??0DProfiler@citk@@QAE@ABV01@@Z 791e2a50 f i citk_Profiler.obj
 0001:00001aa0       ??4DProfiler@citk@@QAEAAV01@ABV01@@Z 791e2aa0 f i citk_Profiler.obj
 0001:00001af0       ??0DProfiler@citk@@QAE@PBD@Z 791e2af0 f   citk_Profiler.obj
 0001:00001cf0       ??1DProfiler@citk@@QAE@XZ  791e2cf0 f   citk_Profiler.obj
 0001:00001ee0       ?OnDelete@?$SafePtr@VCTTimer@citk@@@citk@@UAEXPAVCTAggregated@2@@Z 791e2ee0 f i citk_Profiler.obj
 0001:00001ee0       ?OnDelete@?$SafePtr@VCTEntity@citk@@@citk@@UAEXPAVCTAggregated@2@@Z 791e2ee0 f i citk_2DFace.obj
 0001:00001ee0       ?OnDelete@?$SafePtr@VCTRenderTarget@citk@@@citk@@UAEXPAVCTAggregated@2@@Z 791e2ee0 f i citk_Snapper.obj
 0001:00001ef0       ?GetTarget@?$SafePtr@VCTRenderTarget@citk@@@citk@@UBEPAVCTAggregated@2@XZ 791e2ef0 f i citk_Snapper.obj
 0001:00001ef0       ?GetTarget@?$SafePtr@VCTTimer@citk@@@citk@@UBEPAVCTAggregated@2@XZ 791e2ef0 f i citk_Profiler.obj
 0001:00001ef0       ?GetTarget@?$SafePtr@VCTEntity@citk@@@citk@@UBEPAVCTAggregated@2@XZ 791e2ef0 f i citk_2DFace.obj
 0001:00001f00       ??1?$DevicePtr@VCTTimer@citk@@$00@citk@@QAE@XZ 791e2f00 f i citk_Profiler.obj
 0001:00001f60       ??_G?$SafePtr@VCTTimer@citk@@@citk@@UAEPAXI@Z 791e2f60 f i citk_Profiler.obj
 0001:00001f60       ??_E?$SafePtr@VCTTimer@citk@@@citk@@UAEPAXI@Z 791e2f60 f i * CIL library *:* CIL module *
 0001:00001fd0       ??1DynString@citkTypes@@QAE@XZ 791e2fd0 f i citk_Profiler.obj
 0001:00001fe0       ??0DSnapper@@QAE@ABV0@@Z   791e2fe0 f i citk_Snapper.obj
 0001:000020c0       ??4DSnapper@@QAEAAV0@ABV0@@Z 791e30c0 f i citk_Snapper.obj
 0001:00002160       ??_FDSnapper@@QAEXXZ       791e3160 f i citk_Snapper.obj
 0001:00002170       ??0DSnapper@@QAE@PBD@Z     791e3170 f   citk_Snapper.obj
 0001:000022b0       ?Init@DSnapper@@QAEXPBDPAVCTRenderTarget@citk@@M@Z 791e32b0 f   citk_Snapper.obj
 0001:000023c0       ??1?$ServicePtr@VCTEngineManager@citk@@@citk@@QAE@XZ 791e33c0 f i citk_Snapper.obj
 0001:00002400       ??1DSnapper@@QAE@XZ        791e3400 f   citk_Snapper.obj
 0001:000024f0       ?Snap@DSnapper@@QAEXXZ     791e34f0 f   citk_Snapper.obj
 0001:00002590       ??1?$SafePtr@VCTRenderTarget@citk@@@citk@@UAE@XZ 791e3590 f i citk_Snapper.obj
 0001:000025e0       ??C?$ServicePtr@VCTEngineManager@citk@@@citk@@QAEPAVCTEngineManager@1@XZ 791e35e0 f i citk_Snapper.obj
 0001:00002650       ??1?$StrongPtr@VCTGroup@citk@@@citk@@QAE@XZ 791e3650 f i citk_Blinker.obj
 0001:00002650       ??1?$StrongPtr@VCTGeometry@citk@@@citk@@QAE@XZ 791e3650 f i citk_Blinker.obj
 0001:00002650       ??1?$StrongPtr@VCTMaterialProperty@citk@@@citk@@QAE@XZ 791e3650 f i citk_AbstractMaterials.obj
 0001:00002650       ??1?$StrongPtr@VCTLight@citk@@@citk@@QAE@XZ 791e3650 f i citk_SoloViewer.obj
 0001:00002650       ??1?$StrongPtr@VCTTextureProperty@citk@@@citk@@QAE@XZ 791e3650 f i citk_ToolTip.obj
 0001:00002650       ??1?$StrongPtr@VCTRenderState@citk@@@citk@@QAE@XZ 791e3650 f i citk_AbstractMaterials.obj
 0001:00002650       ??1?$StrongPtr@VCTBitmapImport@citk@@@citk@@QAE@XZ 791e3650 f i citk_ToolTip.obj
 0001:00002650       ??1?$StrongPtr@VCTObjectBlinkerED@@@citk@@QAE@XZ 791e3650 f i citk_Blinker.obj
 0001:00002650       ??1?$StrongPtr@VCTShape@citk@@@citk@@QAE@XZ 791e3650 f i citk_SoloViewer.obj
 0001:00002650       ??1?$StrongPtr@VCTBitmapExport@citk@@@citk@@QAE@XZ 791e3650 f i citk_Snapper.obj
 0001:00002650       ??1?$StrongPtr@VCTVertexData@citk@@@citk@@QAE@XZ 791e3650 f i citk_2DFace.obj
 0001:00002650       ??1?$StrongPtr@VCTTexture@citk@@@citk@@QAE@XZ 791e3650 f i citk_Snapper.obj
 0001:00002650       ??1?$StrongPtr@VCTAlphaProperty@citk@@@citk@@QAE@XZ 791e3650 f i citk_2DFace.obj
 0001:00002650       ??1?$StrongPtr@VCTRenderFlagsProperty@citk@@@citk@@QAE@XZ 791e3650 f i citk_2DFace.obj
 0001:00002650       ??1?$StrongPtr@VIVPleh@@@citk@@QAE@XZ 791e3650 f i citk_Volumes.obj
 0001:00002650       ??1?$StrongPtr@VCTAbstractMaterial@@@citk@@QAE@XZ 791e3650 f i citk_AbstractMaterials.obj
 0001:00002650       ??1?$StrongPtr@VCTBox@citk@@@citk@@QAE@XZ 791e3650 f i citk_Blinker.obj
 0001:00002650       ??1?$StrongPtr@VCT3DText@citk@@@citk@@QAE@XZ 791e3650 f i citk_MessageHud.obj
 0001:00002650       ??1?$StrongPtr@VCTEntity@citk@@@citk@@QAE@XZ 791e3650 f i citk_SoloViewer.obj
 0001:00002650       ??1?$StrongPtr@VCTWireFrameProperty@citk@@@citk@@QAE@XZ 791e3650 f i citk_Blinker.obj
 0001:00002690       ??_G?$SafePtr@VCTRenderTarget@citk@@@citk@@UAEPAXI@Z 791e3690 f i citk_Snapper.obj
 0001:00002690       ??_E?$SafePtr@VCTRenderTarget@citk@@@citk@@UAEPAXI@Z 791e3690 f i * CIL library *:* CIL module *
 0001:00002700       ?New@?$StrongPtr@VCTTexture@citk@@@citk@@QAEPAVCTTexture@2@XZ 791e3700 f i citk_Snapper.obj
 0001:000027a0       ??_ECTTexture@citk@@MAEPAXI@Z 791e37a0 f i * CIL library *:* CIL module *
 0001:000027a0       ??_GCTTexture@citk@@MAEPAXI@Z 791e37a0 f i citk_Snapper.obj
 0001:000027d0       ?GetClassDesc_CT2DFace@@YAPAVClassDesc@citk@@XZ 791e37d0 f i citk_2DFace.obj
 0001:000027d0       ?_CD@CT2DFace@@SAPAVClassDesc@citk@@XZ 791e37d0 f i citk_2DFace.obj
 0001:000027d0       ?GetCD@CT2DFace@@UBEPAVClassDesc@citk@@XZ 791e37d0 f i citk_2DFace.obj
 0001:000027e0       ??1CT2DFace@@UAE@XZ        791e37e0 f i citk_2DFace.obj
 0001:00002890       ??_ECT2DFace@@UAEPAXI@Z    791e3890 f i citk_2DFace.obj
 0001:00002930       ?Create@CD_CT2DFace@@UAEPAXXZ 791e3930 f i citk_2DFace.obj
 0001:00002980       ??0CT2DFace@@QAE@XZ        791e3980 f   citk_2DFace.obj
 0001:00002c40       ?Copy@CT2DFace@@UBEPAVCTEntity@citk@@XZ 791e3c40 f   citk_2DFace.obj
 0001:00002c90       ??0CT2DFace@@QAE@PBV0@@Z   791e3c90 f   citk_2DFace.obj
 0001:00002e10       ?AutoUpdate@CT2DFace@@QAAXJ@Z 791e3e10 f   citk_2DFace.obj
 0001:00002e40       ?Animate@CT2DFace@@QAEXN@Z 791e3e40 f   citk_2DFace.obj
 0001:00002ee0       ?Process@CT2DFace@@UAEXAAUProcessInfo_t@citk@@@Z 791e3ee0 f   citk_2DFace.obj
 0001:00003310       ?UpdateVD@CT2DFace@@UAEXXZ 791e4310 f   citk_2DFace.obj
 0001:00003550       ?SetAuto3DPos@CT2DFace@@QAEXABVVector3@citkTypes@@_NPAVCTEntity@citk@@M@Z 791e4550 f   citk_2DFace.obj
 0001:000035d0       ?StopAuto3DPos@CT2DFace@@QAEXXZ 791e45d0 f   citk_2DFace.obj
 0001:000035e0       ?SetAutoPos@CT2DFace@@QAEXHHW4rel_t@1@0@Z 791e45e0 f   citk_2DFace.obj
 0001:00003620       ?StopAutoPos@CT2DFace@@QAEXXZ 791e4620 f   citk_2DFace.obj
 0001:00003630       ?SetAutoSize@CT2DFace@@QAEXHH@Z 791e4630 f   citk_2DFace.obj
 0001:00003650       ?StopAutoSize@CT2DFace@@QAEXXZ 791e4650 f   citk_2DFace.obj
 0001:00003660       ?UpdateBoundingVolume@CT2DFace@@UAEPAVCTShape@citk@@W4kind_t@CTProcess@3@@Z 791e4660 f   citk_2DFace.obj
 0001:00003670       ?New@?$StrongPtr@VCTRenderState@citk@@@citk@@QAEPAVCTRenderState@2@XZ 791e4670 f i citk_2DFace.obj
 0001:00003700       ?New@?$StrongPtr@VCTVertexData@citk@@@citk@@QAEPAVCTVertexData@2@XZ 791e4700 f i citk_2DFace.obj
 0001:000037a0       ??_ECTRenderFlagsProperty@citk@@UAEPAXI@Z 791e47a0 f i * CIL library *:* CIL module *
 0001:000037a0       ??_GCTRenderFlagsProperty@citk@@UAEPAXI@Z 791e47a0 f i citk_2DFace.obj
 0001:000037d0       ??_GCTAlphaProperty@citk@@UAEPAXI@Z 791e47d0 f i citk_2DFace.obj
 0001:000037d0       ??_ECTAlphaProperty@citk@@UAEPAXI@Z 791e47d0 f i * CIL library *:* CIL module *
 0001:00003800       ??_GCTRenderState@citk@@MAEPAXI@Z 791e4800 f i citk_2DFace.obj
 0001:00003800       ??_ECTRenderState@citk@@MAEPAXI@Z 791e4800 f i * CIL library *:* CIL module *
 0001:00003830       ??_ECTVertexData@citk@@UAEPAXI@Z 791e4830 f i * CIL library *:* CIL module *
 0001:00003830       ??_GCTVertexData@citk@@UAEPAXI@Z 791e4830 f i citk_2DFace.obj
 0001:00003860       ??_E?$SafePtr@VCTEntity@citk@@@citk@@UAEPAXI@Z 791e4860 f i * CIL library *:* CIL module *
 0001:00003860       ??_G?$SafePtr@VCTEntity@citk@@@citk@@UAEPAXI@Z 791e4860 f i citk_2DFace.obj
 0001:000038d0       ??1?$SafePtr@VCTEntity@citk@@@citk@@UAE@XZ 791e48d0 f i citk_2DFace.obj
 0001:00003920       ?GetCD@CTAbstractMaterial@@UBEPAVClassDesc@citk@@XZ 791e4920 f i citk_AbstractMaterials.obj
 0001:00003920       ?_CD@CTAbstractMaterial@@SAPAVClassDesc@citk@@XZ 791e4920 f i citk_AbstractMaterials.obj
 0001:00003920       ?GetClassDesc_CTAbstractMaterial@@YAPAVClassDesc@citk@@XZ 791e4920 f i citk_AbstractMaterials.obj
 0001:00003930       ?GetInstances@CTAbstractMaterial@@QBEABV?$ArrayPtr@VCTAbstractMaterial@@@citkTypes@@XZ 791e4930 f i citk_AbstractMaterials.obj
 0001:00003940       ?IsDefaultAbstract@CTAbstractMaterial@@SA_NXZ 791e4940 f i citk_AbstractMaterials.obj
 0001:00003950       ??_ECTAbstractMaterial@@MAEPAXI@Z 791e4950 f i citk_AbstractMaterials.obj
 0001:000039f0       ?Create@CD_CTAbstractMaterial@@UAEPAXXZ 791e49f0 f i citk_AbstractMaterials.obj
 0001:00003a40       ??0CTAbstractMaterial@@QAE@XZ 791e4a40 f   citk_AbstractMaterials.obj
 0001:00003b10       ??1CTAbstractMaterial@@MAE@XZ 791e4b10 f   citk_AbstractMaterials.obj
 0001:00003ba0       ?CreateFor@CTAbstractMaterial@@SAPAV1@PAVCTEntity@citk@@ABUDColor@citkTypes@@@Z 791e4ba0 f   citk_AbstractMaterials.obj
 0001:00003d10       ?Abstract@CTAbstractMaterial@@SAXPAVCTEntity@citk@@@Z 791e4d10 f   citk_AbstractMaterials.obj
 0001:00003da0       ?Orig@CTAbstractMaterial@@SAXPAVCTEntity@citk@@@Z 791e4da0 f   citk_AbstractMaterials.obj
 0001:00003e30       ?AbstractAll@CTAbstractMaterial@@SAXXZ 791e4e30 f   citk_AbstractMaterials.obj
 0001:00003eb0       ?OrigAll@CTAbstractMaterial@@SAXXZ 791e4eb0 f   citk_AbstractMaterials.obj
 0001:00003f30       ?DefaultAll@CTAbstractMaterial@@SAXXZ 791e4f30 f   citk_AbstractMaterials.obj
 0001:00004010       ?Abstract@CTAbstractMaterial@@QAEXXZ 791e5010 f   citk_AbstractMaterials.obj
 0001:00004060       ?Default@CTAbstractMaterial@@QAEXXZ 791e5060 f   citk_AbstractMaterials.obj
 0001:000040f0       ?Orig@CTAbstractMaterial@@QAEXXZ 791e50f0 f   citk_AbstractMaterials.obj
 0001:00004140       ?New@?$StrongPtr@VCTMaterialProperty@citk@@@citk@@QAEPAVCTMaterialProperty@2@XZ 791e5140 f i citk_AbstractMaterials.obj
 0001:000041d0       ??_ECTMaterialProperty@citk@@UAEPAXI@Z 791e51d0 f i * CIL library *:* CIL module *
 0001:000041d0       ??_GCTMaterialProperty@citk@@UAEPAXI@Z 791e51d0 f i citk_AbstractMaterials.obj
 0001:00004200       ?_CD@CTObjectBlinker@@SAPAVClassDesc@citk@@XZ 791e5200 f i citk_Blinker.obj
 0001:00004200       ?GetClassDesc_CTObjectBlinker@@YAPAVClassDesc@citk@@XZ 791e5200 f i citk_Blinker.obj
 0001:00004200       ?GetCD@CTObjectBlinker@@UBEPAVClassDesc@citk@@XZ 791e5200 f i citk_Blinker.obj
 0001:00004210       ?GetBlinkerRS@CTObjectBlinker@@QBEPAVCTRenderState@citk@@XZ 791e5210 f i citk_Blinker.obj
 0001:00004220       ??_ECTObjectBlinker@@MAEPAXI@Z 791e5220 f i citk_Blinker.obj
 0001:00004300       ?Create@CD_CTObjectBlinker@@UAEPAXXZ 791e5300 f i citk_Blinker.obj
 0001:00004350       ?GetCD@CTObjectBlinkerED@@UBEPAVClassDesc@citk@@XZ 791e5350 f i citk_Blinker.obj
 0001:00004350       ?GetClassDesc_CTObjectBlinkerED@@YAPAVClassDesc@citk@@XZ 791e5350 f i citk_Blinker.obj
 0001:00004350       ?_CD@CTObjectBlinkerED@@SAPAVClassDesc@citk@@XZ 791e5350 f i citk_Blinker.obj
 0001:00004360       ??0CTObjectBlinkerED@@QAE@XZ 791e5360 f i citk_Blinker.obj
 0001:000043a0       ??1CTObjectBlinkerED@@UAE@XZ 791e53a0 f i citk_Blinker.obj
 0001:000043c0       ??_ECTObjectBlinkerED@@UAEPAXI@Z 791e53c0 f i citk_Blinker.obj
 0001:00004470       ?Create@CD_CTObjectBlinkerED@@UAEPAXXZ 791e5470 f i citk_Blinker.obj
 0001:000044f0       ??0CTObjectBlinker@@QAE@XZ 791e54f0 f   citk_Blinker.obj
 0001:000046d0       ??1?$DTreeClassIterator@VCTGeometry@citk@@@citk@@QAE@XZ 791e56d0 f i citk_Volumes.obj
 0001:000046d0       ??1?$ArrayPtr@VCTGeometry@citk@@@citkTypes@@QAE@XZ 791e56d0 f i citk_Volumes.obj
 0001:000046d0       ??1?$ArrayPtr@Uedge@@@citkTypes@@QAE@XZ 791e56d0 f i citk_Volumes.obj
 0001:000046d0       ??1?$ArrayPtr@Uactualblinker_t@CTObjectBlinker@@@citkTypes@@QAE@XZ 791e56d0 f i citk_Blinker.obj
 0001:000046d0       ??1?$ArrayPtr@Ucircle@@@citkTypes@@QAE@XZ 791e56d0 f i citk_Volumes.obj
 0001:000046e0       ??1CTObjectBlinker@@MAE@XZ 791e56e0 f   citk_Blinker.obj
 0001:00004760       ?CreatePivot@CTObjectBlinker@@CAXXZ 791e5760 f   citk_Blinker.obj
 0001:00004b80       ?Clear@CTObjectBlinker@@QAEXXZ 791e5b80 f   citk_Blinker.obj
 0001:00004d40       ?GetBlinker@CTObjectBlinker@@SAPAV1@PAVCTEntity@citk@@@Z 791e5d40 f   citk_Blinker.obj
 0001:00004dd0       ?OnDelete@CTObjectBlinker@@UAEXPAVCTAggregated@citk@@@Z 791e5dd0 f   citk_Blinker.obj
 0001:00004f60       ?SetObject@CTObjectBlinker@@QAE_NPAVCTEntity@citk@@ABUDColor@citkTypes@@_N2@Z 791e5f60 f   citk_Blinker.obj
 0001:00005280       ?AddActualBlinker@CTObjectBlinker@@AAEXPAVCTEntity@citk@@_N1@Z 791e6280 f   citk_Blinker.obj
 0001:000055e0       ?DoBlink@CTObjectBlinker@@AAAXJ@Z 791e65e0 f   citk_Blinker.obj
 0001:00005790       ?GetEntity@CTObjectBlinker@@QBEPAVCTEntity@citk@@XZ 791e6790 f   citk_Blinker.obj
 0001:000057a0       ?Pause@CTObjectBlinker@@AAEXXZ 791e67a0 f   citk_Blinker.obj
 0001:00005800       ?IsHighlit@CTObjectBlinker@@QBE_NXZ 791e6800 f   citk_Blinker.obj
 0001:00005840       ?New@?$StrongPtr@VCTGeometry@citk@@@citk@@QAEPAVCTGeometry@2@XZ 791e6840 f i citk_Blinker.obj
 0001:000058e0       ?RemoveEvery@?$ArrayPtr@VCTObjectBlinker@@@citkTypes@@QAEIQAVCTObjectBlinker@@@Z 791e68e0 f i citk_Blinker.obj
 0001:00005920       ??_ECTGeometry@citk@@UAEPAXI@Z 791e6920 f i * CIL library *:* CIL module *
 0001:00005920       ??_GCTGeometry@citk@@UAEPAXI@Z 791e6920 f i citk_Blinker.obj
 0001:00005950       ??_GCTWireFrameProperty@citk@@UAEPAXI@Z 791e6950 f i citk_Blinker.obj
 0001:00005950       ??_ECTWireFrameProperty@citk@@UAEPAXI@Z 791e6950 f i * CIL library *:* CIL module *
 0001:00005980       ?Length@Vector3@citkTypes@@QBEMXZ 791e6980 f i citk_Blinker.obj
 0001:000059c0       ?GetCD@CTMessageHud@@UBEPAVClassDesc@citk@@XZ 791e69c0 f i citk_MessageHud.obj
 0001:000059c0       ?_CD@CTMessageHud@@SAPAVClassDesc@citk@@XZ 791e69c0 f i citk_MessageHud.obj
 0001:000059c0       ?GetClassDesc_CTMessageHud@@YAPAVClassDesc@citk@@XZ 791e69c0 f i citk_MessageHud.obj
 0001:000059d0       ?AddLine@CTMessageHud@@QAEXPBD@Z 791e69d0 f i citk_MessageHud.obj
 0001:000059f0       ?AddLine@CTMessageHud@@QAEXPBD0@Z 791e69f0 f i citk_MessageHud.obj
 0001:00005a10       ??_ECTMessageHud@@EAEPAXI@Z 791e6a10 f i citk_MessageHud.obj
 0001:00005ab0       ?Create@CD_CTMessageHud@@UAEPAXXZ 791e6ab0 f i citk_MessageHud.obj
 0001:00005b00       ??0CTMessageHud@@QAE@XZ    791e6b00 f   citk_MessageHud.obj
 0001:00005ca0       ??1CTMessageHud@@EAE@XZ    791e6ca0 f   citk_MessageHud.obj
 0001:00005df0       ?Process@CTMessageHud@@UAEXAAUProcessInfo_t@citk@@@Z 791e6df0 f   citk_MessageHud.obj
 0001:00005e40       ?Init@CTMessageHud@@QAEXXZ 791e6e40 f   citk_MessageHud.obj
 0001:00005e70       ?Animate@CTMessageHud@@AAAXJ@Z 791e6e70 f   citk_MessageHud.obj
 0001:00006160       ?AddLine@CTMessageHud@@QAEXPBD0ABUDColor@citkTypes@@@Z 791e7160 f   citk_MessageHud.obj
 0001:00006340       ?AddLine@CTMessageHud@@QAEXPBDABUDColor@citkTypes@@@Z 791e7340 f   citk_MessageHud.obj
 0001:000063c0       ?_AddLine@CTMessageHud@@AAEXPBDABUDColor@citkTypes@@@Z 791e73c0 f   citk_MessageHud.obj
 0001:00006580       ?UpdateItem@CTMessageHud@@AAEXHM@Z 791e7580 f   citk_MessageHud.obj
 0001:00006630       ?GetText@CTMessageHud@@AAEPAVCT3DText@citk@@XZ 791e7630 f   citk_MessageHud.obj
 0001:00006800       ?FifoPush@CTMessageHud@@AAEXPBDABUDColor@citkTypes@@@Z 791e7800 f   citk_MessageHud.obj
 0001:00006950       ?FifoPop@CTMessageHud@@AAE_NAAVString@citkTypes@@AAUDColor@3@@Z 791e7950 f   citk_MessageHud.obj
 0001:000069d0       ??1?$StrongArray@VCT3DText@citk@@@citk@@QAE@XZ 791e79d0 f i citk_MessageHud.obj
 0001:00006a60       ??_ECT3DText@citk@@MAEPAXI@Z 791e7a60 f i * CIL library *:* CIL module *
 0001:00006a60       ??_GCT3DText@citk@@MAEPAXI@Z 791e7a60 f i citk_MessageHud.obj
 0001:00006a90       ?_CD@CTSoloViewer@@SAPAVClassDesc@citk@@XZ 791e7a90 f i citk_SoloViewer.obj
 0001:00006a90       ?GetCD@CTSoloViewer@@UBEPAVClassDesc@citk@@XZ 791e7a90 f i citk_SoloViewer.obj
 0001:00006a90       ?GetClassDesc_CTSoloViewer@@YAPAVClassDesc@citk@@XZ 791e7a90 f i citk_SoloViewer.obj
 0001:00006aa0       ??0CTSoloViewer@@QAE@XZ    791e7aa0 f i citk_SoloViewer.obj
 0001:00006ae0       ??1CTSoloViewer@@UAE@XZ    791e7ae0 f i citk_SoloViewer.obj
 0001:00006b70       ??_ECTSoloViewer@@UAEPAXI@Z 791e7b70 f i citk_SoloViewer.obj
 0001:00006c10       ?Create@CD_CTSoloViewer@@UAEPAXXZ 791e7c10 f i citk_SoloViewer.obj
 0001:00006c90       ?Init@CTSoloViewer@@QAEXPAVCTEntity@citk@@MMM@Z 791e7c90 f   citk_SoloViewer.obj
 0001:00007230       ?GetCamera@CTSoloViewer@@QBEPAVCTCamera@citk@@PAV23@@Z 791e8230 f   citk_SoloViewer.obj
 0001:00007250       ?New@?$StrongPtr@VCTGroup@citk@@@citk@@QAEPAVCTGroup@2@XZ 791e8250 f i citk_SoloViewer.obj
 0001:000072f0       ?New@?$StrongPtr@VCTLight@citk@@@citk@@QAEPAVCTLight@2@XZ 791e82f0 f i citk_SoloViewer.obj
 0001:00007390       ??_GCTGroup@citk@@MAEPAXI@Z 791e8390 f i citk_SoloViewer.obj
 0001:00007390       ??_ECTGroup@citk@@MAEPAXI@Z 791e8390 f i * CIL library *:* CIL module *
 0001:000073c0       ??_ECTCamera@citk@@UAEPAXI@Z 791e83c0 f i * CIL library *:* CIL module *
 0001:000073c0       ??_GCTCamera@citk@@UAEPAXI@Z 791e83c0 f i citk_SoloViewer.obj
 0001:000073f0       ??_ECTLight@citk@@MAEPAXI@Z 791e83f0 f i * CIL library *:* CIL module *
 0001:000073f0       ??_GCTLight@citk@@MAEPAXI@Z 791e83f0 f i citk_SoloViewer.obj
 0001:00007420       ??_ECTMotionController@citk@@UAEPAXI@Z 791e8420 f i * CIL library *:* CIL module *
 0001:00007420       ??_GCTMotionController@citk@@UAEPAXI@Z 791e8420 f i citk_SoloViewer.obj
 0001:00007450       ?GetCD@CTToolTip@@UBEPAVClassDesc@citk@@XZ 791e8450 f i citk_ToolTip.obj
 0001:00007450       ?_CD@CTToolTip@@SAPAVClassDesc@citk@@XZ 791e8450 f i citk_ToolTip.obj
 0001:00007450       ?GetClassDesc_CTToolTip@@YAPAVClassDesc@citk@@XZ 791e8450 f i citk_ToolTip.obj
 0001:00007460       ??1CTToolTip@@UAE@XZ       791e8460 f i citk_ToolTip.obj
 0001:00007500       ??_ECTToolTip@@UAEPAXI@Z   791e8500 f i citk_ToolTip.obj
 0001:000075a0       ?Create@CD_CTToolTip@@UAEPAXXZ 791e85a0 f i citk_ToolTip.obj
 0001:000075f0       ??0CTToolTip@@QAE@XZ       791e85f0 f   citk_ToolTip.obj
 0001:00007710       ?Copy@CTToolTip@@UBEPAVCTEntity@citk@@XZ 791e8710 f   citk_ToolTip.obj
 0001:00007760       ??0CTToolTip@@QAE@PBV0@@Z  791e8760 f   citk_ToolTip.obj
 0001:00007840       ?SetFont@CTToolTip@@QAEXPBDH@Z 791e8840 f   citk_ToolTip.obj
 0001:00007930       ?SetText@CTToolTip@@QAEXPBD@Z 791e8930 f   citk_ToolTip.obj
 0001:00007a30       ?Process@CTToolTip@@UAEXAAUProcessInfo_t@citk@@@Z 791e8a30 f   citk_ToolTip.obj
 0001:00007fc0       ??_GDBitmap@citkTypes@@QAEPAXI@Z 791e8fc0 f i citk_ToolTip.obj
 0001:00008030       ?UpdateVD@CTToolTip@@UAEXXZ 791e9030 f   citk_ToolTip.obj
 0001:00008190       ??_ECTTextureProperty@citk@@UAEPAXI@Z 791e9190 f i * CIL library *:* CIL module *
 0001:00008190       ??_GCTTextureProperty@citk@@UAEPAXI@Z 791e9190 f i citk_ToolTip.obj
 0001:000081c0       ?Last@circle@@QAEGXZ       791e91c0 f   citk_Volumes.obj
 0001:000081e0       ?AddFrom@circle@@QAE_NAAV?$ArrayPtr@Uedge@@@citkTypes@@@Z 791e91e0 f   citk_Volumes.obj
 0001:00008340       ?CalcVolumeSmart@@YAMPAVCTVertexData@citk@@@Z 791e9340 f   citk_Volumes.obj
 0001:00008d60       ?CalcVolume@circle@@QAEMPBVVector3@citkTypes@@@Z 791e9d60 f   citk_Volumes.obj
 0001:00009050       ??1?$ArrayVal@G$0A@@citkTypes@@QAE@XZ 791ea050 f i citk_Volumes.obj
 0001:00009060       ?CalcVolume@@YAMPAVCTVertexData@citk@@@Z 791ea060 f   citk_Volumes.obj
 0001:00009270       ?CalcVolume@@YAMPAVCTGeometry@citk@@@Z 791ea270 f   citk_Volumes.obj
 0001:000092c0       ?CalcVolume@@YAMPAVCTGroup@citk@@@Z 791ea2c0 f   citk_Volumes.obj
 0001:00009370       ?CalcVolume@@YAMPAVCTEntity@citk@@@Z 791ea370 f   citk_Volumes.obj
 0001:00009470       ?GetClassDesc_IVPleh@@YAPAVClassDesc@citk@@XZ 791ea470 f i citk_Volumes.obj
 0001:00009470       ?_CD@IVPleh@@SAPAVClassDesc@citk@@XZ 791ea470 f i citk_Volumes.obj
 0001:00009470       ?GetCD@IVPleh@@UBEPAVClassDesc@citk@@XZ 791ea470 f i citk_Volumes.obj
 0001:00009480       ??0IVPleh@@QAE@XZ          791ea480 f i citk_Volumes.obj
 0001:000094b0       ??_EIVPleh@@UAEPAXI@Z      791ea4b0 f i citk_Volumes.obj
 0001:00009570       ??1IVPleh@@UAE@XZ          791ea570 f   citk_Volumes.obj
 0001:000095d0       ?OnDelete@IVPleh@@UAEXPAVCTAggregated@citk@@@Z 791ea5d0 f   citk_Volumes.obj
 0001:00009610       ?Process@IVPleh@@UAEXAAUProcessInfo_t@citk@@@Z 791ea610 f   citk_Volumes.obj
 0001:00009780       ?SetEntity@IVPleh@@QAEXPAVCTEntity@citk@@@Z 791ea780 f   citk_Volumes.obj
 0001:000098a0       ?GetCD@IVTreeProcessor@@UBEPAVClassDesc@citk@@XZ 791ea8a0 f i citk_Volumes.obj
 0001:000098b0       ?OnNewSubtree@IVTreeProcessor@@UAEXPAVCTEntity@citk@@@Z 791ea8b0 f i citk_Volumes.obj
 0001:000098c0       ?Create@CD_IVPleh@@UAEPAXXZ 791ea8c0 f i citk_Volumes.obj
 0001:00009930       ?Create@CD_IVTreeProcessor@@UAEPAXXZ 791ea930 f i citk_Volumes.obj
 0001:00009b30       ??_EIVTreeProcessor@@UAEPAXI@Z 791eab30 f i * CIL library *:* CIL module *
 0001:00009b30       ??_GIVTreeProcessor@@UAEPAXI@Z 791eab30 f i citk_Volumes.obj
 0001:00009be0       ?Process@IVTreeProcessor@@UAEXAAUProcessInfo_t@citk@@@Z 791eabe0 f   citk_Volumes.obj
 0001:00009ce0       ?AddProcessPoint@IVTreeProcessor@@UAEXPAVCTEntity@citk@@@Z 791eace0 f   citk_Volumes.obj
 0001:0000a480       ?RemoveProcessPoint@IVTreeProcessor@@UAEXPAVCTEntity@citk@@@Z 791eb480 f   citk_Volumes.obj
 0001:0000a550       ?DoAddProperties@IVTreeProcessor@@MAEXXZ 791eb550 f   citk_Volumes.obj
 0001:0000a650       ??1?$DHashTable@VIVPleh@@K@citkTypes@@QAE@XZ 791eb650 f i citk_Volumes.obj
 0001:0000a660       ??1?$SafeArray@VCTGroup@citk@@@citk@@UAE@XZ 791eb660 f i citk_Volumes.obj
 0001:0000a700       ??0?$SafeArray@VCTGroup@citk@@@citk@@QAE@XZ 791eb700 f i citk_Volumes.obj
 0001:0000a730       ??_E?$SafeArray@VCTGroup@citk@@@citk@@UAEPAXI@Z 791eb730 f i * CIL library *:* CIL module *
 0001:0000a730       ??_G?$SafeArray@VCTGroup@citk@@@citk@@UAEPAXI@Z 791eb730 f i citk_Volumes.obj
 0001:0000a760       ?Add@?$ArrayVal@G$0A@@citkTypes@@QAEIABG@Z 791eb760 f i citk_Volumes.obj
 0001:0000a800       ?Iterate@?$DTreeClassIterator@VCTGeometry@citk@@@citk@@QAEHPAVCTEntity@2@@Z 791eb800 f i citk_Volumes.obj
 0001:0000a8d0       ?OnDelete@?$SafeArray@VCTGroup@citk@@@citk@@UAEXPAVCTAggregated@2@@Z 791eb8d0 f i citk_Volumes.obj
 0001:0000a8d0       ?OnDelete@?$SafeArray@VCTEntity@citk@@@citk@@UAEXPAVCTAggregated@2@@Z 791eb8d0 f i citk_Volumes.obj
 0001:0000a910       ??1?$SafeArray@VCTEntity@citk@@@citk@@UAE@XZ 791eb910 f i citk_Volumes.obj
 0001:0000a9b0       ??_G?$SafeArray@VCTEntity@citk@@@citk@@UAEPAXI@Z 791eb9b0 f i citk_Volumes.obj
 0001:0000a9b0       ??_E?$SafeArray@VCTEntity@citk@@@citk@@UAEPAXI@Z 791eb9b0 f i * CIL library *:* CIL module *
 0001:0000a9e0       ___local_stdio_printf_options 791eb9e0 f i citkTypes:citkt_String.obj
 0001:0000a9f0       __vsnprintf_l              791eb9f0 f i citkTypes:citkt_String.obj
 0001:0000aa30       ?Printf@String@citkTypes@@QAAHPBDZZ 791eba30 f   citkTypes:citkt_String.obj
 0001:0000aa60       ??_GDThread@citkTypes@@UAEPAXI@Z 791eba60 f i citkTypes:citkt_Thread_Win32.obj
 0001:0000aa60       ??_EDThread@citkTypes@@UAEPAXI@Z 791eba60 f i * CIL library *:* CIL module *
 0001:0000aa90       ?_ThreadProc@DThread@citkTypes@@CGIPAX@Z 791eba90 f   citkTypes:citkt_Thread_Win32.obj
 0001:0000aac0       ?ThreadProc@DThread@citkTypes@@MAEXPAX@Z 791ebac0 f   citkTypes:citkt_Thread_Win32.obj
 0001:0000aad0       ?utf8towcs@@YAIPA_WPBDI@Z  791ebad0 f   citkTypes:citkt_UTF8.obj
 0001:0000ac40       ?Create@DBitmap@citkTypes@@QAEXHHH@Z 791ebc40 f   citkTypes:citkt_Bitmap.obj
 0001:0000ace0       ?_Attach@DBitmap@citkTypes@@IAEXHHPATColor32@2@H@Z 791ebce0 f   citkTypes:citkt_Bitmap.obj
 0001:0000ad60       ?Create@DBitmap@citkTypes@@QAEXHHTColor32@2@@Z 791ebd60 f   citkTypes:citkt_Bitmap.obj
 0001:0000ada0       ?Fill@DBitmap@citkTypes@@QAEXABTColor32@2@@Z 791ebda0 f   citkTypes:citkt_Bitmap.obj
 0001:0000ae10       ?FillRect@DBitmap@citkTypes@@QAEXABV?$DRect@H@2@ABTColor32@2@@Z 791ebe10 f   citkTypes:citkt_Bitmap.obj
 0001:0000af20       ?_Grow@DHashTableHelper@citkTypes@@IAEXAAPAU_hashslot_t@12@@Z 791ebf20 f   citkTypes:citkt_HashTable.obj
 0001:0000b0b7       ?Create@ClassDesc@citk@@UAEPAXXZ 791ec0b7 f   citkcore:citkCore.dll
 0001:0000b0bd       ?Delete@ClassDesc@citk@@UAEXPAX@Z 791ec0bd f   citkcore:citkCore.dll
 0001:0000b0c3       ?Delete@CTBasic@citk@@UAEXXZ 791ec0c3 f   citkcore:citkCore.dll
 0001:0000b0c9       ?OnDelete@CTBasic@citk@@UAEXPAVCTAggregated@2@@Z 791ec0c9 f   citkcore:citkCore.dll
 0001:0000b0cf       ?QueryInterface@CTBasic@citk@@UAE_NKPAPAX@Z 791ec0cf f   citkcore:citkCore.dll
 0001:0000b0d5       ?GetSizeEstimate@CTBasic@citk@@UAEIXZ 791ec0d5 f   citkcore:citkCore.dll
 0001:0000b0db       ?Delete@CTAggregated@citk@@UAEXXZ 791ec0db f   citkcore:citkCore.dll
 0001:0000b0e1       ?OnDelete@CTAggregated@citk@@UAEXPAV12@@Z 791ec0e1 f   citkcore:citkCore.dll
 0001:0000b0e7       ?GetSizeEstimate@CTNamed@citk@@UAEIXZ 791ec0e7 f   citkcore:citkCore.dll
 0001:0000b0ed       ?Invalidate@CTStreamed@citk@@UAEXXZ 791ec0ed f   citkcore:citkCore.dll
 0001:0000b0f3       ?WriteToStream@CTNamed@citk@@UAEXPAVCTStream@2@K@Z 791ec0f3 f   citkcore:citkCore.dll
 0001:0000b0f9       ?WriteChunk@CTStreamed@citk@@UAEXPAVCTStream@2@K@Z 791ec0f9 f   citkcore:citkCore.dll
 0001:0000b0ff       ?ProcessChunk@CTNamed@citk@@UAE_NPAVCTStream@2@K@Z 791ec0ff f   citkcore:citkCore.dll
 0001:0000b105       ?RestoreFileData@CTStreamed@citk@@UAE_NXZ 791ec105 f   citkcore:citkCore.dll
 0001:0000b10b       ?CreateBrowseInfo@CTAggregated@citk@@UAEPAVCTBrowseInfo@2@PAV32@H@Z 791ec10b f   citkcore:citkCore.dll
 0001:0000b111       ?OnMessage@CTAggregated@citk@@UAEXHPBX@Z 791ec111 f   citkcore:citkCore.dll
 0001:0000b117       ?DoRegisterWithService@CTAggregated@citk@@MAE_NXZ 791ec117 f   citkcore:citkCore.dll
 0001:0000b11d       ?DoUnregisterWithService@CTAggregated@citk@@MAE_NXZ 791ec11d f   citkcore:citkCore.dll
 0001:0000b123       ?GetConfigName@CTInterface@citk@@UAE?AVString@citkTypes@@XZ 791ec123 f   citkcore:citkCore.dll
 0001:0000b129       ?ReadProperties@CTInterface@citk@@UAEXXZ 791ec129 f   citkcore:citkCore.dll
 0001:0000b12f       ?WriteProperties@CTInterface@citk@@UAEXXZ 791ec12f f   citkcore:citkCore.dll
 0001:0000b135       ?GetPropertyDescription@CTInterface@citk@@UAEPBDAAVDProperty@2@@Z 791ec135 f   citkcore:citkCore.dll
 0001:0000b13b       ?DoAddProperties@CTLogged@citk@@MAEXXZ 791ec13b f   citkcore:citkCore.dll
 0001:0000b141       ?OnPropertyChanged@CTInterface@citk@@MAEXAAVDProperty@2@@Z 791ec141 f   citkcore:citkCore.dll
 0001:0000b147       ?TranslateErrorCode@CTLogged@citk@@UAE?AVString@citkTypes@@J@Z 791ec147 f   citkcore:citkCore.dll
 0001:0000b14d       ?HandlesExtension@CTImportExport@citk@@UBE_NPBD@Z 791ec14d f   citkcore:citkCore.dll
 0001:0000b153       ?SetDefaults@CTBitmapImport@citk@@MAEXXZ 791ec153 f   citkcore:citkCore.dll
 0001:0000b159       ?ImportFromStream@CTImport@citk@@UAE_NPAVCTStream@2@@Z 791ec159 f   citkcore:citkCore.dll
 0001:0000b15f       ?DoEnable@CTController@citk@@MAE_NXZ 791ec15f f   citkcore:citkCore.dll
 0001:0000b165       ?DoDisable@CTController@citk@@MAEXXZ 791ec165 f   citkcore:citkCore.dll
 0001:0000b16b       ?GetCD@CTBasicPtr@citk@@UBEPAVClassDesc@2@XZ 791ec16b f   citkcore:citkCore.dll
 0001:0000b171       ?RemoveData@CTTexture@citk@@UAE_NXZ 791ec171 f   citkcore:citkCore.dll
 0001:0000b177       ?GetCD@CTTexture@citk@@UBEPAVClassDesc@2@XZ 791ec177 f   citkcore:citkCore.dll
 0001:0000b17d       ?GetSizeEstimate@CTTexture@citk@@UAEIXZ 791ec17d f   citkcore:citkCore.dll
 0001:0000b183       ?Invalidate@CTCached@citk@@UAEXXZ 791ec183 f   citkcore:citkCore.dll
 0001:0000b189       ?WriteToStream@CTTexture@citk@@UAEXPAVCTStream@2@K@Z 791ec189 f   citkcore:citkCore.dll
 0001:0000b18f       ?ProcessChunk@CTTexture@citk@@UAE_NPAVCTStream@2@K@Z 791ec18f f   citkcore:citkCore.dll
 0001:0000b195       ?DoRegisterWithService@CTTexture@citk@@MAE_NXZ 791ec195 f   citkcore:citkCore.dll
 0001:0000b19b       ?DoUnregisterWithService@CTTexture@citk@@MAE_NXZ 791ec19b f   citkcore:citkCore.dll
 0001:0000b1a1       ?DoAddProperties@CTTexture@citk@@MAEXXZ 791ec1a1 f   citkcore:citkCore.dll
 0001:0000b1a7       ?OnPropertyChanged@CTTexture@citk@@UAEXAAVDProperty@2@@Z 791ec1a7 f   citkcore:citkCore.dll
 0001:0000b1ad       ?DoCache@CTTexture@citk@@MAE_NXZ 791ec1ad f   citkcore:citkCore.dll
 0001:0000b1b3       ?DoFlush@CTTexture@citk@@MAEXXZ 791ec1b3 f   citkcore:citkCore.dll
 0001:0000b1b9       ?Load@CTTexture@citk@@UAE_NPBD@Z 791ec1b9 f   citkcore:citkCore.dll
 0001:0000b1bf       ?GetData@CTTexture@citk@@UAEPAVDBitmap@citkTypes@@XZ 791ec1bf f   citkcore:citkCore.dll
 0001:0000b1c5       ?Process@CTGeometry@citk@@UAEXAAUProcessInfo_t@2@@Z 791ec1c5 f   citkcore:citkCore.dll
 0001:0000b1cb       ?ProcessChunk@CTVertexData@citk@@UAE_NPAVCTStream@2@K@Z 791ec1cb f   citkcore:citkCore.dll
 0001:0000b1d1       ?WriteToStream@CTVertexData@citk@@UAEXPAVCTStream@2@K@Z 791ec1d1 f   citkcore:citkCore.dll
 0001:0000b1d7       ?GetSizeEstimate@CTVertexData@citk@@UAEIXZ 791ec1d7 f   citkcore:citkCore.dll
 0001:0000b1dd       ?GetCD@CTVertexData@citk@@UBEPAVClassDesc@2@XZ 791ec1dd f   citkcore:citkCore.dll
 0001:0000b1e3       ?GetCD@CTRenderState@citk@@UBEPAVClassDesc@2@XZ 791ec1e3 f   citkcore:citkCore.dll
 0001:0000b1e9       ?WriteToStream@CTRenderState@citk@@UAEXPAVCTStream@2@K@Z 791ec1e9 f   citkcore:citkCore.dll
 0001:0000b1ef       ?ProcessChunk@CTRenderState@citk@@UAE_NPAVCTStream@2@K@Z 791ec1ef f   citkcore:citkCore.dll
 0001:0000b1f5       ?DoRegisterWithService@CTRenderState@citk@@MAE_NXZ 791ec1f5 f   citkcore:citkCore.dll
 0001:0000b1fb       ?DoUnregisterWithService@CTRenderState@citk@@MAE_NXZ 791ec1fb f   citkcore:citkCore.dll
 0001:0000b201       ?DoAddProperties@CTInterface@citk@@MAEXXZ 791ec201 f   citkcore:citkCore.dll
 0001:0000b207       ?GetCD@CTRenderFlagsProperty@citk@@UBEPAVClassDesc@2@XZ 791ec207 f   citkcore:citkCore.dll
 0001:0000b20d       ?WriteToStream@CTRenderFlagsProperty@citk@@UAEXPAVCTStream@2@K@Z 791ec20d f   citkcore:citkCore.dll
 0001:0000b213       ?ProcessChunk@CTRenderFlagsProperty@citk@@UAE_NPAVCTStream@2@K@Z 791ec213 f   citkcore:citkCore.dll
 0001:0000b219       ?Clone@CTRenderFlagsProperty@citk@@UBEPAVCTRenderProperty@2@XZ 791ec219 f   citkcore:citkCore.dll
 0001:0000b21f       ?_Combine@CTRenderFlagsProperty@citk@@UAE_NPBVCTRenderProperty@2@@Z 791ec21f f   citkcore:citkCore.dll
 0001:0000b225       ?_Compare@CTRenderFlagsProperty@citk@@UBE_NPBVCTRenderProperty@2@@Z 791ec225 f   citkcore:citkCore.dll
 0001:0000b22b       ?GetCD@CTAlphaProperty@citk@@UBEPAVClassDesc@2@XZ 791ec22b f   citkcore:citkCore.dll
 0001:0000b231       ?WriteToStream@CTAlphaProperty@citk@@UAEXPAVCTStream@2@K@Z 791ec231 f   citkcore:citkCore.dll
 0001:0000b237       ?ProcessChunk@CTAlphaProperty@citk@@UAE_NPAVCTStream@2@K@Z 791ec237 f   citkcore:citkCore.dll
 0001:0000b23d       ?Clone@CTAlphaProperty@citk@@UBEPAVCTRenderProperty@2@XZ 791ec23d f   citkcore:citkCore.dll
 0001:0000b243       ?_Combine@CTRenderProperty@citk@@UAE_NPBV12@@Z 791ec243 f   citkcore:citkCore.dll
 0001:0000b249       ?_Compare@CTAlphaProperty@citk@@UBE_NPBVCTRenderProperty@2@@Z 791ec249 f   citkcore:citkCore.dll
 0001:0000b24f       ?GetSizeEstimate@CTEntity@citk@@UAEIXZ 791ec24f f   citkcore:citkCore.dll
 0001:0000b255       ?WriteToStream@CTGeometry@citk@@UAEXPAVCTStream@2@K@Z 791ec255 f   citkcore:citkCore.dll
 0001:0000b25b       ?ProcessChunk@CTGeometry@citk@@UAE_NPAVCTStream@2@K@Z 791ec25b f   citkcore:citkCore.dll
 0001:0000b261       ?OnMessage@CTEntity@citk@@UAEXHPBX@Z 791ec261 f   citkcore:citkCore.dll
 0001:0000b267       ?DoAddProperties@CTEntity@citk@@MAEXXZ 791ec267 f   citkcore:citkCore.dll
 0001:0000b26d       ?CheckWithRay@CTGeometry@citk@@UAE_NAAVDTreePicker@2@ABVLine3@citkTypes@@@Z 791ec26d f   citkcore:citkCore.dll
 0001:0000b273       ?UpdateRoot@CTEntity@citk@@UAEXXZ 791ec273 f   citkcore:citkCore.dll
 0001:0000b279       ?FindParent@CTEntity@citk@@UAEPAVCTGroup@2@QAV32@@Z 791ec279 f   citkcore:citkCore.dll
 0001:0000b27f       ?FindParentByName@CTEntity@citk@@UAEPAVCTGroup@2@PBD@Z 791ec27f f   citkcore:citkCore.dll
 0001:0000b285       ?FindChildByName@CTEntity@citk@@UAEPAV12@PBD@Z 791ec285 f   citkcore:citkCore.dll
 0001:0000b28b       ?FindChildByNameIC@CTEntity@citk@@UAEPAV12@PBD@Z 791ec28b f   citkcore:citkCore.dll
 0001:0000b291       ?FindChild@CTEntity@citk@@UAEPAV12@QAV12@@Z 791ec291 f   citkcore:citkCore.dll
 0001:0000b297       ?OnRemoveFromWorld@CTEntity@citk@@UAEXXZ 791ec297 f   citkcore:citkCore.dll
 0001:0000b29d       ?OnParentChanged@CTEntity@citk@@UAEXXZ 791ec29d f   citkcore:citkCore.dll
 0001:0000b2a3       ?MakeOtherTwin@CTEntity@citk@@UBEXPAV12@@Z 791ec2a3 f   citkcore:citkCore.dll
 0001:0000b2a9       ?MakeTwin@CTEntity@citk@@UAEXPBV12@@Z 791ec2a9 f   citkcore:citkCore.dll
 0001:0000b2af       ?OnCollision@CTEntity@citk@@UAEXPAV12@PAVVector3@citkTypes@@1@Z 791ec2af f   citkcore:citkCore.dll
 0001:0000b2b5       ?UpdateTreeWorldSpace@CTEntity@citk@@UAEXXZ 791ec2b5 f   citkcore:citkCore.dll
 0001:0000b2bb       ?Illuminate@CTGeometry@citk@@UAE_NPAPAVCTLight@2@H@Z 791ec2bb f   citkcore:citkCore.dll
 0001:0000b2c1       ?GetCD@CTMaterialProperty@citk@@UBEPAVClassDesc@2@XZ 791ec2c1 f   citkcore:citkCore.dll
 0001:0000b2c7       ?WriteToStream@CTMaterialProperty@citk@@UAEXPAVCTStream@2@K@Z 791ec2c7 f   citkcore:citkCore.dll
 0001:0000b2cd       ?ProcessChunk@CTMaterialProperty@citk@@UAE_NPAVCTStream@2@K@Z 791ec2cd f   citkcore:citkCore.dll
 0001:0000b2d3       ?Clone@CTMaterialProperty@citk@@UBEPAVCTRenderProperty@2@XZ 791ec2d3 f   citkcore:citkCore.dll
 0001:0000b2d9       ?_Combine@CTMaterialProperty@citk@@UAE_NPBVCTRenderProperty@2@@Z 791ec2d9 f   citkcore:citkCore.dll
 0001:0000b2df       ?_Compare@CTMaterialProperty@citk@@UBE_NPBVCTRenderProperty@2@@Z 791ec2df f   citkcore:citkCore.dll
 0001:0000b2e5       ?WriteToStream@CTExtraData@citk@@UAEXPAVCTStream@2@K@Z 791ec2e5 f   citkcore:citkCore.dll
 0001:0000b2eb       ?ProcessChunk@CTExtraData@citk@@UAE_NPAVCTStream@2@K@Z 791ec2eb f   citkcore:citkCore.dll
 0001:0000b2f1       ?GetCD@CTGeometry@citk@@UBEPAVClassDesc@2@XZ 791ec2f1 f   citkcore:citkCore.dll
 0001:0000b2f7       ?Copy@CTGeometry@citk@@UBEPAVCTEntity@2@XZ 791ec2f7 f   citkcore:citkCore.dll
 0001:0000b2fd       ?UpdateBoundingVolume@CTGeometry@citk@@UAEPAVCTShape@2@W4kind_t@CTProcess@2@@Z 791ec2fd f   citkcore:citkCore.dll
 0001:0000b303       ?GetCD@CTWireFrameProperty@citk@@UBEPAVClassDesc@2@XZ 791ec303 f   citkcore:citkCore.dll
 0001:0000b309       ?WriteToStream@CTWireFrameProperty@citk@@UAEXPAVCTStream@2@K@Z 791ec309 f   citkcore:citkCore.dll
 0001:0000b30f       ?ProcessChunk@CTWireFrameProperty@citk@@UAE_NPAVCTStream@2@K@Z 791ec30f f   citkcore:citkCore.dll
 0001:0000b315       ?Clone@CTWireFrameProperty@citk@@UBEPAVCTRenderProperty@2@XZ 791ec315 f   citkcore:citkCore.dll
 0001:0000b31b       ?_Combine@CTWireFrameProperty@citk@@UAE_NPBVCTRenderProperty@2@@Z 791ec31b f   citkcore:citkCore.dll
 0001:0000b321       ?_Compare@CTWireFrameProperty@citk@@UBE_NPBVCTRenderProperty@2@@Z 791ec321 f   citkcore:citkCore.dll
 0001:0000b327       ?GetSizeEstimate@CTAggregated@citk@@UAEIXZ 791ec327 f   citkcore:citkCore.dll
 0001:0000b32d       ?WriteToStream@CTStreamed@citk@@UAEXPAVCTStream@2@K@Z 791ec32d f   citkcore:citkCore.dll
 0001:0000b333       ?ProcessChunk@CTStreamed@citk@@UAE_NPAVCTStream@2@K@Z 791ec333 f   citkcore:citkCore.dll
 0001:0000b339       ?Process@CT3DText@citk@@UAEXAAUProcessInfo_t@2@@Z 791ec339 f   citkcore:citkCore.dll
 0001:0000b33f       ?GetCD@CT3DText@citk@@UBEPAVClassDesc@2@XZ 791ec33f f   citkcore:citkCore.dll
 0001:0000b345       ?WriteToStream@CTMultiMtlGeometry@citk@@UAEXPAVCTStream@2@K@Z 791ec345 f   citkcore:citkCore.dll
 0001:0000b34b       ?ProcessChunk@CTMultiMtlGeometry@citk@@UAE_NPAVCTStream@2@K@Z 791ec34b f   citkcore:citkCore.dll
 0001:0000b351       ?Copy@CT3DText@citk@@UBEPAVCTEntity@2@XZ 791ec351 f   citkcore:citkCore.dll
 0001:0000b357       ?Illuminate@CTMultiMtlGeometry@citk@@UAE_NPAPAVCTLight@2@H@Z 791ec357 f   citkcore:citkCore.dll
 0001:0000b35d       ?WriteToStream@CTProcess@citk@@UAEXPAVCTStream@2@K@Z 791ec35d f   citkcore:citkCore.dll
 0001:0000b363       ?ProcessChunk@CTProcess@citk@@UAE_NPAVCTStream@2@K@Z 791ec363 f   citkcore:citkCore.dll
 0001:0000b369       ?DoAddProperties@CTProcess@citk@@MAEXXZ 791ec369 f   citkcore:citkCore.dll
 0001:0000b36f       ?GetCD@CTGroup@citk@@UBEPAVClassDesc@2@XZ 791ec36f f   citkcore:citkCore.dll
 0001:0000b375       ?GetSizeEstimate@CTGroup@citk@@UAEIXZ 791ec375 f   citkcore:citkCore.dll
 0001:0000b37b       ?WriteToStream@CTGroup@citk@@UAEXPAVCTStream@2@K@Z 791ec37b f   citkcore:citkCore.dll
 0001:0000b381       ?ProcessChunk@CTGroup@citk@@UAE_NPAVCTStream@2@K@Z 791ec381 f   citkcore:citkCore.dll
 0001:0000b387       ?Process@CTGroup@citk@@UAEXAAUProcessInfo_t@2@@Z 791ec387 f   citkcore:citkCore.dll
 0001:0000b38d       ?Copy@CTGroup@citk@@UBEPAVCTEntity@2@XZ 791ec38d f   citkcore:citkCore.dll
 0001:0000b393       ?UpdateBoundingVolume@CTGroup@citk@@UAEPAVCTShape@2@W4kind_t@CTProcess@2@@Z 791ec393 f   citkcore:citkCore.dll
 0001:0000b399       ?CheckWithRay@CTGroup@citk@@UAE_NAAVDTreePicker@2@ABVLine3@citkTypes@@@Z 791ec399 f   citkcore:citkCore.dll
 0001:0000b39f       ?UpdateRoot@CTGroup@citk@@UAEXXZ 791ec39f f   citkcore:citkCore.dll
 0001:0000b3a5       ?FindParent@CTGroup@citk@@UAEPAV12@QAV12@@Z 791ec3a5 f   citkcore:citkCore.dll
 0001:0000b3ab       ?FindParentByName@CTGroup@citk@@UAEPAV12@PBD@Z 791ec3ab f   citkcore:citkCore.dll
 0001:0000b3b1       ?FindChildByName@CTGroup@citk@@UAEPAVCTEntity@2@PBD@Z 791ec3b1 f   citkcore:citkCore.dll
 0001:0000b3b7       ?FindChildByNameIC@CTGroup@citk@@UAEPAVCTEntity@2@PBD@Z 791ec3b7 f   citkcore:citkCore.dll
 0001:0000b3bd       ?FindChild@CTGroup@citk@@UAEPAVCTEntity@2@QAV32@@Z 791ec3bd f   citkcore:citkCore.dll
 0001:0000b3c3       ?UpdateTreeWorldSpace@CTGroup@citk@@UAEXXZ 791ec3c3 f   citkcore:citkCore.dll
 0001:0000b3c9       ?GetCD@CTLight@citk@@UBEPAVClassDesc@2@XZ 791ec3c9 f   citkcore:citkCore.dll
 0001:0000b3cf       ?WriteToStream@CTLight@citk@@UAEXPAVCTStream@2@K@Z 791ec3cf f   citkcore:citkCore.dll
 0001:0000b3d5       ?ProcessChunk@CTLight@citk@@UAE_NPAVCTStream@2@K@Z 791ec3d5 f   citkcore:citkCore.dll
 0001:0000b3db       ?DoAddProperties@CTLight@citk@@MAEXXZ 791ec3db f   citkcore:citkCore.dll
 0001:0000b3e1       ?Process@CTLight@citk@@UAEXAAUProcessInfo_t@2@@Z 791ec3e1 f   citkcore:citkCore.dll
 0001:0000b3e7       ?Copy@CTLight@citk@@UBEPAVCTEntity@2@XZ 791ec3e7 f   citkcore:citkCore.dll
 0001:0000b3ed       ?UpdateBoundingVolume@CTLight@citk@@UAEPAVCTShape@2@W4kind_t@CTProcess@2@@Z 791ec3ed f   citkcore:citkCore.dll
 0001:0000b3f3       ?CheckWithRay@CTEntity@citk@@UAE_NAAVDTreePicker@2@ABVLine3@citkTypes@@@Z 791ec3f3 f   citkcore:citkCore.dll
 0001:0000b3f9       ?GetCD@CTCamera@citk@@UBEPAVClassDesc@2@XZ 791ec3f9 f   citkcore:citkCore.dll
 0001:0000b3ff       ?WriteToStream@CTCamera@citk@@UAEXPAVCTStream@2@K@Z 791ec3ff f   citkcore:citkCore.dll
 0001:0000b405       ?ProcessChunk@CTCamera@citk@@UAE_NPAVCTStream@2@K@Z 791ec405 f   citkcore:citkCore.dll
 0001:0000b40b       ?DoAddProperties@CTCamera@citk@@MAEXXZ 791ec40b f   citkcore:citkCore.dll
 0001:0000b411       ?Process@CTEntity@citk@@UAEXAAUProcessInfo_t@2@@Z 791ec411 f   citkcore:citkCore.dll
 0001:0000b417       ?Copy@CTCamera@citk@@UBEPAVCTEntity@2@XZ 791ec417 f   citkcore:citkCore.dll
 0001:0000b41d       ?UpdateBoundingVolume@CTEntity@citk@@UAEPAVCTShape@2@W4kind_t@CTProcess@2@@Z 791ec41d f   citkcore:citkCore.dll
 0001:0000b423       ?GetCD@CTMotionController@citk@@UBEPAVClassDesc@2@XZ 791ec423 f   citkcore:citkCore.dll
 0001:0000b429       ?WriteToStream@CTMotionController@citk@@UAEXPAVCTStream@2@K@Z 791ec429 f   citkcore:citkCore.dll
 0001:0000b42f       ?ProcessChunk@CTMotionController@citk@@UAE_NPAVCTStream@2@K@Z 791ec42f f   citkcore:citkCore.dll
 0001:0000b435       ?DoAddProperties@CTMotionController@citk@@MAEXXZ 791ec435 f   citkcore:citkCore.dll
 0001:0000b43b       ?Reset@CTController@citk@@UAEXXZ 791ec43b f   citkcore:citkCore.dll
 0001:0000b441       ?DoEnable@CTMotionController@citk@@MAE_NXZ 791ec441 f   citkcore:citkCore.dll
 0001:0000b447       ?DoDisable@CTMotionController@citk@@MAEXXZ 791ec447 f   citkcore:citkCore.dll
 0001:0000b44d       ?GetMotionInfoSource@CTMotionController@citk@@UAEPAUMotionInfo_t@2@XZ 791ec44d f   citkcore:citkCore.dll
 0001:0000b453       ?OnCollision@CTEntityController@citk@@UAEXPAVCTEntity@2@PAVVector3@citkTypes@@1@Z 791ec453 f   citkcore:citkCore.dll
 0001:0000b459       ?Copy@CTMotionController@citk@@UBEPAVCTEntityController@2@XZ 791ec459 f   citkcore:citkCore.dll
 0001:0000b45f       ?GetCD@CTTextureProperty@citk@@UBEPAVClassDesc@2@XZ 791ec45f f   citkcore:citkCore.dll
 0001:0000b465       ?WriteToStream@CTTextureProperty@citk@@UAEXPAVCTStream@2@K@Z 791ec465 f   citkcore:citkCore.dll
 0001:0000b46b       ?ProcessChunk@CTTextureProperty@citk@@UAE_NPAVCTStream@2@K@Z 791ec46b f   citkcore:citkCore.dll
 0001:0000b471       ?Clone@CTTextureProperty@citk@@UBEPAVCTRenderProperty@2@XZ 791ec471 f   citkcore:citkCore.dll
 0001:0000b477       ?_Combine@CTTextureProperty@citk@@UAE_NPBVCTRenderProperty@2@@Z 791ec477 f   citkcore:citkCore.dll
 0001:0000b47d       ?_Compare@CTTextureProperty@citk@@UBE_NPBVCTRenderProperty@2@@Z 791ec47d f   citkcore:citkCore.dll
 0001:0000b483       ?GetCD@CTBasic@citk@@UBEPAVClassDesc@2@XZ 791ec483 f   citkcore:citkCore.dll
 0001:0000b489       ?WriteToStream@CTEntity@citk@@UAEXPAVCTStream@2@K@Z 791ec489 f   citkcore:citkCore.dll
 0001:0000b48f       ?ProcessChunk@CTEntity@citk@@UAE_NPAVCTStream@2@K@Z 791ec48f f   citkcore:citkCore.dll
 0001:0000b495       ?Copy@CTEntity@citk@@UBEPAV12@XZ 791ec495 f   citkcore:citkCore.dll
 0001:0000b4df       ___scrt_acquire_startup_lock 791ec4df f   MSVCRT:utility.obj
 0001:0000b514       ___scrt_dllmain_after_initialize_c 791ec514 f   MSVCRT:utility.obj
 0001:0000b53f       ___scrt_dllmain_before_initialize_c 791ec53f f   MSVCRT:utility.obj
 0001:0000b54d       ___scrt_dllmain_crt_thread_attach 791ec54d f   MSVCRT:utility.obj
 0001:0000b56c       ___scrt_dllmain_crt_thread_detach 791ec56c f   MSVCRT:utility.obj
 0001:0000b579       ___scrt_dllmain_exception_filter 791ec579 f   MSVCRT:utility.obj
 0001:0000b5ac       ___scrt_dllmain_uninitialize_c 791ec5ac f   MSVCRT:utility.obj
 0001:0000b5cf       ___scrt_dllmain_uninitialize_critical 791ec5cf f   MSVCRT:utility.obj
 0001:0000b5dc       ___scrt_initialize_crt     791ec5dc f   MSVCRT:utility.obj
 0001:0000b615       ___scrt_initialize_onexit_tables 791ec615 f   MSVCRT:utility.obj
 0001:0000b6bf       ___scrt_is_nonwritable_in_current_image 791ec6bf f   MSVCRT:utility.obj
 0001:0000b749       ___scrt_release_startup_lock 791ec749 f   MSVCRT:utility.obj
 0001:0000b766       ___scrt_uninitialize_crt   791ec766 f   MSVCRT:utility.obj
 0001:0000b78e       __onexit                   791ec78e f   MSVCRT:utility.obj
 0001:0000b7c9       _atexit                    791ec7c9 f   MSVCRT:utility.obj
 0001:0000b7de       ??3@YAXPAXI@Z              791ec7de f   MSVCRT:delete_scalar_size.obj
 0001:0000b7ec       ??_Etype_info@@UAEPAXI@Z   791ec7ec f i MSVCRT:std_type_info_static.obj
 0001:0000b7ec       ??_Gtype_info@@UAEPAXI@Z   791ec7ec f i MSVCRT:std_type_info_static.obj
 0001:0000b80f       ??2@YAPAXI@Z               791ec80f f   MSVCRT:new_scalar.obj
 0001:0000b83f       ??_V@YAXPAX@Z              791ec83f f   MSVCRT:delete_array.obj
 0001:0000b844       ??_U@YAPAXI@Z              791ec844 f   MSVCRT:new_array.obj
 0001:0000b84d       ??_M@YGXPAXIIP6EX0@Z@Z     791ec84d f   MSVCRT:ehvecdtr.obj
 0001:0000b8c7       ?__ArrayUnwind@@YGXPAXIIP6EX0@Z@Z 791ec8c7 f   MSVCRT:ehvecdtr.obj
 0001:0000b935       ??_V@YAXPAXI@Z             791ec935 f   MSVCRT:delete_array_size.obj
 0001:0000ba56       __Init_thread_footer       791eca56 f   MSVCRT:thread_safe_statics.obj
 0001:0000baa0       __Init_thread_header       791ecaa0 f   MSVCRT:thread_safe_statics.obj
 0001:0000baf2       __Init_thread_notify       791ecaf2 f   MSVCRT:thread_safe_statics.obj
 0001:0000bb33       __Init_thread_wait         791ecb33 f   MSVCRT:thread_safe_statics.obj
 0001:0000bba0       ??_L@YGXPAXIIP6EX0@Z1@Z    791ecba0 f   MSVCRT:ehvecctr.obj
 0001:0000bf16       __DllMainCRTStartup@12     791ecf16 f   MSVCRT:dll_dllmain.obj
 0001:0000bf39       ___isa_available_init      791ecf39 f   MSVCRT:_cpu_disp_.obj
 0001:0000c0d2       __get_startup_argv_mode    791ed0d2 f   MSVCRT:argv_mode.obj
 0001:0000c0d6       ___scrt_is_ucrt_dll_in_use 791ed0d6 f   MSVCRT:ucrt_detection.obj
 0001:0000c0e2       ___scrt_fastfail           791ed0e2 f   MSVCRT:utility_desktop.obj
 0001:0000c1fe       __crt_debugger_hook        791ed1fe f   MSVCRT:utility_desktop.obj
 0001:0000c206       @_guard_check_icall@4      791ed206 f i MSVCRT:checkcfg.obj
 0001:0000c210       __SEH_prolog4              791ed210 f   MSVCRT:_sehprolg4_.obj
 0001:0000c256       __SEH_epilog4              791ed256 f   MSVCRT:_sehprolg4_.obj
 0001:0000c26b       __except_handler4          791ed26b f   MSVCRT:_chandler4gs_.obj
 0001:0000c28e       ??3@YAXPAX@Z               791ed28e f   MSVCRT:delete_scalar.obj
 0001:0000c293       ??0bad_alloc@std@@QAE@ABV01@@Z 791ed293 f i MSVCRT:throw_bad_alloc.obj
 0001:0000c2ae       ??0bad_alloc@std@@QAE@XZ   791ed2ae f i MSVCRT:throw_bad_alloc.obj
 0001:0000c2c6       ??0bad_array_new_length@std@@QAE@ABV01@@Z 791ed2c6 f i MSVCRT:throw_bad_alloc.obj
 0001:0000c2e1       ??0bad_array_new_length@std@@QAE@XZ 791ed2e1 f i MSVCRT:throw_bad_alloc.obj
 0001:0000c2f9       ??0exception@std@@QAE@ABV01@@Z 791ed2f9 f i MSVCRT:throw_bad_alloc.obj
 0001:0000c325       ??1bad_alloc@std@@UAE@XZ   791ed325 f i MSVCRT:throw_bad_alloc.obj
 0001:0000c325       ??1bad_array_new_length@std@@UAE@XZ 791ed325 f i MSVCRT:throw_bad_alloc.obj
 0001:0000c336       ??_Gbad_alloc@std@@UAEPAXI@Z 791ed336 f i MSVCRT:throw_bad_alloc.obj
 0001:0000c336       ??_Gexception@std@@UAEPAXI@Z 791ed336 f i MSVCRT:throw_bad_alloc.obj
 0001:0000c336       ??_Ebad_alloc@std@@UAEPAXI@Z 791ed336 f i MSVCRT:throw_bad_alloc.obj
 0001:0000c336       ??_Ebad_array_new_length@std@@UAEPAXI@Z 791ed336 f i MSVCRT:throw_bad_alloc.obj
 0001:0000c336       ??_Eexception@std@@UAEPAXI@Z 791ed336 f i MSVCRT:throw_bad_alloc.obj
 0001:0000c336       ??_Gbad_array_new_length@std@@UAEPAXI@Z 791ed336 f i MSVCRT:throw_bad_alloc.obj
 0001:0000c363       ?__scrt_throw_std_bad_alloc@@YAXXZ 791ed363 f   MSVCRT:throw_bad_alloc.obj
 0001:0000c380       ?__scrt_throw_std_bad_array_new_length@@YAXXZ 791ed380 f   MSVCRT:throw_bad_alloc.obj
 0001:0000c39d       ?what@exception@std@@UBEPBDXZ 791ed39d f i MSVCRT:throw_bad_alloc.obj
 0001:0000c3f9       ___security_init_cookie    791ed3f9 f   MSVCRT:gs_support.obj
 0001:0000c444       ?__scrt_initialize_type_info@@YAXXZ 791ed444 f   MSVCRT:tncleanup.obj
 0001:0000c450       ?__scrt_uninitialize_type_info@@YAXXZ 791ed450 f   MSVCRT:tncleanup.obj
 0001:0000c45c       ___scrt_initialize_default_local_stdio_options 791ed45c f   MSVCRT:default_local_stdio_options.obj
 0001:0000c479       ___scrt_get_dyn_tls_init_callback 791ed479 f   MSVCRT:dyn_tls_init.obj
 0001:0000c47f       __RTC_Initialize           791ed47f f   MSVCRT:_initsect_.obj
 0001:0000c4aa       __RTC_Terminate            791ed4aa f   MSVCRT:_initsect_.obj
 0001:0000c4d5       @_guard_check_icall_nop@4  791ed4d5 f i MSVCRT:guard_support.obj
 0001:0000c4d6       @__security_check_cookie@4 791ed4d6 f   MSVCRT:_secchk_.obj
 0001:0000c4e7       ___raise_securityfailure   791ed4e7 f   MSVCRT:gs_report.obj
 0001:0000c50f       ___report_gsfailure        791ed50f f   MSVCRT:gs_report.obj
 0001:0000c60a       ___CxxFrameHandler3        791ed60a f   vcruntime:VCRUNTIME140.dll
 0001:0000c610       ___std_terminate           791ed610 f   vcruntime:VCRUNTIME140.dll
 0001:0000c616       ___vcrt_InitializeCriticalSectionEx 791ed616 f   vcruntime:VCRUNTIME140.dll
 0001:0000c61c       _memset                    791ed61c f   vcruntime:VCRUNTIME140.dll
 0001:0000c622       __except_handler4_common   791ed622 f   vcruntime:VCRUNTIME140.dll
 0001:0000c628       ___std_exception_copy      791ed628 f   vcruntime:VCRUNTIME140.dll
 0001:0000c62e       ___std_exception_destroy   791ed62e f   vcruntime:VCRUNTIME140.dll
 0001:0000c634       __CxxThrowException@8      791ed634 f   vcruntime:VCRUNTIME140.dll
 0001:0000c63a       ___std_type_info_destroy_list 791ed63a f   vcruntime:VCRUNTIME140.dll
 0001:0000c640       _free                      791ed640 f   ucrt:api-ms-win-crt-heap-l1-1-0.dll
 0001:0000c646       _malloc                    791ed646 f   ucrt:api-ms-win-crt-heap-l1-1-0.dll
 0001:0000c64c       __seh_filter_dll           791ed64c f   ucrt:api-ms-win-crt-runtime-l1-1-0.dll
 0001:0000c652       __configure_narrow_argv    791ed652 f   ucrt:api-ms-win-crt-runtime-l1-1-0.dll
 0001:0000c658       __initialize_narrow_environment 791ed658 f   ucrt:api-ms-win-crt-runtime-l1-1-0.dll
 0001:0000c65e       __initialize_onexit_table  791ed65e f   ucrt:api-ms-win-crt-runtime-l1-1-0.dll
 0001:0000c664       __register_onexit_function 791ed664 f   ucrt:api-ms-win-crt-runtime-l1-1-0.dll
 0001:0000c66a       __execute_onexit_table     791ed66a f   ucrt:api-ms-win-crt-runtime-l1-1-0.dll
 0001:0000c670       __crt_atexit               791ed670 f   ucrt:api-ms-win-crt-runtime-l1-1-0.dll
 0001:0000c676       __cexit                    791ed676 f   ucrt:api-ms-win-crt-runtime-l1-1-0.dll
 0001:0000c67c       __callnewh                 791ed67c f   ucrt:api-ms-win-crt-heap-l1-1-0.dll
 0001:0000c682       _terminate                 791ed682 f   ucrt:api-ms-win-crt-runtime-l1-1-0.dll
 0001:0000c688       __initterm                 791ed688 f   ucrt:api-ms-win-crt-runtime-l1-1-0.dll
 0001:0000c68e       __initterm_e               791ed68e f   ucrt:api-ms-win-crt-runtime-l1-1-0.dll
 0001:0000c694       _IsProcessorFeaturePresent@4 791ed694 f   kernel32:KERNEL32.dll
 0001:0000c69a       ___acrt_thread_attach      791ed69a f   MSVCRT:ucrt_stubs.obj
 0001:0000c69a       ___scrt_stub_for_acrt_thread_detach 791ed69a f   MSVCRT:ucrt_stubs.obj
 0001:0000c69a       ___vcrt_initialize         791ed69a f   MSVCRT:ucrt_stubs.obj
 0001:0000c69a       ___vcrt_uninitialize       791ed69a f   MSVCRT:ucrt_stubs.obj
 0001:0000c69a       ___scrt_stub_for_acrt_initialize 791ed69a f   MSVCRT:ucrt_stubs.obj
 0001:0000c69a       ___acrt_thread_detach      791ed69a f   MSVCRT:ucrt_stubs.obj
 0001:0000c69a       ___acrt_uninitialize       791ed69a f   MSVCRT:ucrt_stubs.obj
 0001:0000c69a       ___vcrt_thread_detach      791ed69a f   MSVCRT:ucrt_stubs.obj
 0001:0000c69a       ___vcrt_thread_attach      791ed69a f   MSVCRT:ucrt_stubs.obj
 0001:0000c69a       ___acrt_uninitialize_critical 791ed69a f   MSVCRT:ucrt_stubs.obj
 0001:0000c69a       ___vcrt_uninitialize_critical 791ed69a f   MSVCRT:ucrt_stubs.obj
 0001:0000c69a       ___scrt_stub_for_acrt_uninitialize 791ed69a f   MSVCRT:ucrt_stubs.obj
 0001:0000c69a       ___scrt_stub_for_acrt_thread_attach 791ed69a f   MSVCRT:ucrt_stubs.obj
 0001:0000c69a       ___acrt_initialize         791ed69a f   MSVCRT:ucrt_stubs.obj
 0001:0000c69a       ___scrt_stub_for_acrt_uninitialize_critical 791ed69a f   MSVCRT:ucrt_stubs.obj
 0001:0000c69d       ___scrt_stub_for_is_c_termination_complete 791ed69d f   MSVCRT:ucrt_stubs.obj
 0001:0000c69d       __is_c_termination_complete 791ed69d f   MSVCRT:ucrt_stubs.obj
 0001:0000c6a0       __alloca_probe_16          791ed6a0 f   MSVCRT:alloca16.obj
 0001:0000c6b6       __alloca_probe_8           791ed6b6     MSVCRT:alloca16.obj
 0001:0000c6d0       __alloca_probe             791ed6d0 f   MSVCRT:chkstk.obj
 0001:0000c6d0       __chkstk                   791ed6d0 f   MSVCRT:chkstk.obj
 0001:0000c6fd       _memcpy                    791ed6fd f   vcruntime:VCRUNTIME140.dll
 0002:00000000       __imp__DisableThreadLibraryCalls@4 791ef000     kernel32:KERNEL32.dll
 0002:00000004       __imp__IsDebuggerPresent@0 791ef004     kernel32:KERNEL32.dll
 0002:00000008       __imp__WaitForSingleObject@8 791ef008     kernel32:KERNEL32.dll
 0002:0000000c       __imp__ResumeThread@4      791ef00c     kernel32:KERNEL32.dll
 0002:00000010       __imp__TerminateProcess@8  791ef010     kernel32:KERNEL32.dll
 0002:00000014       __imp__GetCurrentProcess@0 791ef014     kernel32:KERNEL32.dll
 0002:00000018       __imp__InitializeSListHead@4 791ef018     kernel32:KERNEL32.dll
 0002:0000001c       __imp__GetSystemTimeAsFileTime@4 791ef01c     kernel32:KERNEL32.dll
 0002:00000020       __imp__GetCurrentThreadId@0 791ef020     kernel32:KERNEL32.dll
 0002:00000024       __imp__GetCurrentProcessId@0 791ef024     kernel32:KERNEL32.dll
 0002:00000028       __imp__QueryPerformanceCounter@4 791ef028     kernel32:KERNEL32.dll
 0002:0000002c       __imp__SetUnhandledExceptionFilter@4 791ef02c     kernel32:KERNEL32.dll
 0002:00000030       __imp__UnhandledExceptionFilter@4 791ef030     kernel32:KERNEL32.dll
 0002:00000034       __imp__IsProcessorFeaturePresent@4 791ef034     kernel32:KERNEL32.dll
 0002:00000038       __imp__GetProcAddress@8    791ef038     kernel32:KERNEL32.dll
 0002:0000003c       __imp__GetModuleHandleW@4  791ef03c     kernel32:KERNEL32.dll
 0002:00000040       __imp__CreateEventW@16     791ef040     kernel32:KERNEL32.dll
 0002:00000044       __imp__WaitForSingleObjectEx@12 791ef044     kernel32:KERNEL32.dll
 0002:00000048       __imp__ResetEvent@4        791ef048     kernel32:KERNEL32.dll
 0002:0000004c       __imp__SetEvent@4          791ef04c     kernel32:KERNEL32.dll
 0002:00000050       __imp__DeleteCriticalSection@4 791ef050     kernel32:KERNEL32.dll
 0002:00000054       __imp__LeaveCriticalSection@4 791ef054     kernel32:KERNEL32.dll
 0002:00000058       __imp__EnterCriticalSection@4 791ef058     kernel32:KERNEL32.dll
 0002:0000005c       __imp__CloseHandle@4       791ef05c     kernel32:KERNEL32.dll
 0002:00000060       \177KERNEL32_NULL_THUNK_DATA 791ef060     kernel32:KERNEL32.dll
 0002:00000064       __imp__MessageBoxW@16      791ef064     user32:USER32.dll
 0002:00000068       __imp__GetSysColor@4       791ef068     user32:USER32.dll
 0002:0000006c       \177USER32_NULL_THUNK_DATA 791ef06c     user32:USER32.dll
 0002:00000070       __imp____std_type_info_destroy_list 791ef070     vcruntime:VCRUNTIME140.dll
 0002:00000074       __imp___CxxThrowException@8 791ef074     vcruntime:VCRUNTIME140.dll
 0002:00000078       __imp____std_exception_destroy 791ef078     vcruntime:VCRUNTIME140.dll
 0002:0000007c       __imp____std_exception_copy 791ef07c     vcruntime:VCRUNTIME140.dll
 0002:00000080       __imp___except_handler4_common 791ef080     vcruntime:VCRUNTIME140.dll
 0002:00000084       __imp__memset              791ef084     vcruntime:VCRUNTIME140.dll
 0002:00000088       __imp____vcrt_InitializeCriticalSectionEx 791ef088     vcruntime:VCRUNTIME140.dll
 0002:0000008c       __imp____std_terminate     791ef08c     vcruntime:VCRUNTIME140.dll
 0002:00000090       __imp____CxxFrameHandler3  791ef090     vcruntime:VCRUNTIME140.dll
 0002:00000094       __imp__memcpy              791ef094     vcruntime:VCRUNTIME140.dll
 0002:00000098       \177VCRUNTIME140_NULL_THUNK_DATA 791ef098     vcruntime:VCRUNTIME140.dll
 0002:0000009c       __imp__mbtowc              791ef09c     ucrt:api-ms-win-crt-convert-l1-1-0.dll
 0002:000000a0       __imp__atoi                791ef0a0     ucrt:api-ms-win-crt-convert-l1-1-0.dll
 0002:000000a4       \177api-ms-win-crt-convert-l1-1-0_NULL_THUNK_DATA 791ef0a4     ucrt:api-ms-win-crt-convert-l1-1-0.dll
 0002:000000a8       __imp__malloc              791ef0a8     ucrt:api-ms-win-crt-heap-l1-1-0.dll
 0002:000000ac       __imp___callnewh           791ef0ac     ucrt:api-ms-win-crt-heap-l1-1-0.dll
 0002:000000b0       __imp__realloc             791ef0b0     ucrt:api-ms-win-crt-heap-l1-1-0.dll
 0002:000000b4       __imp__free                791ef0b4     ucrt:api-ms-win-crt-heap-l1-1-0.dll
 0002:000000b8       \177api-ms-win-crt-heap-l1-1-0_NULL_THUNK_DATA 791ef0b8     ucrt:api-ms-win-crt-heap-l1-1-0.dll
 0002:000000bc       __imp___mbsnbcmp           791ef0bc     ucrt:api-ms-win-crt-multibyte-l1-1-0.dll
 0002:000000c0       __imp___mbsicmp            791ef0c0     ucrt:api-ms-win-crt-multibyte-l1-1-0.dll
 0002:000000c4       __imp___mbscmp             791ef0c4     ucrt:api-ms-win-crt-multibyte-l1-1-0.dll
 0002:000000c8       \177api-ms-win-crt-multibyte-l1-1-0_NULL_THUNK_DATA 791ef0c8     ucrt:api-ms-win-crt-multibyte-l1-1-0.dll
 0002:000000cc       __imp___initialize_narrow_environment 791ef0cc     ucrt:api-ms-win-crt-runtime-l1-1-0.dll
 0002:000000d0       __imp___initialize_onexit_table 791ef0d0     ucrt:api-ms-win-crt-runtime-l1-1-0.dll
 0002:000000d4       __imp___register_onexit_function 791ef0d4     ucrt:api-ms-win-crt-runtime-l1-1-0.dll
 0002:000000d8       __imp___beginthreadex      791ef0d8     ucrt:api-ms-win-crt-runtime-l1-1-0.dll
 0002:000000dc       __imp___execute_onexit_table 791ef0dc     ucrt:api-ms-win-crt-runtime-l1-1-0.dll
 0002:000000e0       __imp___configure_narrow_argv 791ef0e0     ucrt:api-ms-win-crt-runtime-l1-1-0.dll
 0002:000000e4       __imp___seh_filter_dll     791ef0e4     ucrt:api-ms-win-crt-runtime-l1-1-0.dll
 0002:000000e8       __imp___crt_atexit         791ef0e8     ucrt:api-ms-win-crt-runtime-l1-1-0.dll
 0002:000000ec       __imp___initterm_e         791ef0ec     ucrt:api-ms-win-crt-runtime-l1-1-0.dll
 0002:000000f0       __imp___cexit              791ef0f0     ucrt:api-ms-win-crt-runtime-l1-1-0.dll
 0002:000000f4       __imp___initterm           791ef0f4     ucrt:api-ms-win-crt-runtime-l1-1-0.dll
 0002:000000f8       __imp__terminate           791ef0f8     ucrt:api-ms-win-crt-runtime-l1-1-0.dll
 0002:000000fc       \177api-ms-win-crt-runtime-l1-1-0_NULL_THUNK_DATA 791ef0fc     ucrt:api-ms-win-crt-runtime-l1-1-0.dll
 0002:00000100       __imp____stdio_common_vsprintf 791ef100     ucrt:api-ms-win-crt-stdio-l1-1-0.dll
 0002:00000104       __imp____stdio_common_vsscanf 791ef104     ucrt:api-ms-win-crt-stdio-l1-1-0.dll
 0002:00000108       \177api-ms-win-crt-stdio-l1-1-0_NULL_THUNK_DATA 791ef108     ucrt:api-ms-win-crt-stdio-l1-1-0.dll
 0002:0000010c       __imp__strncpy             791ef10c     ucrt:api-ms-win-crt-string-l1-1-0.dll
 0002:00000110       __imp__strdup              791ef110     ucrt:api-ms-win-crt-string-l1-1-0.dll
 0002:00000110       __imp___strdup             791ef110     ucrt:api-ms-win-crt-string-l1-1-0.dll
 0002:00000114       \177api-ms-win-crt-string-l1-1-0_NULL_THUNK_DATA 791ef114     ucrt:api-ms-win-crt-string-l1-1-0.dll
 0002:00000118       __imp__rand                791ef118     ucrt:api-ms-win-crt-utility-l1-1-0.dll
 0002:0000011c       \177api-ms-win-crt-utility-l1-1-0_NULL_THUNK_DATA 791ef11c     ucrt:api-ms-win-crt-utility-l1-1-0.dll
 0002:00000120       __imp_??1CTTexture@citk@@MAE@XZ 791ef120     citkcore:citkCore.dll
 0002:00000124       __imp_?citk_GetService@@YAPAVCTManager@citk@@PAVClassDesc@2@@Z 791ef124     citkcore:citkCore.dll
 0002:00000128       __imp_?GetCD@CTTexture@citk@@UBEPAVClassDesc@2@XZ 791ef128     citkcore:citkCore.dll
 0002:0000012c       __imp_?GetSizeEstimate@CTTexture@citk@@UAEIXZ 791ef12c     citkcore:citkCore.dll
 0002:00000130       __imp_?Invalidate@CTCached@citk@@UAEXXZ 791ef130     citkcore:citkCore.dll
 0002:00000134       __imp_?WriteToStream@CTTexture@citk@@UAEXPAVCTStream@2@K@Z 791ef134     citkcore:citkCore.dll
 0002:00000138       __imp_?ProcessChunk@CTTexture@citk@@UAE_NPAVCTStream@2@K@Z 791ef138     citkcore:citkCore.dll
 0002:0000013c       __imp_?DoRegisterWithService@CTTexture@citk@@MAE_NXZ 791ef13c     citkcore:citkCore.dll
 0002:00000140       __imp_?DoUnregisterWithService@CTTexture@citk@@MAE_NXZ 791ef140     citkcore:citkCore.dll
 0002:00000144       __imp_?DoAddProperties@CTTexture@citk@@MAEXXZ 791ef144     citkcore:citkCore.dll
 0002:00000148       __imp_?OnPropertyChanged@CTTexture@citk@@UAEXAAVDProperty@2@@Z 791ef148     citkcore:citkCore.dll
 0002:0000014c       __imp_?DoCache@CTTexture@citk@@MAE_NXZ 791ef14c     citkcore:citkCore.dll
 0002:00000150       __imp_?DoFlush@CTTexture@citk@@MAEXXZ 791ef150     citkcore:citkCore.dll
 0002:00000154       __imp_?Load@CTTexture@citk@@UAE_NPBD@Z 791ef154     citkcore:citkCore.dll
 0002:00000158       __imp_?GetData@CTTexture@citk@@UAEPAVDBitmap@citkTypes@@XZ 791ef158     citkcore:citkCore.dll
 0002:0000015c       __imp_?_CD@CTGeometry@citk@@SAPAVClassDesc@2@XZ 791ef15c     citkcore:citkCore.dll
 0002:00000160       __imp_??0CTGeometry@citk@@QAE@PBDPAVCTGroup@1@@Z 791ef160     citkcore:citkCore.dll
 0002:00000164       __imp_?SetFlag@CTRenderFlagsProperty@citk@@QAEXW4renderflag_t@12@@Z 791ef164     citkcore:citkCore.dll
 0002:00000168       __imp_?SetRenderProperty@CTRenderState@citk@@QAEXPAVCTRenderProperty@2@@Z 791ef168     citkcore:citkCore.dll
 0002:0000016c       __imp_??0CTGeometry@citk@@QAE@PBV01@@Z 791ef16c     citkcore:citkCore.dll
 0002:00000170       __imp_?GetPositionRef@DTransform@citk@@QAEAAVVector3@citkTypes@@XZ 791ef170     citkcore:citkCore.dll
 0002:00000174       __imp_?UpdateWorldSpace@CTEntity@citk@@QAE_NXZ 791ef174     citkcore:citkCore.dll
 0002:00000178       __imp_?TransformToWorld@CTEntity@citk@@QAE?AVVector3@citkTypes@@ABV34@@Z 791ef178     citkcore:citkCore.dll
 0002:0000017c       __imp_?TransformPoint@DTransform@citk@@QBE?AVVector3@citkTypes@@ABV34@@Z 791ef17c     citkcore:citkCore.dll
 0002:00000180       __imp_?InvalidateCamera@DViewport@citk@@QAEX_N@Z 791ef180     citkcore:citkCore.dll
 0002:00000184       __imp_?GetWorldToViewTransform@DViewport@citk@@QAEABVDTransform@2@XZ 791ef184     citkcore:citkCore.dll
 0002:00000188       __imp_?IsPerspective@CTCamera@citk@@QBE_NXZ 791ef188     citkcore:citkCore.dll
 0002:0000018c       __imp_?ScaleTo@CTEntity@citk@@QAEXABVVector3@citkTypes@@@Z 791ef18c     citkcore:citkCore.dll
 0002:00000190       __imp_?HasDeformation@DTransform@citk@@QBE_NXZ 791ef190     citkcore:citkCore.dll
 0002:00000194       __imp_?GetDeformationMatrix@DTransform@citk@@QBEABVMatrix33@citkTypes@@XZ 791ef194     citkcore:citkCore.dll
 0002:00000198       __imp_?Process@CTGeometry@citk@@UAEXAAUProcessInfo_t@2@@Z 791ef198     citkcore:citkCore.dll
 0002:0000019c       __imp_?SetVertexCount@CTVertexData@citk@@QAEXH@Z 791ef19c     citkcore:citkCore.dll
 0002:000001a0       __imp_?CreateIndices@CTVertexData@citk@@QAEPAGH@Z 791ef1a0     citkcore:citkCore.dll
 0002:000001a4       __imp_?CreateColors@CTVertexData@citk@@QAEPAUDColorA@citkTypes@@XZ 791ef1a4     citkcore:citkCore.dll
 0002:000001a8       __imp_?CreateTextureSet@CTVertexData@citk@@QAEPAMHH@Z 791ef1a8     citkcore:citkCore.dll
 0002:000001ac       __imp_?Add@CTGeometry@citk@@QAEHPAVCTVertexData@2@@Z 791ef1ac     citkcore:citkCore.dll
 0002:000001b0       __imp_?LockTransform@CTEntity@citk@@QAEKXZ 791ef1b0     citkcore:citkCore.dll
 0002:000001b4       __imp_??0CTRenderState@citk@@QAE@XZ 791ef1b4     citkcore:citkCore.dll
 0002:000001b8       __imp_?_CD@CTRenderState@citk@@SAPAVClassDesc@2@XZ 791ef1b8     citkcore:citkCore.dll
 0002:000001bc       __imp_??0CTVertexData@citk@@QAE@XZ 791ef1bc     citkcore:citkCore.dll
 0002:000001c0       __imp_?ProcessChunk@CTVertexData@citk@@UAE_NPAVCTStream@2@K@Z 791ef1c0     citkcore:citkCore.dll
 0002:000001c4       __imp_?WriteToStream@CTVertexData@citk@@UAEXPAVCTStream@2@K@Z 791ef1c4     citkcore:citkCore.dll
 0002:000001c8       __imp_?GetSizeEstimate@CTVertexData@citk@@UAEIXZ 791ef1c8     citkcore:citkCore.dll
 0002:000001cc       __imp_??1CTVertexData@citk@@UAE@XZ 791ef1cc     citkcore:citkCore.dll
 0002:000001d0       __imp_?GetCD@CTVertexData@citk@@UBEPAVClassDesc@2@XZ 791ef1d0     citkcore:citkCore.dll
 0002:000001d4       __imp_?_CD@CTVertexData@citk@@SAPAVClassDesc@2@XZ 791ef1d4     citkcore:citkCore.dll
 0002:000001d8       __imp_??0CTRenderFlagsProperty@citk@@QAE@XZ 791ef1d8     citkcore:citkCore.dll
 0002:000001dc       __imp_?_CD@CTRenderFlagsProperty@citk@@SAPAVClassDesc@2@XZ 791ef1dc     citkcore:citkCore.dll
 0002:000001e0       __imp_??0CTAlphaProperty@citk@@QAE@XZ 791ef1e0     citkcore:citkCore.dll
 0002:000001e4       __imp_?_CD@CTAlphaProperty@citk@@SAPAVClassDesc@2@XZ 791ef1e4     citkcore:citkCore.dll
 0002:000001e8       __imp_?GetCD@CTRenderState@citk@@UBEPAVClassDesc@2@XZ 791ef1e8     citkcore:citkCore.dll
 0002:000001ec       __imp_??1CTRenderState@citk@@MAE@XZ 791ef1ec     citkcore:citkCore.dll
 0002:000001f0       __imp_?WriteToStream@CTRenderState@citk@@UAEXPAVCTStream@2@K@Z 791ef1f0     citkcore:citkCore.dll
 0002:000001f4       __imp_?ProcessChunk@CTRenderState@citk@@UAE_NPAVCTStream@2@K@Z 791ef1f4     citkcore:citkCore.dll
 0002:000001f8       __imp_?DoRegisterWithService@CTRenderState@citk@@MAE_NXZ 791ef1f8     citkcore:citkCore.dll
 0002:000001fc       __imp_?DoUnregisterWithService@CTRenderState@citk@@MAE_NXZ 791ef1fc     citkcore:citkCore.dll
 0002:00000200       __imp_?DoAddProperties@CTInterface@citk@@MAEXXZ 791ef200     citkcore:citkCore.dll
 0002:00000204       __imp_?GetCD@CTRenderFlagsProperty@citk@@UBEPAVClassDesc@2@XZ 791ef204     citkcore:citkCore.dll
 0002:00000208       __imp_?WriteToStream@CTRenderFlagsProperty@citk@@UAEXPAVCTStream@2@K@Z 791ef208     citkcore:citkCore.dll
 0002:0000020c       __imp_?ProcessChunk@CTRenderFlagsProperty@citk@@UAE_NPAVCTStream@2@K@Z 791ef20c     citkcore:citkCore.dll
 0002:00000210       __imp_?Clone@CTRenderFlagsProperty@citk@@UBEPAVCTRenderProperty@2@XZ 791ef210     citkcore:citkCore.dll
 0002:00000214       __imp_?_Combine@CTRenderFlagsProperty@citk@@UAE_NPBVCTRenderProperty@2@@Z 791ef214     citkcore:citkCore.dll
 0002:00000218       __imp_?_Compare@CTRenderFlagsProperty@citk@@UBE_NPBVCTRenderProperty@2@@Z 791ef218     citkcore:citkCore.dll
 0002:0000021c       __imp_?GetCD@CTAlphaProperty@citk@@UBEPAVClassDesc@2@XZ 791ef21c     citkcore:citkCore.dll
 0002:00000220       __imp_?WriteToStream@CTAlphaProperty@citk@@UAEXPAVCTStream@2@K@Z 791ef220     citkcore:citkCore.dll
 0002:00000224       __imp_?ProcessChunk@CTAlphaProperty@citk@@UAE_NPAVCTStream@2@K@Z 791ef224     citkcore:citkCore.dll
 0002:00000228       __imp_?Clone@CTAlphaProperty@citk@@UBEPAVCTRenderProperty@2@XZ 791ef228     citkcore:citkCore.dll
 0002:0000022c       __imp_?_Combine@CTRenderProperty@citk@@UAE_NPBV12@@Z 791ef22c     citkcore:citkCore.dll
 0002:00000230       __imp_?_Compare@CTAlphaProperty@citk@@UBE_NPBVCTRenderProperty@2@@Z 791ef230     citkcore:citkCore.dll
 0002:00000234       __imp_?GetSizeEstimate@CTEntity@citk@@UAEIXZ 791ef234     citkcore:citkCore.dll
 0002:00000238       __imp_?WriteToStream@CTGeometry@citk@@UAEXPAVCTStream@2@K@Z 791ef238     citkcore:citkCore.dll
 0002:0000023c       __imp_?ProcessChunk@CTGeometry@citk@@UAE_NPAVCTStream@2@K@Z 791ef23c     citkcore:citkCore.dll
 0002:00000240       __imp_?OnMessage@CTEntity@citk@@UAEXHPBX@Z 791ef240     citkcore:citkCore.dll
 0002:00000244       __imp_?DoAddProperties@CTEntity@citk@@MAEXXZ 791ef244     citkcore:citkCore.dll
 0002:00000248       __imp_?CheckWithRay@CTGeometry@citk@@UAE_NAAVDTreePicker@2@ABVLine3@citkTypes@@@Z 791ef248     citkcore:citkCore.dll
 0002:0000024c       __imp_?UpdateRoot@CTEntity@citk@@UAEXXZ 791ef24c     citkcore:citkCore.dll
 0002:00000250       __imp_?FindParent@CTEntity@citk@@UAEPAVCTGroup@2@QAV32@@Z 791ef250     citkcore:citkCore.dll
 0002:00000254       __imp_?FindParentByName@CTEntity@citk@@UAEPAVCTGroup@2@PBD@Z 791ef254     citkcore:citkCore.dll
 0002:00000258       __imp_?FindChildByName@CTEntity@citk@@UAEPAV12@PBD@Z 791ef258     citkcore:citkCore.dll
 0002:0000025c       __imp_?FindChildByNameIC@CTEntity@citk@@UAEPAV12@PBD@Z 791ef25c     citkcore:citkCore.dll
 0002:00000260       __imp_?FindChild@CTEntity@citk@@UAEPAV12@QAV12@@Z 791ef260     citkcore:citkCore.dll
 0002:00000264       __imp_?OnRemoveFromWorld@CTEntity@citk@@UAEXXZ 791ef264     citkcore:citkCore.dll
 0002:00000268       __imp_?OnParentChanged@CTEntity@citk@@UAEXXZ 791ef268     citkcore:citkCore.dll
 0002:0000026c       __imp_?MakeOtherTwin@CTEntity@citk@@UBEXPAV12@@Z 791ef26c     citkcore:citkCore.dll
 0002:00000270       __imp_?MakeTwin@CTEntity@citk@@UAEXPBV12@@Z 791ef270     citkcore:citkCore.dll
 0002:00000274       __imp_?OnCollision@CTEntity@citk@@UAEXPAV12@PAVVector3@citkTypes@@1@Z 791ef274     citkcore:citkCore.dll
 0002:00000278       __imp_?UpdateTreeWorldSpace@CTEntity@citk@@UAEXXZ 791ef278     citkcore:citkCore.dll
 0002:0000027c       __imp_?Illuminate@CTGeometry@citk@@UAE_NPAPAVCTLight@2@H@Z 791ef27c     citkcore:citkCore.dll
 0002:00000280       __imp_??1CTAlphaProperty@citk@@UAE@XZ 791ef280     citkcore:citkCore.dll
 0002:00000284       __imp_??1CTRenderFlagsProperty@citk@@UAE@XZ 791ef284     citkcore:citkCore.dll
 0002:00000288       __imp_??1CTGeometry@citk@@UAE@XZ 791ef288     citkcore:citkCore.dll
 0002:0000028c       __imp_?_CD@CTExtraData@citk@@SAPAVClassDesc@2@XZ 791ef28c     citkcore:citkCore.dll
 0002:00000290       __imp_?FindExtraData@CTInterface@citk@@QBEPAVCTExtraData@2@K@Z 791ef290     citkcore:citkCore.dll
[...]
 0002:00004104       __ehfuncinfo$?Init@CTSoloViewer@@QAEXPAVCTEntity@citk@@MMM@Z 791f3104     citk_SoloViewer.obj
 0002:00004128       __unwindtable$?Init@CTSoloViewer@@QAEXPAVCTEntity@citk@@MMM@Z 791f3128     citk_SoloViewer.obj
 0002:00004178       __unwindtable$?New@?$StrongPtr@VCTGroup@citk@@@citk@@QAEPAVCTGroup@2@XZ 791f3178     citk_SoloViewer.obj
 0002:00004180       __ehfuncinfo$?New@?$StrongPtr@VCTGroup@citk@@@citk@@QAEPAVCTGroup@2@XZ 791f3180     citk_SoloViewer.obj
 0002:000041a4       __unwindtable$?New@?$StrongPtr@VCTLight@citk@@@citk@@QAEPAVCTLight@2@XZ 791f31a4     citk_SoloViewer.obj
 0002:000041ac       __ehfuncinfo$?New@?$StrongPtr@VCTLight@citk@@@citk@@QAEPAVCTLight@2@XZ 791f31ac     citk_SoloViewer.obj
 0002:000041d0       __unwindtable$??1CTToolTip@@UAE@XZ 791f31d0     citk_ToolTip.obj
 0002:000041e8       __ehfuncinfo$??1CTToolTip@@UAE@XZ 791f31e8     citk_ToolTip.obj
 0002:0000420c       __unwindtable$?Copy@CTToolTip@@UBEPAVCTEntity@citk@@XZ 791f320c     citk_ToolTip.obj
 0002:0000420c       __unwindtable$?Create@CD_CTToolTip@@UAEPAXXZ 791f320c     citk_ToolTip.obj
 0002:00004214       __ehfuncinfo$?Copy@CTToolTip@@UBEPAVCTEntity@citk@@XZ 791f3214     citk_ToolTip.obj
 0002:00004214       __ehfuncinfo$?Create@CD_CTToolTip@@UAEPAXXZ 791f3214     citk_ToolTip.obj
 0002:00004238       __ehfuncinfo$??0CTToolTip@@QAE@PBV0@@Z 791f3238     citk_ToolTip.obj
 0002:00004238       __ehfuncinfo$??0CTToolTip@@QAE@XZ 791f3238     citk_ToolTip.obj
 0002:0000425c       __unwindtable$??0CTToolTip@@QAE@XZ 791f325c     citk_ToolTip.obj
 0002:0000425c       __unwindtable$??0CTToolTip@@QAE@PBV0@@Z 791f325c     citk_ToolTip.obj
 0002:0000428c       __unwindtable$?SetFont@CTToolTip@@QAEXPBDH@Z 791f328c     citk_ToolTip.obj
 0002:00004294       __ehfuncinfo$?SetFont@CTToolTip@@QAEXPBDH@Z 791f3294     citk_ToolTip.obj
 0002:000042b8       __ehfuncinfo$?Process@CTToolTip@@UAEXAAUProcessInfo_t@citk@@@Z 791f32b8     citk_ToolTip.obj
 0002:000042dc       __unwindtable$?Process@CTToolTip@@UAEXAAUProcessInfo_t@citk@@@Z 791f32dc     citk_ToolTip.obj
 0002:0000430c       __unwindtable$?CalcVolumeSmart@@YAMPAVCTVertexData@citk@@@Z 791f330c     citk_Volumes.obj
 0002:00004324       __ehfuncinfo$?CalcVolumeSmart@@YAMPAVCTVertexData@citk@@@Z 791f3324     citk_Volumes.obj
 0002:00004348       __unwindtable$?CalcVolume@circle@@QAEMPBVVector3@citkTypes@@@Z 791f3348     citk_Volumes.obj
 0002:00004350       __ehfuncinfo$?CalcVolume@circle@@QAEMPBVVector3@citkTypes@@@Z 791f3350     citk_Volumes.obj
 0002:00004374       __unwindtable$?CalcVolume@@YAMPAVCTGroup@citk@@@Z 791f3374     citk_Volumes.obj
 0002:00004384       __ehfuncinfo$?CalcVolume@@YAMPAVCTGroup@citk@@@Z 791f3384     citk_Volumes.obj
 0002:000043a8       __ehfuncinfo$?CalcVolume@@YAMPAVCTEntity@citk@@@Z 791f33a8     citk_Volumes.obj
 0002:000043cc       __unwindtable$?CalcVolume@@YAMPAVCTEntity@citk@@@Z 791f33cc     citk_Volumes.obj
 0002:00004404       __unwindtable$?SetEntity@IVPleh@@QAEXPAVCTEntity@citk@@@Z 791f3404     citk_Volumes.obj
 0002:00004414       __ehfuncinfo$?SetEntity@IVPleh@@QAEXPAVCTEntity@citk@@@Z 791f3414     citk_Volumes.obj
 0002:00004438       __unwindtable$?Create@CD_IVPleh@@UAEPAXXZ 791f3438     citk_Volumes.obj
 0002:00004440       __ehfuncinfo$?Create@CD_IVPleh@@UAEPAXXZ 791f3440     citk_Volumes.obj
 0002:00004464       __ehfuncinfo$?Create@CD_IVTreeProcessor@@UAEPAXXZ 791f3464     citk_Volumes.obj
 0002:00004488       __unwindtable$?Create@CD_IVTreeProcessor@@UAEPAXXZ 791f3488     citk_Volumes.obj
 0002:000044c0       __ehfuncinfo$?AddProcessPoint@IVTreeProcessor@@UAEXPAVCTEntity@citk@@@Z 791f34c0     citk_Volumes.obj
 0002:000044e4       __unwindtable$?AddProcessPoint@IVTreeProcessor@@UAEXPAVCTEntity@citk@@@Z 791f34e4     citk_Volumes.obj
 0002:00004538       __sehtable$___scrt_is_nonwritable_in_current_image 791f3538     MSVCRT:utility.obj
 0002:00004558       __sehtable$??_M@YGXPAXIIP6EX0@Z@Z 791f3558     MSVCRT:ehvecdtr.obj
 0002:00004578       __sehtable$?__ArrayUnwind@@YGXPAXIIP6EX0@Z@Z 791f3578     MSVCRT:ehvecdtr.obj
 0002:00004598       __sehtable$??_L@YGXPAXIIP6EX0@Z1@Z 791f3598     MSVCRT:ehvecctr.obj
 0002:000045b8       __sehtable$?dllmain_crt_process_attach@@YAHQAUHINSTANCE__@@QAX@Z 791f35b8     MSVCRT:dll_dllmain.obj
 0002:000045d8       __sehtable$?dllmain_crt_process_detach@@YAH_N@Z 791f35d8     MSVCRT:dll_dllmain.obj
 0002:000045f8       __sehtable$?dllmain_dispatch@@YAHQAUHINSTANCE__@@KQAX@Z 791f35f8     MSVCRT:dll_dllmain.obj
 0002:000046b0       .edata                     791f36b0     citkUtils.exp
 0002:000046d8       rgpv                       791f36d8     citkUtils.exp
 0002:0000496c       rgszName                   791f396c     citkUtils.exp
 0002:00004c00       rgwOrd                     791f3c00     citkUtils.exp
 0002:00004d4a       szName                     791f3d4a     citkUtils.exp
 0002:00004d59       $N00001                    791f3d59     citkUtils.exp
 0002:00004d72       $N00002                    791f3d72     citkUtils.exp
 0002:00004d86       $N00003                    791f3d86     citkUtils.exp
 0002:00004da4       $N00004                    791f3da4     citkUtils.exp
 0002:00004dbc       $N00005                    791f3dbc     citkUtils.exp
 0002:00004dd7       $N00006                    791f3dd7     citkUtils.exp
 0002:00004df4       $N00007                    791f3df4     citkUtils.exp
 0002:00004e14       $N00008                    791f3e14     citkUtils.exp
 0002:00004e2c       $N00009                    791f3e2c     citkUtils.exp
 0002:00004e46       $N00010                    791f3e46     citkUtils.exp
 0002:00004e5b       $N00011                    791f3e5b     citkUtils.exp
 0002:00004e78       $N00012                    791f3e78     citkUtils.exp
 0002:00004e90       $N00013                    791f3e90     citkUtils.exp
 0002:00004eb0       $N00014                    791f3eb0     citkUtils.exp
 0002:00004ecd       $N00015                    791f3ecd     citkUtils.exp
 0002:00004ee6       $N00016                    791f3ee6     citkUtils.exp
 0002:00004efd       $N00017                    791f3efd     citkUtils.exp
 0002:00004f0f       $N00018                    791f3f0f     citkUtils.exp
 0002:00004f23       $N00019                    791f3f23     citkUtils.exp
 0002:00004f41       $N00020                    791f3f41     citkUtils.exp
 0002:00004f59       $N00021                    791f3f59     citkUtils.exp
 0002:00004f74       $N00022                    791f3f74     citkUtils.exp
 0002:00004f91       $N00023                    791f3f91     citkUtils.exp
 0002:00004fb1       $N00024                    791f3fb1     citkUtils.exp
 0002:00004fc9       $N00025                    791f3fc9     citkUtils.exp
 0002:00004fde       $N00026                    791f3fde     citkUtils.exp
 0002:00004ff6       $N00027                    791f3ff6     citkUtils.exp
 0002:00005010       $N00028                    791f4010     citkUtils.exp
 0002:00005024       $N00029                    791f4024     citkUtils.exp
 0002:00005036       $N00030                    791f4036     citkUtils.exp
 0002:00005057       $N00031                    791f4057     citkUtils.exp
 0002:0000507c       $N00032                    791f407c     citkUtils.exp
 0002:00005099       $N00033                    791f4099     citkUtils.exp
 0002:000050b6       $N00034                    791f40b6     citkUtils.exp
 0002:000050c8       $N00035                    791f40c8     citkUtils.exp
 0002:000050e4       $N00036                    791f40e4     citkUtils.exp
 0002:000050fa       $N00037                    791f40fa     citkUtils.exp
 0002:00005113       $N00038                    791f4113     citkUtils.exp
 0002:0000512e       $N00039                    791f412e     citkUtils.exp
 0002:0000514c       $N00040                    791f414c     citkUtils.exp
 0002:00005162       $N00041                    791f4162     citkUtils.exp
 0002:00005175       $N00042                    791f4175     citkUtils.exp
 0002:00005185       $N00043                    791f4185     citkUtils.exp
 0002:0000519a       $N00044                    791f419a     citkUtils.exp
 0002:000051bf       $N00045                    791f41bf     citkUtils.exp
 0002:000051f5       $N00046                    791f41f5     citkUtils.exp
 0002:0000521c       $N00047                    791f421c     citkUtils.exp
 0002:0000525b       $N00048                    791f425b     citkUtils.exp
 0002:0000527d       $N00049                    791f427d     citkUtils.exp
 0002:000052b4       $N00050                    791f42b4     citkUtils.exp
 0002:000052d5       $N00051                    791f42d5     citkUtils.exp
 0002:0000530b       $N00052                    791f430b     citkUtils.exp
 0002:00005354       $N00053                    791f4354     citkUtils.exp
 0002:0000536f       $N00054                    791f436f     citkUtils.exp
 0002:0000538e       $N00055                    791f438e     citkUtils.exp
 0002:000053ac       $N00056                    791f43ac     citkUtils.exp
 0002:000053c0       $N00057                    791f43c0     citkUtils.exp
 0002:000053de       $N00058                    791f43de     citkUtils.exp
 0002:000053f6       $N00059                    791f43f6     citkUtils.exp
 0002:00005411       $N00060                    791f4411     citkUtils.exp
 0002:0000542e       $N00061                    791f442e     citkUtils.exp
 0002:00005449       $N00062                    791f4449     citkUtils.exp
 0002:00005461       $N00063                    791f4461     citkUtils.exp
 0002:00005476       $N00064                    791f4476     citkUtils.exp
 0002:00005488       $N00065                    791f4488     citkUtils.exp
 0002:000054ab       $N00066                    791f44ab     citkUtils.exp
 0002:000054d0       $N00067                    791f44d0     citkUtils.exp
 0002:000054f7       $N00068                    791f44f7     citkUtils.exp
 0002:0000551b       $N00069                    791f451b     citkUtils.exp
 0002:00005544       $N00070                    791f4544     citkUtils.exp
 0002:0000556a       $N00071                    791f456a     citkUtils.exp
 0002:00005589       $N00072                    791f4589     citkUtils.exp
 0002:000055b1       $N00073                    791f45b1     citkUtils.exp
 0002:000055da       $N00074                    791f45da     citkUtils.exp
 0002:0000562a       $N00075                    791f462a     citkUtils.exp
 0002:0000564e       $N00076                    791f464e     citkUtils.exp
 0002:00005672       $N00077                    791f4672     citkUtils.exp
 0002:00005698       $N00078                    791f4698     citkUtils.exp
 0002:000056c4       $N00079                    791f46c4     citkUtils.exp
 0002:000056f2       $N00080                    791f46f2     citkUtils.exp
 0002:00005714       $N00081                    791f4714     citkUtils.exp
 0002:00005754       $N00082                    791f4754     citkUtils.exp
 0002:0000578b       $N00083                    791f478b     citkUtils.exp
 0002:000057bd       $N00084                    791f47bd     citkUtils.exp
 0002:000057f6       $N00085                    791f47f6     citkUtils.exp
 0002:00005832       $N00086                    791f4832     citkUtils.exp
 0002:0000585c       $N00087                    791f485c     citkUtils.exp
 0002:00005890       $N00088                    791f4890     citkUtils.exp
 0002:000058be       $N00089                    791f48be     citkUtils.exp
 0002:000058ef       $N00090                    791f48ef     citkUtils.exp
 0002:00005922       $N00091                    791f4922     citkUtils.exp
 0002:00005954       $N00092                    791f4954     citkUtils.exp
 0002:00005982       $N00093                    791f4982     citkUtils.exp
 0002:000059ad       $N00094                    791f49ad     citkUtils.exp
 0002:000059d5       $N00095                    791f49d5     citkUtils.exp
 0002:00005a0c       $N00096                    791f4a0c     citkUtils.exp
 0002:00005a3c       $N00097                    791f4a3c     citkUtils.exp
 0002:00005a76       $N00098                    791f4a76     citkUtils.exp
 0002:00005aaa       $N00099                    791f4aaa     citkUtils.exp
 0002:00005ae1       $N00100                    791f4ae1     citkUtils.exp
 0002:00005b1a       $N00101                    791f4b1a     citkUtils.exp
 0002:00005b51       $N00102                    791f4b51     citkUtils.exp
 0002:00005b85       $N00103                    791f4b85     citkUtils.exp
 0002:00005bb6       $N00104                    791f4bb6     citkUtils.exp
 0002:00005be4       $N00105                    791f4be4     citkUtils.exp
 0002:00005c18       $N00106                    791f4c18     citkUtils.exp
 0002:00005c6f       $N00107                    791f4c6f     citkUtils.exp
 0002:00005c9e       $N00108                    791f4c9e     citkUtils.exp
 0002:00005cb9       $N00109                    791f4cb9     citkUtils.exp
 0002:00005ce9       $N00110                    791f4ce9     citkUtils.exp
 0002:00005d06       $N00111                    791f4d06     citkUtils.exp
 0002:00005d39       $N00112                    791f4d39     citkUtils.exp
 0002:00005d67       $N00113                    791f4d67     citkUtils.exp
 0002:00005d8b       $N00114                    791f4d8b     citkUtils.exp
 0002:00005dd7       $N00115                    791f4dd7     citkUtils.exp
 0002:00005e0f       $N00116                    791f4e0f     citkUtils.exp
 0002:00005e3e       $N00117                    791f4e3e     citkUtils.exp
 0002:00005e5f       $N00118                    791f4e5f     citkUtils.exp
 0002:00005e91       $N00119                    791f4e91     citkUtils.exp
 0002:00005eb4       $N00120                    791f4eb4     citkUtils.exp
 0002:00005ed3       $N00121                    791f4ed3     citkUtils.exp
 0002:00005f09       $N00122                    791f4f09     citkUtils.exp
 0002:00005f3a       $N00123                    791f4f3a     citkUtils.exp
 0002:00005f6f       $N00124                    791f4f6f     citkUtils.exp
 0002:00005fa1       $N00125                    791f4fa1     citkUtils.exp
 0002:00005fd0       $N00126                    791f4fd0     citkUtils.exp
 0002:0000600b       $N00127                    791f500b     citkUtils.exp
 0002:0000602a       $N00128                    791f502a     citkUtils.exp
 0002:00006053       $N00129                    791f5053     citkUtils.exp
 0002:00006077       $N00130                    791f5077     citkUtils.exp
 0002:000060a9       $N00131                    791f50a9     citkUtils.exp
 0002:000060f3       $N00132                    791f50f3     citkUtils.exp
 0002:0000611d       $N00133                    791f511d     citkUtils.exp
 0002:0000613d       $N00134                    791f513d     citkUtils.exp
 0002:00006169       $N00135                    791f5169     citkUtils.exp
 0002:00006188       $N00136                    791f5188     citkUtils.exp
 0002:000061d6       $N00137                    791f51d6     citkUtils.exp
 0002:000061fe       $N00138                    791f51fe     citkUtils.exp
 0002:0000621c       $N00139                    791f521c     citkUtils.exp
 0002:00006259       $N00140                    791f5259     citkUtils.exp
 0002:00006270       $N00141                    791f5270     citkUtils.exp
 0002:00006290       $N00142                    791f5290     citkUtils.exp
 0002:000062ae       $N00143                    791f52ae     citkUtils.exp
 0002:000062cd       $N00144                    791f52cd     citkUtils.exp
 0002:00006318       $N00145                    791f5318     citkUtils.exp
 0002:00006362       $N00146                    791f5362     citkUtils.exp
 0002:00006382       $N00147                    791f5382     citkUtils.exp
 0002:000063ce       $N00148                    791f53ce     citkUtils.exp
 0002:000063f1       $N00149                    791f53f1     citkUtils.exp
 0002:0000640c       $N00150                    791f540c     citkUtils.exp
 0002:00006428       $N00151                    791f5428     citkUtils.exp
 0002:00006473       $N00152                    791f5473     citkUtils.exp
 0002:000064bd       $N00153                    791f54bd     citkUtils.exp
 0002:000064f8       $N00154                    791f54f8     citkUtils.exp
 0002:0000652f       $N00155                    791f552f     citkUtils.exp
 0002:00006556       $N00156                    791f5556     citkUtils.exp
 0002:00006587       $N00157                    791f5587     citkUtils.exp
 0002:000065b2       $N00158                    791f55b2     citkUtils.exp
 0002:000065e0       $N00159                    791f55e0     citkUtils.exp
 0002:00006610       $N00160                    791f5610     citkUtils.exp
 0002:0000663f       $N00161                    791f563f     citkUtils.exp
 0002:0000666a       $N00162                    791f566a     citkUtils.exp
 0002:00006692       $N00163                    791f5692     citkUtils.exp
 0002:000066b7       $N00164                    791f56b7     citkUtils.exp
 0002:000066ff       $N00165                    791f56ff     citkUtils.exp
 0002:00006f0c       .idata$6                   791f5f0c     kernel32:KERNEL32.dll
 0002:00006f36       .idata$6                   791f5f36     user32:USER32.dll
 0002:0000b57e       .idata$6                   791fa57e     citkcore:citkCore.dll
 0002:0000b666       .idata$6                   791fa666     vcruntime:VCRUNTIME140.dll
 0002:0000b812       .idata$6                   791fa812     ucrt:api-ms-win-crt-heap-l1-1-0.dll
 0002:0000b832       .idata$6                   791fa832     ucrt:api-ms-win-crt-multibyte-l1-1-0.dll
 0002:0000b856       .idata$6                   791fa856     ucrt:api-ms-win-crt-convert-l1-1-0.dll
 0002:0000b878       .idata$6                   791fa878     ucrt:api-ms-win-crt-stdio-l1-1-0.dll
 0002:0000b898       .idata$6                   791fa898     ucrt:api-ms-win-crt-utility-l1-1-0.dll
 0002:0000b8ba       .idata$6                   791fa8ba     ucrt:api-ms-win-crt-string-l1-1-0.dll
 0002:0000b8dc       .idata$6                   791fa8dc     ucrt:api-ms-win-crt-runtime-l1-1-0.dll
 0003:00000060       ?stek@?1??Process@IVPleh@@UAEXAAUProcessInfo_t@citk@@@Z@4V?$ArrayPtr@VCTEntity@citk@@@citkTypes@@A 791fb060     citk_Volumes.obj
 0003:00000ad8       ?module_local_atexit_table@@3U_onexit_table_t@@A 791fbad8     MSVCRT:utility.obj
 0003:00000ae4       ?module_local_at_quick_exit_table@@3U_onexit_table_t@@A 791fbae4     MSVCRT:utility.obj
 0003:00000af0       ?module_local_atexit_table_initialized@@3_NA 791fbaf0     MSVCRT:utility.obj
 0003:00000af1       ?is_initialized_as_dll@@3_NA 791fbaf1     MSVCRT:utility.obj
 0003:00000af4       ?_Tss_mutex@@3U_RTL_CRITICAL_SECTION@@A 791fbaf4     MSVCRT:thread_safe_statics.obj
 0003:00000b0c       ?_Tss_cv@@3U_RTL_CONDITION_VARIABLE@@A 791fbb0c     MSVCRT:thread_safe_statics.obj
 0003:00000b10       ?_Tss_event@@3PAXA         791fbb10     MSVCRT:thread_safe_statics.obj
 0003:00000b14       ?encoded_sleep_condition_variable_cs@@3P6GHPAU_RTL_CONDITION_VARIABLE@@PAU_RTL_CRITICAL_SECTION@@K@ZA 791fbb14     MSVCRT:thread_safe_statics.obj
 0003:00000b18       ?encoded_wake_all_condition_variable@@3P6GXPAU_RTL_CONDITION_VARIABLE@@@ZA 791fbb18     MSVCRT:thread_safe_statics.obj
 0003:00000b1c       ?__proc_attached@@3HA      791fbb1c     MSVCRT:dll_dllmain.obj
 0003:00000b38       _GS_ExceptionRecord        791fbb38     MSVCRT:gs_report.obj
 0003:00000b88       _GS_ContextRecord          791fbb88     MSVCRT:gs_report.obj
 0003:00000e6c       ?__citk_plugin@@3VcitkUtils@@A 791fbe6c     citkUtils.obj
 0003:00001158       ?$TSS0@?1??Process@IVPleh@@UAEXAAUProcessInfo_t@citk@@@Z@4HA 791fc158     citk_Volumes.obj
 0004:00000060       $R000000                   791fd060     * linker generated manifest res *
