 citkIO

 Timestamp is 5a99d438 (Fri Mar  2 23:46:16 2018)

 Preferred load address is 796b0000

 Start         Length     Name                   Class
 0001:00000000 00000700H .text$di                CODE
 0001:00000700 000067b0H .text$mn                CODE
 0001:00006eb0 00000310H .text$x                 CODE
 0001:000071c0 0000001aH .text$yd                CODE
 0002:00000000 00000304H .idata$5                DATA
 0002:00000304 00000004H .00cfg                  DATA
 0002:00000308 00000004H .CRT$XCA                DATA
 0002:0000030c 00000034H .CRT$XCU                DATA
 0002:00000340 00000004H .CRT$XCZ                DATA
 0002:00000344 00000004H .CRT$XIA                DATA
 0002:00000348 00000004H .CRT$XIZ                DATA
 0002:0000034c 00000004H .CRT$XPA                DATA
 0002:00000350 00000004H .CRT$XPZ                DATA
 0002:00000354 00000004H .CRT$XTA                DATA
 0002:00000358 00000008H .CRT$XTZ                DATA
 0002:0000035c 00000000H .gfids$y                DATA
 0002:00000360 00000d58H .rdata                  DATA
 0002:000010b8 00000ff8H .rdata$r                DATA
 0002:000020b0 00000054H .rdata$sxdata           DATA
 0002:00002104 0000031cH .rdata$zzzdbg           DATA
 0002:00002420 00000004H .rtc$IAA                DATA
 0002:00002424 00000004H .rtc$IZZ                DATA
 0002:00002428 00000004H .rtc$TAA                DATA
 0002:0000242c 00000004H .rtc$TZZ                DATA
 0002:00002430 000004f0H .xdata$x                DATA
 0002:00002920 0000007cH .edata                  DATA
 0002:0000299c 000000f0H .idata$2                DATA
 0002:00002a8c 00000014H .idata$3                DATA
 0002:00002aa0 00000304H .idata$4                DATA
 0002:00002da4 0000185cH .idata$6                DATA
 0003:00000000 00000434H .data                   DATA
 0003:00000434 000005ecH .data$r                 DATA
 0003:00000a20 0000082cH .bss                    DATA
 0004:00000000 00000060H .rsrc$01                DATA
 0004:00000060 00000180H .rsrc$02                DATA

  Address         Publics by Value              Rva+Base       Lib:Object

 0000:00000000       ___guard_longjmp_count     00000000     <absolute>
 0000:00000000       ___hybrid_code_map         00000000     <absolute>
 0000:00000000       ___guard_fids_count        00000000     <absolute>
 0000:00000000       ___enclave_config          00000000     <absolute>
 0000:00000000       ___dynamic_value_reloc_table 00000000     <absolute>
 0000:00000000       ___guard_longjmp_table     00000000     <absolute>
 0000:00000000       ___guard_iat_table         00000000     <absolute>
 0000:00000000       ___guard_iat_count         00000000     <absolute>
 0000:00000000       ___hybrid_auxiliary_iat    00000000     <absolute>
 0000:00000000       ___guard_fids_table        00000000     <absolute>
 0000:00000000       ___hybrid_code_map_count   00000000     <absolute>
 0000:00000015       ___safe_se_handler_count   00000015     <absolute>
 0000:00000100       ___guard_flags             00000100     <absolute>
 0000:00000000       ___ImageBase               796b0000     <linker-defined>
 0001:00000700       ?GetID@CR_HBdB@@UBEKXZ     796b1700 f i citkIO.obj
 0001:00000710       ?GetAuthorName@CR_HBdB@@UBE?AVString@citkTypes@@XZ 796b1710 f i citkIO.obj
 0001:00000740       ?GetEmail@CR_HBdB@@UBE?AVString@citkTypes@@XZ 796b1740 f i citkIO.obj
 0001:00000770       ?GetCompanyName@CR_HBdB@@UBE?AVString@citkTypes@@XZ 796b1770 f i citkIO.obj
 0001:00000770       ?GetCompanyName@CR_LGGL@@UBE?AVString@citkTypes@@XZ 796b1770 f i citkIO.obj
 0001:00000770       ?GetCompanyName@CR_IC@@UBE?AVString@citkTypes@@XZ 796b1770 f i citkIO.obj
 0001:000007a0       ?GetURL@CR_LGGL@@UBE?AVString@citkTypes@@XZ 796b17a0 f i citkIO.obj
 0001:000007a0       ?GetURL@CR_HBdB@@UBE?AVString@citkTypes@@XZ 796b17a0 f i citkIO.obj
 0001:000007a0       ?GetURL@CR_IC@@UBE?AVString@citkTypes@@XZ 796b17a0 f i citkIO.obj
 0001:000007d0       ?GetID@CR_IC@@UBEKXZ       796b17d0 f i citkIO.obj
 0001:000007e0       ?GetAuthorName@CR_IC@@UBE?AVString@citkTypes@@XZ 796b17e0 f i citkIO.obj
 0001:00000810       ?GetEmail@CR_IC@@UBE?AVString@citkTypes@@XZ 796b1810 f i citkIO.obj
 0001:00000840       ?GetID@CR_LGGL@@UBEKXZ     796b1840 f i citkIO.obj
 0001:00000850       ?GetAuthorName@CR_LGGL@@UBE?AVString@citkTypes@@XZ 796b1850 f i citkIO.obj
 0001:00000880       ?GetEmail@CR_LGGL@@UBE?AVString@citkTypes@@XZ 796b1880 f i citkIO.obj
 0001:000008b0       ?GetCD@citkIO@@UBEPAVClassDesc@citk@@XZ 796b18b0 f i citkIO.obj
 0001:000008c0       ?GetURL@citkIO@@UBE?AVString@citkTypes@@XZ 796b18c0 f i citkIO.obj
 0001:000008f0       ??_GcitkIO@@UAEPAXI@Z      796b18f0 f i citkIO.obj
 0001:000008f0       ??_EcitkIO@@UAEPAXI@Z      796b18f0 f i * CIL library *:* CIL module *
 0001:00000920       ?GetPlugInLib@CD_CTSGIImport@@UBEPAVCTPlugInLib@citk@@XZ 796b1920 f i citk_SGI_Import.obj
 0001:00000920       ?GetPlugInLib@CD_CTTargaExport@@UBEPAVCTPlugInLib@citk@@XZ 796b1920 f i citk_TARGA_Export.obj
 0001:00000920       ?GetPlugInLib@CD_CTTargaImport@@UBEPAVCTPlugInLib@citk@@XZ 796b1920 f i citk_TARGA_Import.obj
 0001:00000920       ?GetPlugInLib@CD_CTAVImport@@UBEPAVCTPlugInLib@citk@@XZ 796b1920 f i citk_AVI_Import.obj
 0001:00000920       ?GetPlugInLib@CD_CTEMFImport@@UBEPAVCTPlugInLib@citk@@XZ 796b1920 f i citk_EMF_Import.obj
 0001:00000920       ?GetPlugInLib@CD_CTPBMExport@@UBEPAVCTPlugInLib@citk@@XZ 796b1920 f i citk_PBM_Export.obj
 0001:00000920       ?GetPlugInLib@CD_CTBMPImport@@UBEPAVCTPlugInLib@citk@@XZ 796b1920 f i citk_BMP_Import.obj
 0001:00000920       ?GetPlugInLib@CD_CTBMPExport@@UBEPAVCTPlugInLib@citk@@XZ 796b1920 f i citk_BMP_Export.obj
 0001:00000920       ?GetPlugInLib@CD_citkIO@@UBEPAVCTPlugInLib@citk@@XZ 796b1920 f i citkIO.obj
 0001:00000920       ?GetPlugInLib@CD_CTText32Import@@UBEPAVCTPlugInLib@citk@@XZ 796b1920 f i citk_Text32_Import.obj
 0001:00000920       ?GetPlugInLib@CD_CTIFLImport@@UBEPAVCTPlugInLib@citk@@XZ 796b1920 f i citk_IFL_Import.obj
 0001:00000930       _citk_DllMain2             796b1930 f   citkIO.obj
 0001:00000950       ?RegisterPlugInClasses_citkIO@@YA_NXZ 796b1950 f   citkIO.obj
 0001:00000960       ?DoClasses@citkIO@@UAEXXZ  796b1960 f   citkIO.obj
 0001:000009c0       _DllMain@12                796b19c0 f   citkIO.obj
 0001:000009f0       ?GetCD@CTAVImport@@UBEPAVClassDesc@citk@@XZ 796b19f0 f i citk_AVI_Import.obj
 0001:00000a00       ?TranslateErrorCode@CTAVImport@@UAE?AVString@citkTypes@@J@Z 796b1a00 f i citk_AVI_Import.obj
 0001:00000a00       ?TranslateErrorCode@CTIFLImport@@UAE?AVString@citkTypes@@J@Z 796b1a00 f i citk_IFL_Import.obj
 0001:00000a00       ?TranslateErrorCode@CTText32Import@@UAE?AVString@citkTypes@@J@Z 796b1a00 f i citk_Text32_Import.obj
 0001:00000a00       ?TranslateErrorCode@CTBMPImport@@UAE?AVString@citkTypes@@J@Z 796b1a00 f i citk_BMP_Import.obj
 0001:00000a00       ?TranslateErrorCode@CTBMPExport@@UAE?AVString@citkTypes@@J@Z 796b1a00 f i citk_BMP_Export.obj
 0001:00000a00       ?TranslateErrorCode@CTEMFImport@@UAE?AVString@citkTypes@@J@Z 796b1a00 f i citk_EMF_Import.obj
 0001:00000a80       ?Create@CD_CTAVImport@@UAEPAXXZ 796b1a80 f i citk_AVI_Import.obj
 0001:00000b20       ?Delete@CD_CTIFLImport@@UAEXPAX@Z 796b1b20 f i citk_IFL_Import.obj
 0001:00000b20       ?Delete@CD_CTAVImport@@UAEXPAX@Z 796b1b20 f i citk_AVI_Import.obj
 0001:00000b20       ?Delete@CD_CTTargaImport@@UAEXPAX@Z 796b1b20 f i citk_TARGA_Import.obj
 0001:00000b20       ?Delete@CD_CTPBMExport@@UAEXPAX@Z 796b1b20 f i citk_PBM_Export.obj
 0001:00000b20       ?Delete@CD_CTBMPExport@@UAEXPAX@Z 796b1b20 f i citk_BMP_Export.obj
 0001:00000b20       ?Delete@CD_CTTargaExport@@UAEXPAX@Z 796b1b20 f i citk_TARGA_Export.obj
 0001:00000b20       ?Delete@CD_CTBMPImport@@UAEXPAX@Z 796b1b20 f i citk_BMP_Import.obj
 0001:00000b20       ?Delete@CD_CTSGIImport@@UAEXPAX@Z 796b1b20 f i citk_SGI_Import.obj
 0001:00000b20       ?Delete@CD_CTEMFImport@@UAEXPAX@Z 796b1b20 f i citk_EMF_Import.obj
 0001:00000b20       ?Delete@CD_CTText32Import@@UAEXPAX@Z 796b1b20 f i citk_Text32_Import.obj
 0001:00000b30       ??_ECTBMPImport@@UAEPAXI@Z 796b1b30 f i * CIL library *:* CIL module *
 0001:00000b30       ??_ECTSGIImport@@UAEPAXI@Z 796b1b30 f i * CIL library *:* CIL module *
 0001:00000b30       ??_ECTAVImport@@UAEPAXI@Z  796b1b30 f i * CIL library *:* CIL module *
 0001:00000b30       ??_GCTAVImport@@UAEPAXI@Z  796b1b30 f i citk_AVI_Import.obj
 0001:00000b30       ??_GCTSGIImport@@UAEPAXI@Z 796b1b30 f i citk_SGI_Import.obj
 0001:00000b30       ??_GCTBMPImport@@UAEPAXI@Z 796b1b30 f i citk_BMP_Import.obj
 0001:00000b30       ??_GCTIFLImport@@UAEPAXI@Z 796b1b30 f i citk_IFL_Import.obj
 0001:00000b30       ??_ECTIFLImport@@UAEPAXI@Z 796b1b30 f i * CIL library *:* CIL module *
 0001:00000b60       ?DoImport@CTAVImport@@MAE_NPBD@Z 796b1b60 f   citk_AVI_Import.obj
 0001:00000c40       ??1?$StrongPtr@VCTAnimatedTexture@citk@@@citk@@QAE@XZ 796b1c40 f i citk_IFL_Import.obj
 0001:00000c40       ??1?$StrongPtr@VCTAVTexture@citk@@@citk@@QAE@XZ 796b1c40 f i citk_AVI_Import.obj
 0001:00000c80       ??_GCTAVTexture@citk@@UAEPAXI@Z 796b1c80 f i citk_AVI_Import.obj
 0001:00000c80       ??_ECTAVTexture@citk@@UAEPAXI@Z 796b1c80 f i * CIL library *:* CIL module *
 0001:00000cb0       ?GetCD@CTBMPExport@@UBEPAVClassDesc@citk@@XZ 796b1cb0 f i citk_BMP_Export.obj
 0001:00000cc0       ?Create@CD_CTBMPExport@@UAEPAXXZ 796b1cc0 f i citk_BMP_Export.obj
 0001:00000d30       ??_GCTBMPExport@@UAEPAXI@Z 796b1d30 f i citk_BMP_Export.obj
 0001:00000d30       ??_ECTBMPExport@@UAEPAXI@Z 796b1d30 f i * CIL library *:* CIL module *
 0001:00000d30       ??_ECTPBMExport@@UAEPAXI@Z 796b1d30 f i * CIL library *:* CIL module *
 0001:00000d30       ??_GCTPBMExport@@UAEPAXI@Z 796b1d30 f i citk_PBM_Export.obj
 0001:00000d60       ?DoExport@CTBMPExport@@MAE_NPBDPAVCTTexture@citk@@@Z 796b1d60 f   citk_BMP_Export.obj
 0001:00001090       ?GetCD@CTBMPImport@@UBEPAVClassDesc@citk@@XZ 796b2090 f i citk_BMP_Import.obj
 0001:000010a0       ?HandlesProtocol@CTBMPImport@@MBE_NPBD@Z 796b20a0 f i citk_BMP_Import.obj
 0001:000010c0       ?Create@CD_CTBMPImport@@UAEPAXXZ 796b20c0 f i citk_BMP_Import.obj
 0001:00001140       ?DoImport@CTBMPImport@@MAE_NPBD@Z 796b2140 f   citk_BMP_Import.obj
 0001:00001510       ??_GDBitmap@citkTypes@@QAEPAXI@Z 796b2510 f i citk_BMP_Import.obj
 0001:00001580       ?GetCD@CTEMFImport@@UBEPAVClassDesc@citk@@XZ 796b2580 f i citk_EMF_Import.obj
 0001:00001590       ?Create@CD_CTEMFImport@@UAEPAXXZ 796b2590 f i citk_EMF_Import.obj
 0001:00001620       ??_GCTEMFImport@@UAEPAXI@Z 796b2620 f i citk_EMF_Import.obj
 0001:00001620       ??_GCTTargaImport@@UAEPAXI@Z 796b2620 f i citk_TARGA_Import.obj
 0001:00001620       ??_ECTEMFImport@@UAEPAXI@Z 796b2620 f i * CIL library *:* CIL module *
 0001:00001620       ??_ECTTargaImport@@UAEPAXI@Z 796b2620 f i * CIL library *:* CIL module *
 0001:00001650       ?DoAddProperties@CTEMFImport@@MAEXXZ 796b2650 f   citk_EMF_Import.obj
 0001:00001700       ?DoImport@CTEMFImport@@MAE_NPBD@Z 796b2700 f   citk_EMF_Import.obj
 0001:00001b70       ?GetCD@CTIFLImport@@UBEPAVClassDesc@citk@@XZ 796b2b70 f i citk_IFL_Import.obj
 0001:00001b80       ?Create@CD_CTIFLImport@@UAEPAXXZ 796b2b80 f i citk_IFL_Import.obj
 0001:00001bf0       ?DoImport@CTIFLImport@@MAE_NPBD@Z 796b2bf0 f   citk_IFL_Import.obj
 0001:00001ce0       ??_GCTAnimatedTexture@citk@@MAEPAXI@Z 796b2ce0 f i citk_IFL_Import.obj
 0001:00001ce0       ??_ECTAnimatedTexture@citk@@MAEPAXI@Z 796b2ce0 f i * CIL library *:* CIL module *
 0001:00001d10       ?GetCD@CTPBMExport@@UBEPAVClassDesc@citk@@XZ 796b2d10 f i citk_PBM_Export.obj
 0001:00001d20       ?TranslateErrorCode@CTPBMExport@@UAE?AVString@citkTypes@@J@Z 796b2d20 f i citk_PBM_Export.obj
 0001:00001d20       ?TranslateErrorCode@CTTargaImport@@UAE?AVString@citkTypes@@J@Z 796b2d20 f i citk_TARGA_Import.obj
 0001:00001d20       ?TranslateErrorCode@CTTargaExport@@UAE?AVString@citkTypes@@J@Z 796b2d20 f i citk_TARGA_Export.obj
 0001:00001d20       ?TranslateErrorCode@CTSGIImport@@UAE?AVString@citkTypes@@J@Z 796b2d20 f i citk_SGI_Import.obj
 0001:00001db0       ?Create@CD_CTPBMExport@@UAEPAXXZ 796b2db0 f i citk_PBM_Export.obj
 0001:00001e30       ?DoExport@CTPBMExport@@MAE_NPBDPAVCTTexture@citk@@@Z 796b2e30 f   citk_PBM_Export.obj
 0001:00001fa0       ?GetCD@CTSGIImport@@UBEPAVClassDesc@citk@@XZ 796b2fa0 f i citk_SGI_Import.obj
 0001:00001fb0       ?Create@CD_CTSGIImport@@UAEPAXXZ 796b2fb0 f i citk_SGI_Import.obj
 0001:00002040       ?PasteScanLine@CTSGIImport@@AAEXPAVDBitmap@citkTypes@@JJPAEJ@Z 796b3040 f   citk_SGI_Import.obj
 0001:00002180       ?DoImport@CTSGIImport@@MAE_NPBD@Z 796b3180 f   citk_SGI_Import.obj
 0001:00002790       ??_EDSmartFile@citk@@UAEPAXI@Z 796b3790 f i * CIL library *:* CIL module *
 0001:00002790       ??_GDSmartFile@citk@@UAEPAXI@Z 796b3790 f i citk_SGI_Import.obj
 0001:000027c0       ?GetCD@CTTargaExport@@UBEPAVClassDesc@citk@@XZ 796b37c0 f i citk_TARGA_Export.obj
 0001:000027d0       ?Create@CD_CTTargaExport@@UAEPAXXZ 796b37d0 f i citk_TARGA_Export.obj
 0001:00002840       ??_ECTTargaExport@@UAEPAXI@Z 796b3840 f i * CIL library *:* CIL module *
 0001:00002840       ??_GCTTargaExport@@UAEPAXI@Z 796b3840 f i citk_TARGA_Export.obj
 0001:00002870       ?DoExport@CTTargaExport@@MAE_NPBDPAVCTTexture@citk@@@Z 796b3870 f   citk_TARGA_Export.obj
 0001:00002ad0       ?GetCD@CTTargaImport@@UBEPAVClassDesc@citk@@XZ 796b3ad0 f i citk_TARGA_Import.obj
 0001:00002ae0       ?Create@CD_CTTargaImport@@UAEPAXXZ 796b3ae0 f i citk_TARGA_Import.obj
 0001:00002b60       ?SetDefaults@CTTargaImport@@MAEXXZ 796b3b60 f   citk_TARGA_Import.obj
 0001:00002b70       ?ReadRLEBlock@CTTargaImport@@AAEXAAVDFile@citkTypes@@PAEHH@Z 796b3b70 f   citk_TARGA_Import.obj
 0001:00002ca0       ?DoImport@CTTargaImport@@MAE_NPBD@Z 796b3ca0 f   citk_TARGA_Import.obj
 0001:00003790       ??_GCTText32Cache@@UAEPAXI@Z 796b4790 f i citk_Text32_Import.obj
 0001:00003790       ??_ECTText32Cache@@UAEPAXI@Z 796b4790 f i * CIL library *:* CIL module *
 0001:000037c0       ??1CTText32Cache@@UAE@XZ   796b47c0 f   citk_Text32_Import.obj
 0001:00003840       ?AddTexture@CTText32Cache@@QAEXPAVCTTexture@citk@@HPBD_NHHTColor32@citkTypes@@3@Z 796b4840 f   citk_Text32_Import.obj
 0001:000039e0       ?OnDelete@CTText32Cache@@UAEXPAVCTAggregated@citk@@@Z 796b49e0 f   citk_Text32_Import.obj
 0001:00003b40       ?GetCD@CTText32Import@@UBEPAVClassDesc@citk@@XZ 796b4b40 f i citk_Text32_Import.obj
 0001:00003b50       ?HandlesProtocol@CTText32Import@@MBE_NPBD@Z 796b4b50 f i citk_Text32_Import.obj
 0001:00003b90       ?Create@CD_CTText32Import@@UAEPAXXZ 796b4b90 f i citk_Text32_Import.obj
 0001:00003cb0       ??_GCTText32Import@@UAEPAXI@Z 796b4cb0 f i citk_Text32_Import.obj
 0001:00003cb0       ??_ECTText32Import@@UAEPAXI@Z 796b4cb0 f i * CIL library *:* CIL module *
 0001:00003cf0       ?DoAddProperties@CTText32Import@@MAEXXZ 796b4cf0 f   citk_Text32_Import.obj
 0001:00003e50       ?DoImport@CTText32Import@@MAE_NPBD@Z 796b4e50 f   citk_Text32_Import.obj
 0001:000048b0       ___local_stdio_printf_options 796b58b0 f i citkTypes:citkt_String.obj
 0001:000048c0       ??_GDFile@citkTypes@@UAEPAXI@Z 796b58c0 f i citkTypes:citkt_File_Win32.obj
 0001:000048c0       ??_EDFile@citkTypes@@UAEPAXI@Z 796b58c0 f i * CIL library *:* CIL module *
 0001:00004900       ??1DFile@citkTypes@@UAE@XZ 796b5900 f   citkTypes:citkt_File_Win32.obj
 0001:00004920       ?Open@DFile@citkTypes@@QAE_NPBD_N@Z 796b5920 f   citkTypes:citkt_File_Win32.obj
 0001:00004980       ?ReadBlock@DFile@citkTypes@@QAEIPAXII@Z 796b5980 f   citkTypes:citkt_File_Win32.obj
 0001:000049c0       ?Printf@DFile@citkTypes@@QAAHPBDZZ 796b59c0 f   citkTypes:citkt_File_Win32.obj
 0001:00004a30       ??0DBitmap@citkTypes@@QAE@HHH@Z 796b5a30 f   citkTypes:citkt_Bitmap.obj
 0001:00004a60       ?Create@DBitmap@citkTypes@@QAEXHHH@Z 796b5a60 f   citkTypes:citkt_Bitmap.obj
 0001:00004b10       ?_Attach@DBitmap@citkTypes@@IAEXHHPATColor32@2@H@Z 796b5b10 f   citkTypes:citkt_Bitmap.obj
 0001:00004ba0       ??0DBitmap@citkTypes@@QAE@HHTColor32@1@@Z 796b5ba0 f   citkTypes:citkt_Bitmap.obj
 0001:00004cb0       ?Create@DBitmap@citkTypes@@QAEXPBV12@@Z 796b5cb0 f   citkTypes:citkt_Bitmap.obj
 0001:00004d20       ?ScaleTo@DBitmap@citkTypes@@QAEXHH@Z 796b5d20 f   citkTypes:citkt_Bitmap.obj
 0001:00004ec0       ?GetScaled@DBitmap@citkTypes@@QBEPAV12@HH@Z 796b5ec0 f   citkTypes:citkt_Bitmap.obj
 0001:00004fe0       ?GetScaledDown@DBitmap@citkTypes@@IBEPAV12@HH@Z 796b5fe0 f   citkTypes:citkt_Bitmap.obj
 0001:00005400       ?GetScaledUp@DBitmap@citkTypes@@IBEPAV12@HH@Z 796b6400 f   citkTypes:citkt_Bitmap.obj
 0001:000057d0       ?FillRect@DBitmap@citkTypes@@QAEXABV?$DRect@H@2@ABTColor32@2@@Z 796b67d0 f   citkTypes:citkt_Bitmap.obj
 0001:000058e0       ___local_stdio_scanf_options 796b68e0 f i citkTypes:citkt_StringStuff.obj
 0001:000058f0       ?MakeTable@CRC32@citkTypes@@CAXXZ 796b68f0 f   citkTypes:citkt_CRC32.obj
 0001:000059a0       ?_Grow@DHashTableHelper@citkTypes@@IAEXAAPAU_hashslot_t@12@@Z 796b69a0 f   citkTypes:citkt_HashTable.obj
 0001:00005b37       ?Create@ClassDesc@citk@@UAEPAXXZ 796b6b37 f   citkcore:citkCore.dll
 0001:00005b3d       ?Delete@ClassDesc@citk@@UAEXPAX@Z 796b6b3d f   citkcore:citkCore.dll
 0001:00005b43       ?Delete@CTBasic@citk@@UAEXXZ 796b6b43 f   citkcore:citkCore.dll
 0001:00005b49       ?OnDelete@CTBasic@citk@@UAEXPAVCTAggregated@2@@Z 796b6b49 f   citkcore:citkCore.dll
 0001:00005b4f       ?QueryInterface@CTBasic@citk@@UAE_NKPAPAX@Z 796b6b4f f   citkcore:citkCore.dll
 0001:00005b55       ?GetSizeEstimate@CTBasic@citk@@UAEIXZ 796b6b55 f   citkcore:citkCore.dll
 0001:00005b5b       ?Load@CTAVTexture@citk@@UAE_NPBD@Z 796b6b5b f   citkcore:citkCore.dll
 0001:00005b61       ?GetCD@CTAVTexture@citk@@UBEPAVClassDesc@2@XZ 796b6b61 f   citkcore:citkCore.dll
 0001:00005b67       ?Delete@CTAggregated@citk@@UAEXXZ 796b6b67 f   citkcore:citkCore.dll
 0001:00005b6d       ?OnDelete@CTAggregated@citk@@UAEXPAV12@@Z 796b6b6d f   citkcore:citkCore.dll
 0001:00005b73       ?GetSizeEstimate@CTTexture@citk@@UAEIXZ 796b6b73 f   citkcore:citkCore.dll
 0001:00005b79       ?Invalidate@CTCached@citk@@UAEXXZ 796b6b79 f   citkcore:citkCore.dll
 0001:00005b7f       ?WriteToStream@CTTexture@citk@@UAEXPAVCTStream@2@K@Z 796b6b7f f   citkcore:citkCore.dll
 0001:00005b85       ?WriteChunk@CTStreamed@citk@@UAEXPAVCTStream@2@K@Z 796b6b85 f   citkcore:citkCore.dll
 0001:00005b8b       ?ProcessChunk@CTTexture@citk@@UAE_NPAVCTStream@2@K@Z 796b6b8b f   citkcore:citkCore.dll
 0001:00005b91       ?RestoreFileData@CTStreamed@citk@@UAE_NXZ 796b6b91 f   citkcore:citkCore.dll
 0001:00005b97       ?CreateBrowseInfo@CTAggregated@citk@@UAEPAVCTBrowseInfo@2@PAV32@H@Z 796b6b97 f   citkcore:citkCore.dll
 0001:00005b9d       ?OnMessage@CTAggregated@citk@@UAEXHPBX@Z 796b6b9d f   citkcore:citkCore.dll
 0001:00005ba3       ?DoRegisterWithService@CTTexture@citk@@MAE_NXZ 796b6ba3 f   citkcore:citkCore.dll
 0001:00005ba9       ?DoUnregisterWithService@CTTexture@citk@@MAE_NXZ 796b6ba9 f   citkcore:citkCore.dll
 0001:00005baf       ?GetConfigName@CTInterface@citk@@UAE?AVString@citkTypes@@XZ 796b6baf f   citkcore:citkCore.dll
 0001:00005bb5       ?ReadProperties@CTInterface@citk@@UAEXXZ 796b6bb5 f   citkcore:citkCore.dll
 0001:00005bbb       ?WriteProperties@CTInterface@citk@@UAEXXZ 796b6bbb f   citkcore:citkCore.dll
 0001:00005bc1       ?GetPropertyDescription@CTInterface@citk@@UAEPBDAAVDProperty@2@@Z 796b6bc1 f   citkcore:citkCore.dll
 0001:00005bc7       ?DoAddProperties@CTAVTexture@citk@@MAEXXZ 796b6bc7 f   citkcore:citkCore.dll
 0001:00005bcd       ?OnPropertyChanged@CTTexture@citk@@UAEXAAVDProperty@2@@Z 796b6bcd f   citkcore:citkCore.dll
 0001:00005bd3       ?DoCache@CTAVTexture@citk@@MAE_NXZ 796b6bd3 f   citkcore:citkCore.dll
 0001:00005bd9       ?DoFlush@CTTexture@citk@@MAEXXZ 796b6bd9 f   citkcore:citkCore.dll
 0001:00005bdf       ?GetData@CTAVTexture@citk@@UAEPAVDBitmap@citkTypes@@XZ 796b6bdf f   citkcore:citkCore.dll
 0001:00005be5       ?RemoveData@CTTexture@citk@@UAE_NXZ 796b6be5 f   citkcore:citkCore.dll
 0001:00005beb       ?GetSizeEstimate@CTNamed@citk@@UAEIXZ 796b6beb f   citkcore:citkCore.dll
 0001:00005bf1       ?Invalidate@CTStreamed@citk@@UAEXXZ 796b6bf1 f   citkcore:citkCore.dll
 0001:00005bf7       ?WriteToStream@CTNamed@citk@@UAEXPAVCTStream@2@K@Z 796b6bf7 f   citkcore:citkCore.dll
 0001:00005bfd       ?ProcessChunk@CTNamed@citk@@UAE_NPAVCTStream@2@K@Z 796b6bfd f   citkcore:citkCore.dll
 0001:00005c03       ?DoRegisterWithService@CTAggregated@citk@@MAE_NXZ 796b6c03 f   citkcore:citkCore.dll
 0001:00005c09       ?DoUnregisterWithService@CTAggregated@citk@@MAE_NXZ 796b6c09 f   citkcore:citkCore.dll
 0001:00005c0f       ?DoAddProperties@CTLogged@citk@@MAEXXZ 796b6c0f f   citkcore:citkCore.dll
 0001:00005c15       ?OnPropertyChanged@CTInterface@citk@@MAEXAAVDProperty@2@@Z 796b6c15 f   citkcore:citkCore.dll
 0001:00005c1b       ?HandlesExtension@CTImportExport@citk@@UBE_NPBD@Z 796b6c1b f   citkcore:citkCore.dll
 0001:00005c21       ?HandlesProtocol@CTImportExport@citk@@UBE_NPBD@Z 796b6c21 f   citkcore:citkCore.dll
 0001:00005c27       ?SetDefaults@CTBitmapImport@citk@@MAEXXZ 796b6c27 f   citkcore:citkCore.dll
 0001:00005c2d       ?ImportFromStream@CTImport@citk@@UAE_NPAVCTStream@2@@Z 796b6c2d f   citkcore:citkCore.dll
 0001:00005c33       ?SetDefaults@CTImportExport@citk@@MAEXXZ 796b6c33 f   citkcore:citkCore.dll
 0001:00005c39       ?GetCD@CTAnimatedTexture@citk@@UBEPAVClassDesc@2@XZ 796b6c39 f   citkcore:citkCore.dll
 0001:00005c3f       ?GetSizeEstimate@CTAnimatedTexture@citk@@UAEIXZ 796b6c3f f   citkcore:citkCore.dll
 0001:00005c45       ?WriteToStream@CTAnimatedTexture@citk@@UAEXPAVCTStream@2@K@Z 796b6c45 f   citkcore:citkCore.dll
 0001:00005c4b       ?ProcessChunk@CTAnimatedTexture@citk@@UAE_NPAVCTStream@2@K@Z 796b6c4b f   citkcore:citkCore.dll
 0001:00005c51       ?DoAddProperties@CTAnimatedTexture@citk@@MAEXXZ 796b6c51 f   citkcore:citkCore.dll
 0001:00005c57       ?DoCache@CTAnimatedTexture@citk@@UAE_NXZ 796b6c57 f   citkcore:citkCore.dll
 0001:00005c5d       ?DoFlush@CTAnimatedTexture@citk@@UAEXXZ 796b6c5d f   citkcore:citkCore.dll
 0001:00005c63       ?Load@CTAnimatedTexture@citk@@UAE_NPBD@Z 796b6c63 f   citkcore:citkCore.dll
 0001:00005c69       ?GetData@CTTexture@citk@@UAEPAVDBitmap@citkTypes@@XZ 796b6c69 f   citkcore:citkCore.dll
 0001:00005c6f       ?RemoveData@CTAnimatedTexture@citk@@UAE_NXZ 796b6c6f f   citkcore:citkCore.dll
 0001:00005c75       ?GetCD@CTBasic@citk@@UBEPAVClassDesc@2@XZ 796b6c75 f   citkcore:citkCore.dll
 0001:00005c7b       ??_Etype_info@@UAEPAXI@Z   796b6c7b f i MSVCRT:std_type_info_static.obj
 0001:00005c7b       ??_Gtype_info@@UAEPAXI@Z   796b6c7b f i MSVCRT:std_type_info_static.obj
 0001:00005ce2       ___scrt_acquire_startup_lock 796b6ce2 f   MSVCRT:utility.obj
 0001:00005d17       ___scrt_dllmain_after_initialize_c 796b6d17 f   MSVCRT:utility.obj
 0001:00005d42       ___scrt_dllmain_before_initialize_c 796b6d42 f   MSVCRT:utility.obj
 0001:00005d50       ___scrt_dllmain_crt_thread_attach 796b6d50 f   MSVCRT:utility.obj
 0001:00005d6f       ___scrt_dllmain_crt_thread_detach 796b6d6f f   MSVCRT:utility.obj
 0001:00005d7c       ___scrt_dllmain_exception_filter 796b6d7c f   MSVCRT:utility.obj
 0001:00005daf       ___scrt_dllmain_uninitialize_c 796b6daf f   MSVCRT:utility.obj
 0001:00005dd2       ___scrt_dllmain_uninitialize_critical 796b6dd2 f   MSVCRT:utility.obj
 0001:00005ddf       ___scrt_initialize_crt     796b6ddf f   MSVCRT:utility.obj
 0001:00005e18       ___scrt_initialize_onexit_tables 796b6e18 f   MSVCRT:utility.obj
 0001:00005ec2       ___scrt_is_nonwritable_in_current_image 796b6ec2 f   MSVCRT:utility.obj
 0001:00005f4c       ___scrt_release_startup_lock 796b6f4c f   MSVCRT:utility.obj
 0001:00005f69       ___scrt_uninitialize_crt   796b6f69 f   MSVCRT:utility.obj
 0001:00005f91       __onexit                   796b6f91 f   MSVCRT:utility.obj
 0001:00005fcc       _atexit                    796b6fcc f   MSVCRT:utility.obj
 0001:00005fe1       ??3@YAXPAXI@Z              796b6fe1 f   MSVCRT:delete_scalar_size.obj
 0001:00005fef       ??2@YAPAXI@Z               796b6fef f   MSVCRT:new_scalar.obj
 0001:0000601f       ??_U@YAPAXI@Z              796b701f f   MSVCRT:new_array.obj
 0001:00006028       ??_V@YAXPAX@Z              796b7028 f   MSVCRT:delete_array.obj
 0001:0000633a       __DllMainCRTStartup@12     796b733a f   MSVCRT:dll_dllmain.obj
 0001:0000635d       ___isa_available_init      796b735d f   MSVCRT:_cpu_disp_.obj
 0001:000064f6       __get_startup_argv_mode    796b74f6 f   MSVCRT:argv_mode.obj
 0001:000064fa       ___scrt_is_ucrt_dll_in_use 796b74fa f   MSVCRT:ucrt_detection.obj
 0001:00006506       ___scrt_fastfail           796b7506 f   MSVCRT:utility_desktop.obj
 0001:00006622       __crt_debugger_hook        796b7622 f   MSVCRT:utility_desktop.obj
 0001:0000662a       @_guard_check_icall@4      796b762a f i MSVCRT:checkcfg.obj
 0001:00006630       __SEH_prolog4              796b7630 f   MSVCRT:_sehprolg4_.obj
 0001:00006676       __SEH_epilog4              796b7676 f   MSVCRT:_sehprolg4_.obj
 0001:0000668b       __except_handler4          796b768b f   MSVCRT:_chandler4gs_.obj
 0001:000066ae       ??3@YAXPAX@Z               796b76ae f   MSVCRT:delete_scalar.obj
 0001:000066b3       ??0bad_alloc@std@@QAE@ABV01@@Z 796b76b3 f i MSVCRT:throw_bad_alloc.obj
 0001:000066ce       ??0bad_alloc@std@@QAE@XZ   796b76ce f i MSVCRT:throw_bad_alloc.obj
 0001:000066e6       ??0bad_array_new_length@std@@QAE@ABV01@@Z 796b76e6 f i MSVCRT:throw_bad_alloc.obj
 0001:00006701       ??0bad_array_new_length@std@@QAE@XZ 796b7701 f i MSVCRT:throw_bad_alloc.obj
 0001:00006719       ??0exception@std@@QAE@ABV01@@Z 796b7719 f i MSVCRT:throw_bad_alloc.obj
 0001:00006745       ??1bad_alloc@std@@UAE@XZ   796b7745 f i MSVCRT:throw_bad_alloc.obj
 0001:00006745       ??1bad_array_new_length@std@@UAE@XZ 796b7745 f i MSVCRT:throw_bad_alloc.obj
 0001:00006756       ??_Ebad_alloc@std@@UAEPAXI@Z 796b7756 f i MSVCRT:throw_bad_alloc.obj
 0001:00006756       ??_Gexception@std@@UAEPAXI@Z 796b7756 f i MSVCRT:throw_bad_alloc.obj
 0001:00006756       ??_Eexception@std@@UAEPAXI@Z 796b7756 f i MSVCRT:throw_bad_alloc.obj
 0001:00006756       ??_Ebad_array_new_length@std@@UAEPAXI@Z 796b7756 f i MSVCRT:throw_bad_alloc.obj
 0001:00006756       ??_Gbad_array_new_length@std@@UAEPAXI@Z 796b7756 f i MSVCRT:throw_bad_alloc.obj
 0001:00006756       ??_Gbad_alloc@std@@UAEPAXI@Z 796b7756 f i MSVCRT:throw_bad_alloc.obj
 0001:00006783       ?__scrt_throw_std_bad_alloc@@YAXXZ 796b7783 f   MSVCRT:throw_bad_alloc.obj
 0001:000067a0       ?__scrt_throw_std_bad_array_new_length@@YAXXZ 796b77a0 f   MSVCRT:throw_bad_alloc.obj
 0001:000067bd       ?what@exception@std@@UBEPBDXZ 796b77bd f i MSVCRT:throw_bad_alloc.obj
 0001:00006819       ___security_init_cookie    796b7819 f   MSVCRT:gs_support.obj
 0001:00006864       ?__scrt_initialize_type_info@@YAXXZ 796b7864 f   MSVCRT:tncleanup.obj
 0001:00006870       ?__scrt_uninitialize_type_info@@YAXXZ 796b7870 f   MSVCRT:tncleanup.obj
 0001:0000687c       ___scrt_initialize_default_local_stdio_options 796b787c f   MSVCRT:default_local_stdio_options.obj
 0001:00006899       ___scrt_get_dyn_tls_init_callback 796b7899 f   MSVCRT:dyn_tls_init.obj
 0001:0000689f       __RTC_Initialize           796b789f f   MSVCRT:_initsect_.obj
 0001:000068ca       __RTC_Terminate            796b78ca f   MSVCRT:_initsect_.obj
 0001:000068f5       @_guard_check_icall_nop@4  796b78f5 f i MSVCRT:guard_support.obj
 0001:000068f6       @__security_check_cookie@4 796b78f6 f   MSVCRT:_secchk_.obj
 0001:00006907       ___raise_securityfailure   796b7907 f   MSVCRT:gs_report.obj
 0001:0000692f       ___report_gsfailure        796b792f f   MSVCRT:gs_report.obj
 0001:00006a2a       ___CxxFrameHandler3        796b7a2a f   vcruntime:VCRUNTIME140.dll
 0001:00006a30       ___std_terminate           796b7a30 f   vcruntime:VCRUNTIME140.dll
 0001:00006a36       _memset                    796b7a36 f   vcruntime:VCRUNTIME140.dll
 0001:00006a3c       __except_handler4_common   796b7a3c f   vcruntime:VCRUNTIME140.dll
 0001:00006a42       ___std_exception_copy      796b7a42 f   vcruntime:VCRUNTIME140.dll
 0001:00006a48       ___std_exception_destroy   796b7a48 f   vcruntime:VCRUNTIME140.dll
 0001:00006a4e       __CxxThrowException@8      796b7a4e f   vcruntime:VCRUNTIME140.dll
 0001:00006a54       ___std_type_info_destroy_list 796b7a54 f   vcruntime:VCRUNTIME140.dll
 0001:00006a5a       _free                      796b7a5a f   ucrt:api-ms-win-crt-heap-l1-1-0.dll
 0001:00006a60       _malloc                    796b7a60 f   ucrt:api-ms-win-crt-heap-l1-1-0.dll
 0001:00006a66       __seh_filter_dll           796b7a66 f   ucrt:api-ms-win-crt-runtime-l1-1-0.dll
 0001:00006a6c       __configure_narrow_argv    796b7a6c f   ucrt:api-ms-win-crt-runtime-l1-1-0.dll
 0001:00006a72       __initialize_narrow_environment 796b7a72 f   ucrt:api-ms-win-crt-runtime-l1-1-0.dll
 0001:00006a78       __initialize_onexit_table  796b7a78 f   ucrt:api-ms-win-crt-runtime-l1-1-0.dll
 0001:00006a7e       __register_onexit_function 796b7a7e f   ucrt:api-ms-win-crt-runtime-l1-1-0.dll
 0001:00006a84       __execute_onexit_table     796b7a84 f   ucrt:api-ms-win-crt-runtime-l1-1-0.dll
 0001:00006a8a       __crt_atexit               796b7a8a f   ucrt:api-ms-win-crt-runtime-l1-1-0.dll
 0001:00006a90       __cexit                    796b7a90 f   ucrt:api-ms-win-crt-runtime-l1-1-0.dll
 0001:00006a96       __callnewh                 796b7a96 f   ucrt:api-ms-win-crt-heap-l1-1-0.dll
 0001:00006a9c       __initterm                 796b7a9c f   ucrt:api-ms-win-crt-runtime-l1-1-0.dll
 0001:00006aa2       __initterm_e               796b7aa2 f   ucrt:api-ms-win-crt-runtime-l1-1-0.dll
 0001:00006aa8       _IsProcessorFeaturePresent@4 796b7aa8 f   kernel32:KERNEL32.dll
 0001:00006aae       ___vcrt_uninitialize       796b7aae f   MSVCRT:ucrt_stubs.obj
 0001:00006aae       ___acrt_uninitialize       796b7aae f   MSVCRT:ucrt_stubs.obj
 0001:00006aae       ___scrt_stub_for_acrt_thread_attach 796b7aae f   MSVCRT:ucrt_stubs.obj
 0001:00006aae       ___scrt_stub_for_acrt_uninitialize_critical 796b7aae f   MSVCRT:ucrt_stubs.obj
 0001:00006aae       ___acrt_uninitialize_critical 796b7aae f   MSVCRT:ucrt_stubs.obj
 0001:00006aae       ___scrt_stub_for_acrt_initialize 796b7aae f   MSVCRT:ucrt_stubs.obj
 0001:00006aae       ___scrt_stub_for_acrt_thread_detach 796b7aae f   MSVCRT:ucrt_stubs.obj
 0001:00006aae       ___acrt_initialize         796b7aae f   MSVCRT:ucrt_stubs.obj
 0001:00006aae       ___scrt_stub_for_acrt_uninitialize 796b7aae f   MSVCRT:ucrt_stubs.obj
 0001:00006aae       ___vcrt_initialize         796b7aae f   MSVCRT:ucrt_stubs.obj
 0001:00006aae       ___vcrt_uninitialize_critical 796b7aae f   MSVCRT:ucrt_stubs.obj
 0001:00006aae       ___vcrt_thread_attach      796b7aae f   MSVCRT:ucrt_stubs.obj
 0001:00006aae       ___vcrt_thread_detach      796b7aae f   MSVCRT:ucrt_stubs.obj
 0001:00006aae       ___acrt_thread_attach      796b7aae f   MSVCRT:ucrt_stubs.obj
 0001:00006aae       ___acrt_thread_detach      796b7aae f   MSVCRT:ucrt_stubs.obj
 0001:00006ab1       ___scrt_stub_for_is_c_termination_complete 796b7ab1 f   MSVCRT:ucrt_stubs.obj
 0001:00006ab1       __is_c_termination_complete 796b7ab1 f   MSVCRT:ucrt_stubs.obj
 0001:00006ac0       __alloca_probe_16          796b7ac0 f   MSVCRT:alloca16.obj
 0001:00006ad6       __alloca_probe_8           796b7ad6     MSVCRT:alloca16.obj
 0001:00006af0       __chkstk                   796b7af0 f   MSVCRT:chkstk.obj
 0001:00006af0       __alloca_probe             796b7af0 f   MSVCRT:chkstk.obj
 0001:00006b20       __ftoui3                   796b7b20 f   MSVCRT:_ftol3_.obj
 0001:00006b2f       __ftoul3                   796b7b2f f   MSVCRT:_ftol3_.obj
 0001:00006b3e       __ftol3                    796b7b3e f   MSVCRT:_ftol3_.obj
 0001:00006b4b       __ftol3_NaN                796b7b4b f   MSVCRT:_ftol3_.obj
 0001:00006b63       __ftol3_work               796b7b63 f   MSVCRT:_ftol3_.obj
 0001:00006be9       __ftol3_common             796b7be9 f   MSVCRT:_ftol3_.obj
 0001:00006cab       __ftol3_arg_error          796b7cab f   MSVCRT:_ftol3_.obj
 0001:00006cbd       __ftol3_except             796b7cbd f   MSVCRT:_ftol3_.obj
 0001:00006d01       __dtoui3                   796b7d01 f   MSVCRT:_ftol3_.obj
 0001:00006d10       __dtoul3                   796b7d10 f   MSVCRT:_ftol3_.obj
 0001:00006d1f       __dtol3                    796b7d1f f   MSVCRT:_ftol3_.obj
 0001:00006d2c       __dtol3_NaN                796b7d2c f   MSVCRT:_ftol3_.obj
 0001:00006d49       __dtol3_work               796b7d49 f   MSVCRT:_ftol3_.obj
 0001:00006e30       __ultod3                   796b7e30 f   MSVCRT:_ftol3_.obj
 0001:00006e70       __ltod3                    796b7e70 f   MSVCRT:_ftol3_.obj
 0001:00006e97       _memcpy                    796b7e97 f   vcruntime:VCRUNTIME140.dll
 0001:00006e9d       _ceil                      796b7e9d f   ucrt:api-ms-win-crt-math-l1-1-0.dll
 0001:00006ea3       __except1                  796b7ea3 f   ucrt:api-ms-win-crt-math-l1-1-0.dll
 0002:00000000       __imp__SetBkMode@8         796b9000     gdi32:GDI32.dll
 0002:00000004       __imp__SetTextColor@8      796b9004     gdi32:GDI32.dll
 0002:00000008       __imp__CreateBrushIndirect@4 796b9008     gdi32:GDI32.dll
 0002:0000000c       __imp__GetDeviceCaps@8     796b900c     gdi32:GDI32.dll
 0002:00000010       __imp__CreateFontA@56      796b9010     gdi32:GDI32.dll
 0002:00000014       __imp__PlayEnhMetaFile@12  796b9014     gdi32:GDI32.dll
 0002:00000018       __imp__GetStockObject@4    796b9018     gdi32:GDI32.dll
 0002:0000001c       __imp__SelectObject@8      796b901c     gdi32:GDI32.dll
 0002:00000020       __imp__DeleteEnhMetaFile@4 796b9020     gdi32:GDI32.dll
 0002:00000024       __imp__DeleteDC@4          796b9024     gdi32:GDI32.dll
 0002:00000028       __imp__CreateCompatibleBitmap@12 796b9028     gdi32:GDI32.dll
 0002:0000002c       __imp__CreateCompatibleDC@4 796b902c     gdi32:GDI32.dll
 0002:00000030       __imp__GetEnhMetaFileHeader@12 796b9030     gdi32:GDI32.dll
 0002:00000034       __imp__GetDIBits@28        796b9034     gdi32:GDI32.dll
 0002:00000038       __imp__DeleteObject@4      796b9038     gdi32:GDI32.dll
 0002:0000003c       __imp__GetEnhMetaFileA@4   796b903c     gdi32:GDI32.dll
 0002:00000040       \177GDI32_NULL_THUNK_DATA  796b9040     gdi32:GDI32.dll
 0002:00000044       __imp__WriteFile@20        796b9044     kernel32:KERNEL32.dll
 0002:00000048       __imp__ReadFile@20         796b9048     kernel32:KERNEL32.dll
 0002:0000004c       __imp__CloseHandle@4       796b904c     kernel32:KERNEL32.dll
 0002:00000050       __imp__MulDiv@12           796b9050     kernel32:KERNEL32.dll
 0002:00000054       __imp__MultiByteToWideChar@24 796b9054     kernel32:KERNEL32.dll
 0002:00000058       __imp__GetLastError@0      796b9058     kernel32:KERNEL32.dll
 0002:0000005c       __imp__SetFilePointer@16   796b905c     kernel32:KERNEL32.dll
 0002:00000060       __imp__CreateFileA@28      796b9060     kernel32:KERNEL32.dll
 0002:00000064       __imp__GetFileSize@8       796b9064     kernel32:KERNEL32.dll
 0002:00000068       __imp__DisableThreadLibraryCalls@4 796b9068     kernel32:KERNEL32.dll
 0002:0000006c       __imp__IsDebuggerPresent@0 796b906c     kernel32:KERNEL32.dll
 0002:00000070       __imp__LoadLibraryA@4      796b9070     kernel32:KERNEL32.dll
 0002:00000074       __imp__TerminateProcess@8  796b9074     kernel32:KERNEL32.dll
 0002:00000078       __imp__GetCurrentProcess@0 796b9078     kernel32:KERNEL32.dll
 0002:0000007c       __imp__InitializeSListHead@4 796b907c     kernel32:KERNEL32.dll
 0002:00000080       __imp__GetSystemTimeAsFileTime@4 796b9080     kernel32:KERNEL32.dll
 0002:00000084       __imp__GetCurrentThreadId@0 796b9084     kernel32:KERNEL32.dll
 0002:00000088       __imp__GetCurrentProcessId@0 796b9088     kernel32:KERNEL32.dll
 0002:0000008c       __imp__QueryPerformanceCounter@4 796b908c     kernel32:KERNEL32.dll
 0002:00000090       __imp__SetUnhandledExceptionFilter@4 796b9090     kernel32:KERNEL32.dll
 0002:00000094       __imp__UnhandledExceptionFilter@4 796b9094     kernel32:KERNEL32.dll
 0002:00000098       __imp__IsProcessorFeaturePresent@4 796b9098     kernel32:KERNEL32.dll
 0002:0000009c       __imp__FreeLibrary@4       796b909c     kernel32:KERNEL32.dll
 0002:000000a0       \177KERNEL32_NULL_THUNK_DATA 796b90a0     kernel32:KERNEL32.dll
 0002:000000a4       __imp__LoadStringA@16      796b90a4     user32:USER32.dll
 0002:000000a8       __imp__LoadImageA@24       796b90a8     user32:USER32.dll
 0002:000000ac       __imp__GetDC@4             796b90ac     user32:USER32.dll
 0002:000000b0       __imp__DrawTextA@20        796b90b0     user32:USER32.dll
 0002:000000b4       __imp__DrawTextW@20        796b90b4     user32:USER32.dll
 0002:000000b8       __imp__FillRect@12         796b90b8     user32:USER32.dll
 0002:000000bc       __imp__ReleaseDC@8         796b90bc     user32:USER32.dll
 0002:000000c0       \177USER32_NULL_THUNK_DATA 796b90c0     user32:USER32.dll
 0002:000000c4       __imp__memcpy              796b90c4     vcruntime:VCRUNTIME140.dll
 0002:000000c8       __imp____std_terminate     796b90c8     vcruntime:VCRUNTIME140.dll
 0002:000000cc       __imp__memset              796b90cc     vcruntime:VCRUNTIME140.dll
 0002:000000d0       __imp___except_handler4_common 796b90d0     vcruntime:VCRUNTIME140.dll
 0002:000000d4       __imp____CxxFrameHandler3  796b90d4     vcruntime:VCRUNTIME140.dll
 0002:000000d8       __imp____std_exception_copy 796b90d8     vcruntime:VCRUNTIME140.dll
 0002:000000dc       __imp____std_exception_destroy 796b90dc     vcruntime:VCRUNTIME140.dll
 0002:000000e0       __imp___CxxThrowException@8 796b90e0     vcruntime:VCRUNTIME140.dll
 0002:000000e4       __imp____std_type_info_destroy_list 796b90e4     vcruntime:VCRUNTIME140.dll
 0002:000000e8       \177VCRUNTIME140_NULL_THUNK_DATA 796b90e8     vcruntime:VCRUNTIME140.dll
 0002:000000ec       __imp__atoi                796b90ec     ucrt:api-ms-win-crt-convert-l1-1-0.dll
 0002:000000f0       __imp__strtoul             796b90f0     ucrt:api-ms-win-crt-convert-l1-1-0.dll
 0002:000000f4       \177api-ms-win-crt-convert-l1-1-0_NULL_THUNK_DATA 796b90f4     ucrt:api-ms-win-crt-convert-l1-1-0.dll
 0002:000000f8       __imp__calloc              796b90f8     ucrt:api-ms-win-crt-heap-l1-1-0.dll
 0002:000000fc       __imp___callnewh           796b90fc     ucrt:api-ms-win-crt-heap-l1-1-0.dll
 0002:00000100       __imp__malloc              796b9100     ucrt:api-ms-win-crt-heap-l1-1-0.dll
 0002:00000104       __imp__free                796b9104     ucrt:api-ms-win-crt-heap-l1-1-0.dll
 0002:00000108       \177api-ms-win-crt-heap-l1-1-0_NULL_THUNK_DATA 796b9108     ucrt:api-ms-win-crt-heap-l1-1-0.dll
 0002:0000010c       __imp__ceil                796b910c     ucrt:api-ms-win-crt-math-l1-1-0.dll
 0002:00000110       __imp___except1            796b9110     ucrt:api-ms-win-crt-math-l1-1-0.dll
 0002:00000114       \177api-ms-win-crt-math-l1-1-0_NULL_THUNK_DATA 796b9114     ucrt:api-ms-win-crt-math-l1-1-0.dll
 0002:00000118       __imp___mbsnbcmp           796b9118     ucrt:api-ms-win-crt-multibyte-l1-1-0.dll
 0002:0000011c       __imp___mbscmp             796b911c     ucrt:api-ms-win-crt-multibyte-l1-1-0.dll
 0002:00000120       __imp___mbsnbcpy           796b9120     ucrt:api-ms-win-crt-multibyte-l1-1-0.dll
 0002:00000124       __imp___mbsstr             796b9124     ucrt:api-ms-win-crt-multibyte-l1-1-0.dll
 0002:00000128       __imp___mbsrchr            796b9128     ucrt:api-ms-win-crt-multibyte-l1-1-0.dll
 0002:0000012c       __imp___mbsicmp            796b912c     ucrt:api-ms-win-crt-multibyte-l1-1-0.dll
 0002:00000130       \177api-ms-win-crt-multibyte-l1-1-0_NULL_THUNK_DATA 796b9130     ucrt:api-ms-win-crt-multibyte-l1-1-0.dll
 0002:00000134       __imp___register_onexit_function 796b9134     ucrt:api-ms-win-crt-runtime-l1-1-0.dll
 0002:00000138       __imp___crt_atexit         796b9138     ucrt:api-ms-win-crt-runtime-l1-1-0.dll
 0002:0000013c       __imp___configure_narrow_argv 796b913c     ucrt:api-ms-win-crt-runtime-l1-1-0.dll
 0002:00000140       __imp___seh_filter_dll     796b9140     ucrt:api-ms-win-crt-runtime-l1-1-0.dll
 0002:00000144       __imp___cexit              796b9144     ucrt:api-ms-win-crt-runtime-l1-1-0.dll
 0002:00000148       __imp___initterm           796b9148     ucrt:api-ms-win-crt-runtime-l1-1-0.dll
 0002:0000014c       __imp___initterm_e         796b914c     ucrt:api-ms-win-crt-runtime-l1-1-0.dll
 0002:00000150       __imp___execute_onexit_table 796b9150     ucrt:api-ms-win-crt-runtime-l1-1-0.dll
 0002:00000154       __imp___initialize_onexit_table 796b9154     ucrt:api-ms-win-crt-runtime-l1-1-0.dll
 0002:00000158       __imp___initialize_narrow_environment 796b9158     ucrt:api-ms-win-crt-runtime-l1-1-0.dll
 0002:0000015c       \177api-ms-win-crt-runtime-l1-1-0_NULL_THUNK_DATA 796b915c     ucrt:api-ms-win-crt-runtime-l1-1-0.dll
 0002:00000160       __imp____stdio_common_vsprintf 796b9160     ucrt:api-ms-win-crt-stdio-l1-1-0.dll
 0002:00000164       \177api-ms-win-crt-stdio-l1-1-0_NULL_THUNK_DATA 796b9164     ucrt:api-ms-win-crt-stdio-l1-1-0.dll
 0002:00000168       __imp__strncpy             796b9168     ucrt:api-ms-win-crt-string-l1-1-0.dll
 0002:0000016c       __imp__strdup              796b916c     ucrt:api-ms-win-crt-string-l1-1-0.dll
 0002:0000016c       __imp___strdup             796b916c     ucrt:api-ms-win-crt-string-l1-1-0.dll
 0002:00000170       \177api-ms-win-crt-string-l1-1-0_NULL_THUNK_DATA 796b9170     ucrt:api-ms-win-crt-string-l1-1-0.dll
 0002:00000174       __imp_?GetCD@CTBasic@citk@@UBEPAVClassDesc@2@XZ 796b9174     citkcore:citkCore.dll
 0002:00000178       __imp_??1CTPlugInLib@citk@@MAE@XZ 796b9178     citkcore:citkCore.dll
 0002:0000017c       __imp_?SetData@CTTexture@citk@@QAE_NPAVDBitmap@citkTypes@@@Z 796b917c     citkcore:citkCore.dll
 0002:00000180       __imp_?GetClassDesc_CTTexture@@YAPAVClassDesc@citk@@XZ 796b9180     citkcore:citkCore.dll
 0002:00000184       __imp_??0CTBitmapExport@citk@@QAE@XZ 796b9184     citkcore:citkCore.dll
 0002:00000188       __imp_??1CTBitmapExport@citk@@UAE@XZ 796b9188     citkcore:citkCore.dll
 0002:0000018c       __imp_?SetDefaults@CTImportExport@citk@@MAEXXZ 796b918c     citkcore:citkCore.dll
 0002:00000190       __imp_?Unlock@CTCached@citk@@QAEXXZ 796b9190     citkcore:citkCore.dll
 0002:00000194       __imp_?Lock@CTCached@citk@@QAE_NXZ 796b9194     citkcore:citkCore.dll
 0002:00000198       __imp_?_CD@CTBitmapExport@citk@@SAPAVClassDesc@2@XZ 796b9198     citkcore:citkCore.dll
 0002:0000019c       __imp_??0CTBitmapImport@citk@@QAE@XZ 796b919c     citkcore:citkCore.dll
 0002:000001a0       __imp_??1CTBitmapImport@citk@@UAE@XZ 796b91a0     citkcore:citkCore.dll
 0002:000001a4       __imp_?RemoveSubscriber@CTAggregated@citk@@QAEXPAVCTBasic@2@@Z 796b91a4     citkcore:citkCore.dll
 0002:000001a8       __imp_??1CTAVTexture@citk@@UAE@XZ 796b91a8     citkcore:citkCore.dll
 0002:000001ac       __imp_??1CTBasic@citk@@MAE@XZ 796b91ac     citkcore:citkCore.dll
 0002:000001b0       __imp_??0CTBasic@citk@@QAE@XZ 796b91b0     citkcore:citkCore.dll
 0002:000001b4       __imp_?ImportFromStream@CTImport@citk@@UAE_NPAVCTStream@2@@Z 796b91b4     citkcore:citkCore.dll
 0002:000001b8       __imp_?SeekTo@DSmartFile@citk@@QAEX_J@Z 796b91b8     citkcore:citkCore.dll
 0002:000001bc       __imp_?SetDefaults@CTBitmapImport@citk@@MAEXXZ 796b91bc     citkcore:citkCore.dll
 0002:000001c0       __imp_?HandlesProtocol@CTImportExport@citk@@UBE_NPBD@Z 796b91c0     citkcore:citkCore.dll
 0002:000001c4       __imp_?IsKindOf@ClassDesc@citk@@QBE_NPAV12@@Z 796b91c4     citkcore:citkCore.dll
 0002:000001c8       __imp_?Open@DSmartFile@citk@@QAE_NPBD_N@Z 796b91c8     citkcore:citkCore.dll
 0002:000001cc       __imp_?SetUVMode@CTTexture@citk@@QAEXW4tex_mode_t@12@0@Z 796b91cc     citkcore:citkCore.dll
 0002:000001d0       __imp_?HandlesExtension@CTImportExport@citk@@UBE_NPBD@Z 796b91d0     citkcore:citkCore.dll
 0002:000001d4       __imp_??1DSmartFile@citk@@UAE@XZ 796b91d4     citkcore:citkCore.dll
 0002:000001d8       __imp_?OnPropertyChanged@CTInterface@citk@@MAEXAAVDProperty@2@@Z 796b91d8     citkcore:citkCore.dll
 0002:000001dc       __imp_?DoAddProperties@CTLogged@citk@@MAEXXZ 796b91dc     citkcore:citkCore.dll
 0002:000001e0       __imp_?DoUnregisterWithService@CTAggregated@citk@@MAE_NXZ 796b91e0     citkcore:citkCore.dll
 0002:000001e4       __imp_?RemoveData@CTAnimatedTexture@citk@@UAE_NXZ 796b91e4     citkcore:citkCore.dll
 0002:000001e8       __imp_?_Set@DProperty@citk@@QAEAAV12@AAVString@citkTypes@@@Z 796b91e8     citkcore:citkCore.dll
 0002:000001ec       __imp_?GetData@CTTexture@citk@@UAEPAVDBitmap@citkTypes@@XZ 796b91ec     citkcore:citkCore.dll
 0002:000001f0       __imp_?_Set@DProperty@citk@@QAEAAV12@AAH@Z 796b91f0     citkcore:citkCore.dll
 0002:000001f4       __imp_?DoRegisterWithService@CTAggregated@citk@@MAE_NXZ 796b91f4     citkcore:citkCore.dll
 0002:000001f8       __imp_?DoFlush@CTAnimatedTexture@citk@@UAEXXZ 796b91f8     citkcore:citkCore.dll
 0002:000001fc       __imp_?DoCache@CTAnimatedTexture@citk@@UAE_NXZ 796b91fc     citkcore:citkCore.dll
 0002:00000200       __imp_?DoAddProperties@CTAnimatedTexture@citk@@MAEXXZ 796b9200     citkcore:citkCore.dll
 0002:00000204       __imp_?AddPropertyReg@CTInterface@citk@@IAEPAVDProperty@2@PBDPAVClassDesc@2@@Z 796b9204     citkcore:citkCore.dll
 0002:00000208       __imp_?ProcessChunk@CTAnimatedTexture@citk@@UAE_NPAVCTStream@2@K@Z 796b9208     citkcore:citkCore.dll
 0002:0000020c       __imp_?WriteToStream@CTAnimatedTexture@citk@@UAEXPAVCTStream@2@K@Z 796b920c     citkcore:citkCore.dll
 0002:00000210       __imp_?GetSizeEstimate@CTAnimatedTexture@citk@@UAEIXZ 796b9210     citkcore:citkCore.dll
 0002:00000214       __imp_?GetCD@CTAnimatedTexture@citk@@UBEPAVClassDesc@2@XZ 796b9214     citkcore:citkCore.dll
 0002:00000218       __imp_??1CTAnimatedTexture@citk@@MAE@XZ 796b9218     citkcore:citkCore.dll
 0002:0000021c       __imp_?_CD@CTAnimatedTexture@citk@@SAPAVClassDesc@2@XZ 796b921c     citkcore:citkCore.dll
 0002:00000220       __imp_?ProcessChunk@CTNamed@citk@@UAE_NPAVCTStream@2@K@Z 796b9220     citkcore:citkCore.dll
 0002:00000224       __imp_??0CTAnimatedTexture@citk@@QAE@XZ 796b9224     citkcore:citkCore.dll
 0002:00000228       __imp_?LoadIFL@CTAnimatedTexture@citk@@QAEHPBD@Z 796b9228     citkcore:citkCore.dll
 0002:0000022c       __imp_?SetACG@CTTexture@citk@@QAEXHH_N@Z 796b922c     citkcore:citkCore.dll
 0002:00000230       __imp_?_Set@DProperty@citk@@QAEAAV12@AAK@Z 796b9230     citkcore:citkCore.dll
 0002:00000234       __imp_?WriteToStream@CTNamed@citk@@UAEXPAVCTStream@2@K@Z 796b9234     citkcore:citkCore.dll
 0002:00000238       __imp_?_Set@DProperty@citk@@QAEAAV12@AA_N@Z 796b9238     citkcore:citkCore.dll
 0002:0000023c       __imp_?Invalidate@CTStreamed@citk@@UAEXXZ 796b923c     citkcore:citkCore.dll
 0002:00000240       __imp_?AddProperty@CTInterface@citk@@IAEPAVDProperty@2@PBDPAVClassDesc@2@@Z 796b9240     citkcore:citkCore.dll
 0002:00000244       __imp_?AddSubscriber@CTAggregated@citk@@QAEXPAVCTBasic@2@@Z 796b9244     citkcore:citkCore.dll
 0002:00000248       __imp_??0CTAVTexture@citk@@QAE@XZ 796b9248     citkcore:citkCore.dll
 0002:0000024c       __imp_?GetSizeEstimate@CTNamed@citk@@UAEIXZ 796b924c     citkcore:citkCore.dll
 0002:00000250       __imp_?RemoveData@CTTexture@citk@@UAE_NXZ 796b9250     citkcore:citkCore.dll
 0002:00000254       __imp_?GetData@CTAVTexture@citk@@UAEPAVDBitmap@citkTypes@@XZ 796b9254     citkcore:citkCore.dll
 0002:00000258       __imp_?DoFlush@CTTexture@citk@@MAEXXZ 796b9258     citkcore:citkCore.dll
 0002:0000025c       __imp_?DoCache@CTAVTexture@citk@@MAE_NXZ 796b925c     citkcore:citkCore.dll
 0002:00000260       __imp_?OnPropertyChanged@CTTexture@citk@@UAEXAAVDProperty@2@@Z 796b9260     citkcore:citkCore.dll
 0002:00000264       __imp_?DoAddProperties@CTAVTexture@citk@@MAEXXZ 796b9264     citkcore:citkCore.dll
 0002:00000268       __imp_?GetPropertyDescription@CTInterface@citk@@UAEPBDAAVDProperty@2@@Z 796b9268     citkcore:citkCore.dll
 0002:0000026c       __imp_?WriteProperties@CTInterface@citk@@UAEXXZ 796b926c     citkcore:citkCore.dll
 0002:00000270       __imp_?ReadProperties@CTInterface@citk@@UAEXXZ 796b9270     citkcore:citkCore.dll
 0002:00000274       __imp_?GetConfigName@CTInterface@citk@@UAE?AVString@citkTypes@@XZ 796b9274     citkcore:citkCore.dll
 0002:00000278       __imp_?DoUnregisterWithService@CTTexture@citk@@MAE_NXZ 796b9278     citkcore:citkCore.dll
 0002:0000027c       __imp_?DoRegisterWithService@CTTexture@citk@@MAE_NXZ 796b927c     citkcore:citkCore.dll
 0002:00000280       __imp_?OnMessage@CTAggregated@citk@@UAEXHPBX@Z 796b9280     citkcore:citkCore.dll
 0002:00000284       __imp_?CreateBrowseInfo@CTAggregated@citk@@UAEPAVCTBrowseInfo@2@PAV32@H@Z 796b9284     citkcore:citkCore.dll
 0002:00000288       __imp_?RestoreFileData@CTStreamed@citk@@UAE_NXZ 796b9288     citkcore:citkCore.dll
 0002:0000028c       __imp_?ProcessChunk@CTTexture@citk@@UAE_NPAVCTStream@2@K@Z 796b928c     citkcore:citkCore.dll
 0002:00000290       __imp_?WriteChunk@CTStreamed@citk@@UAEXPAVCTStream@2@K@Z 796b9290     citkcore:citkCore.dll
 0002:00000294       __imp_?WriteToStream@CTTexture@citk@@UAEXPAVCTStream@2@K@Z 796b9294     citkcore:citkCore.dll
 0002:00000298       __imp_?Invalidate@CTCached@citk@@UAEXXZ 796b9298     citkcore:citkCore.dll
 0002:0000029c       __imp_?GetSizeEstimate@CTTexture@citk@@UAEIXZ 796b929c     citkcore:citkCore.dll
 0002:000002a0       __imp_?OnDelete@CTAggregated@citk@@UAEXPAV12@@Z 796b92a0     citkcore:citkCore.dll
 0002:000002a4       __imp_?Delete@CTAggregated@citk@@UAEXXZ 796b92a4     citkcore:citkCore.dll
 0002:000002a8       __imp_?GetCD@CTAVTexture@citk@@UBEPAVClassDesc@2@XZ 796b92a8     citkcore:citkCore.dll
 0002:000002ac       __imp_?_CD@CTAVTexture@citk@@SAPAVClassDesc@2@XZ 796b92ac     citkcore:citkCore.dll
 0002:000002b0       __imp_?NoError@CTLogged@citk@@IAE_NXZ 796b92b0     citkcore:citkCore.dll
 0002:000002b4       __imp_?ErrorCode@CTLogged@citk@@IAE_NJPBD@Z 796b92b4     citkcore:citkCore.dll
 0002:000002b8       __imp_?Load@CTAVTexture@citk@@UAE_NPBD@Z 796b92b8     citkcore:citkCore.dll
 0002:000002bc       __imp_?RemoveRef@CTReferenced@citk@@QAEHXZ 796b92bc     citkcore:citkCore.dll
 0002:000002c0       __imp_?AddExtension@CTImportExport@citk@@IAEXPBD@Z 796b92c0     citkcore:citkCore.dll
 0002:000002c4       __imp_?_CD@CTBitmapImport@citk@@SAPAVClassDesc@2@XZ 796b92c4     citkcore:citkCore.dll
 0002:000002c8       __imp_?TranslateErrorCode@CTLogged@citk@@UAE?AVString@citkTypes@@J@Z 796b92c8     citkcore:citkCore.dll
 0002:000002cc       __imp_??0CTPlugInLib@citk@@QAE@XZ 796b92cc     citkcore:citkCore.dll
 0002:000002d0       __imp_?GetSizeEstimate@CTBasic@citk@@UAEIXZ 796b92d0     citkcore:citkCore.dll
 0002:000002d4       __imp_?QueryInterface@CTBasic@citk@@UAE_NKPAPAX@Z 796b92d4     citkcore:citkCore.dll
 0002:000002d8       __imp_?OnDelete@CTBasic@citk@@UAEXPAVCTAggregated@2@@Z 796b92d8     citkcore:citkCore.dll
 0002:000002dc       __imp_?Delete@CTBasic@citk@@UAEXXZ 796b92dc     citkcore:citkCore.dll
 0002:000002e0       __imp_?Delete@ClassDesc@citk@@UAEXPAX@Z 796b92e0     citkcore:citkCore.dll
 0002:000002e4       __imp_?Create@ClassDesc@citk@@UAEPAXXZ 796b92e4     citkcore:citkCore.dll
 0002:000002e8       __imp_?AddClass@CTPlugInLib@citk@@IAEXPAVClassDesc@2@@Z 796b92e8     citkcore:citkCore.dll
 0002:000002ec       __imp_?RegisterClasses@CTPlugInLib@citk@@QAE_NXZ 796b92ec     citkcore:citkCore.dll
 0002:000002f0       __imp_?_CD@CTPlugInLib@citk@@SAPAVClassDesc@2@XZ 796b92f0     citkcore:citkCore.dll
 0002:000002f4       __imp_??0ClassDesc@citk@@QAE@XZ 796b92f4     citkcore:citkCore.dll
 0002:000002f8       __imp_?AddVersion@CTPlugInLib@citk@@IAEXPBDH0@Z 796b92f8     citkcore:citkCore.dll
 0002:000002fc       __imp_?Load@CTAnimatedTexture@citk@@UAE_NPBD@Z 796b92fc     citkcore:citkCore.dll
 0002:00000300       \177citkCore_NULL_THUNK_DATA 796b9300     citkcore:citkCore.dll
 0002:00000304       ___guard_check_icall_fptr  796b9304     MSVCRT:guard_support.obj
 0002:00000308       ___xc_a                    796b9308     MSVCRT:initializers.obj
 0002:00000340       ___xc_z                    796b9340     MSVCRT:initializers.obj
 0002:00000344       ___xi_a                    796b9344     MSVCRT:initializers.obj
 0002:00000348       ___xi_z                    796b9348     MSVCRT:initializers.obj
 0002:0000034c       ___xp_a                    796b934c     MSVCRT:initializers.obj
 0002:00000350       ___xp_z                    796b9350     MSVCRT:initializers.obj
 0002:00000354       ___xt_a                    796b9354     MSVCRT:initializers.obj
 0002:00000358       ___xt_z                    796b9358     MSVCRT:initializers.obj
 0002:00000364       ??_7type_info@@6B@         796b9364     MSVCRT:std_type_info_static.obj
 0002:00000368       __pRawDllMain              796b9368     MSVCRT:dll_dllmain.obj
 0002:00000368       __pDefaultRawDllMain       796b9368     MSVCRT:dll_dllmain.obj
 0002:00000370       ??_7exception@std@@6B@     796b9370     MSVCRT:throw_bad_alloc.obj
 0002:00000378       ??_C@_0BC@EOODALEL@Unknown?5exception?$AA@ 796b9378     MSVCRT:throw_bad_alloc.obj
 0002:00000390       ??_7bad_alloc@std@@6B@     796b9390     MSVCRT:throw_bad_alloc.obj
 0002:00000398       ??_C@_0P@GHFPNOJB@bad?5allocation?$AA@ 796b9398     MSVCRT:throw_bad_alloc.obj
 0002:000003ac       ??_7bad_array_new_length@std@@6B@ 796b93ac     MSVCRT:throw_bad_alloc.obj
 0002:000003b4       ??_C@_0BF@KINCDENJ@bad?5array?5new?5length?$AA@ 796b93b4     MSVCRT:throw_bad_alloc.obj
 0002:000003d4       ??_C@_0N@NNFAMHHP@Bart?5de?5Boer?$AA@ 796b93d4     citkIO.obj
 0002:000003e4       ??_C@_0BO@CDGDHDAL@bart?4de?4boer?$EAcrystalinter?4com?$AA@ 796b93e4     citkIO.obj
 0002:00000404       ??_C@_0BI@PCEDKBJN@Crystal?5Intertechnology?$AA@ 796b9404     citkIO.obj
 0002:0000041c       ??_C@_0BF@GALGDNLA@www?4crystalinter?4com?$AA@ 796b941c     citkIO.obj
 0002:00000434       ??_C@_0O@EAKGMDGD@Ionut?5Cristea?$AA@ 796b9434     citkIO.obj
 0002:00000444       ??_C@_0BP@HOJHBKLG@ionut?4cristea?$EAcrystalinter?4com?$AA@ 796b9444     citkIO.obj
 0002:00000464       ??_C@_0BA@CNABOPMH@Lionello?5Lunesu?$AA@ 796b9464     citkIO.obj
 0002:00000474       ??_C@_0CB@EDHNPAGN@lionello?4lunesu?$EAcrystalinter?4com@ 796b9474     citkIO.obj
 0002:00000498       ??_C@_06BPOJPLOD@citkIO?$AA@ 796b9498     citkIO.obj
 0002:000004a0       ??_C@_0O@PNALBJBH@CITK_CORE_VER?$AA@ 796b94a0     citkIO.obj
 0002:000004b0       ??_C@_0P@HCDJPIJB@CITK_TYPES_VER?$AA@ 796b94b0     citkIO.obj
 0002:000004c0       ??_C@_0BJ@OGGLBFAI@Fri?5Mar?5?52?523?313?303?52018?$AA@ 796b94c0     citkIO.obj
 0002:000004dc       ??_C@_0P@EELHMFFA@citkIO?5plug?9in?$AA@ 796b94dc     citkIO.obj
 0002:000004f0       ??_7CD_citkIO@@6B@         796b94f0     citkIO.obj
 0002:00000500       ??_7citkIO@@6B@            796b9500     citkIO.obj
 0002:00000524       ??_7CR_LGGL@@6B@           796b9524     citkIO.obj
 0002:0000053c       ??_7CR_IC@@6B@             796b953c     citkIO.obj
 0002:00000554       ??_7CR_HBdB@@6B@           796b9554     citkIO.obj
 0002:00000568       ??_C@_0L@NCMFNBLC@CTAVImport?$AA@ 796b9568     citk_AVI_Import.obj
 0002:00000574       ??_C@_0BJ@OPMOOBGL@Fri?5Mar?5?52?516?324?341?52018?$AA@ 796b9574     citk_AVI_Import.obj
 0002:00000590       ??_C@_0M@OIPFCNPB@AV?5Importer?$AA@ 796b9590     citk_AVI_Import.obj
 0002:0000059c       ??_C@_07MFOMNMI@citk?5IO?$AA@ 796b959c     citk_AVI_Import.obj
 0002:000005a4       ??_C@_03LJGCHEIJ@avi?$AA@  796b95a4     citk_AVI_Import.obj
 0002:000005a8       ??_C@_03GJLKJKAN@mpg?$AA@  796b95a8     citk_AVI_Import.obj
 0002:000005ac       ??_C@_04FHOAOPCJ@mpeg?$AA@ 796b95ac     citk_AVI_Import.obj
 0002:000005b4       ??_C@_03KOHGDDBM@mp2?$AA@  796b95b4     citk_AVI_Import.obj
 0002:000005b8       ??_C@_03DIDBKKKN@asf?$AA@  796b95b8     citk_AVI_Import.obj
 0002:000005bc       ??_C@_03BBDJDOMF@wmv?$AA@  796b95bc     citk_AVI_Import.obj
 0002:000005c4       ??_SCTAVTexture@citk@@6B@  796b95c4     citk_AVI_Import.obj
 0002:00000630       ??_7CTAVImport@@6B@        796b9630     citk_AVI_Import.obj
 0002:000006a0       ??_7CD_CTAVImport@@6B@     796b96a0     citk_AVI_Import.obj
 0002:000007a0       ?MagicNumber@DHashTableHelper@citkTypes@@0KB 796b97a0     citkTypes:citkt_HashTable.obj
 0002:000007a4       ?_CR_HBdB@@3VCR_HBdB@@A    796b97a4     citkIO.obj
 0002:000007ac       ??_C@_0M@JMPHOABJ@CTBMPExport?$AA@ 796b97ac     citk_BMP_Export.obj
 0002:000007b8       ??_C@_0N@HOFFMCGF@BMP?5Exporter?$AA@ 796b97b8     citk_BMP_Export.obj
 0002:000007c8       ??_C@_03CAKEDOOO@bmp?$AA@  796b97c8     citk_BMP_Export.obj
 0002:000007d0       ??_7CTBMPExport@@6B@       796b97d0     citk_BMP_Export.obj
 0002:0000083c       ??_7CD_CTBMPExport@@6B@    796b983c     citk_BMP_Export.obj
 0002:00000848       ??_C@_06EBLEMEAA@res?3?1?1?$AA@ 796b9848     citk_BMP_Import.obj
 0002:00000850       ??_C@_0M@IEMBJEF@CTBMPImport?$AA@ 796b9850     citk_BMP_Import.obj
 0002:0000085c       ??_C@_0N@KMDKAODO@BMP?5Importer?$AA@ 796b985c     citk_BMP_Import.obj
 0002:0000086c       ??_C@_03HKDCLJDN@dib?$AA@  796b986c     citk_BMP_Import.obj
 0002:00000874       ??_7CTBMPImport@@6B@       796b9874     citk_BMP_Import.obj
 0002:000008e4       ??_7CD_CTBMPImport@@6B@    796b98e4     citk_BMP_Import.obj
 0002:000008f0       ??_C@_0M@FAEEDKJA@CTEMFImport?$AA@ 796b98f0     citk_EMF_Import.obj
 0002:000008fc       ??_C@_0N@JHAKAGOO@EMF?5Importer?$AA@ 796b98fc     citk_EMF_Import.obj
 0002:0000090c       ??_C@_03KBOLLDIA@emf?$AA@  796b990c     citk_EMF_Import.obj
 0002:00000910       ??_C@_0L@KGPBCGJE@Resolution?$AA@ 796b9910     citk_EMF_Import.obj
 0002:0000091c       ??_C@_05PDOBBJNA@Color?$AA@ 796b991c     citk_EMF_Import.obj
 0002:00000924       ??_C@_0M@IOOMCNJL@MultiSample?$AA@ 796b9924     citk_EMF_Import.obj
 0002:00000930       ??_C@_0BA@FLPKECJK@LockAspectRatio?$AA@ 796b9930     citk_EMF_Import.obj
 0002:00000940       ??_C@_06EFOLKHBI@Power2?$AA@ 796b9940     citk_EMF_Import.obj
 0002:0000094c       ??_7CTEMFImport@@6B@       796b994c     citk_EMF_Import.obj
 0002:000009bc       ??_7CD_CTEMFImport@@6B@    796b99bc     citk_EMF_Import.obj
 0002:000009c8       ??_C@_0M@FJONFIAL@CTIFLImport?$AA@ 796b99c8     citk_IFL_Import.obj
 0002:000009d4       ??_C@_0N@JOINEDJP@IFL?5Importer?$AA@ 796b99d4     citk_IFL_Import.obj
 0002:000009e4       ??_C@_03BNIHALFD@ifl?$AA@  796b99e4     citk_IFL_Import.obj
 0002:000009ec       ??_SCTAnimatedTexture@citk@@6B@ 796b99ec     citk_IFL_Import.obj
 0002:00000a58       ??_7CTIFLImport@@6B@       796b9a58     citk_IFL_Import.obj
 0002:00000ac8       ??_7CD_CTIFLImport@@6B@    796b9ac8     citk_IFL_Import.obj
 0002:00000ad4       ??_C@_0M@IHKLFKOH@CTPBMExport?$AA@ 796b9ad4     citk_PBM_Export.obj
 0002:00000ae0       ??_C@_0N@LNPIMHEJ@PBM?5Exporter?$AA@ 796b9ae0     citk_PBM_Export.obj
 0002:00000af0       ??_C@_03DBCGPNMF@ppm?$AA@  796b9af0     citk_PBM_Export.obj
 0002:00000af4       ??_C@_03COIEIKNL@pbm?$AA@  796b9af4     citk_PBM_Export.obj
 0002:00000af8       ??_C@_03CHJOHDLP@pnm?$AA@  796b9af8     citk_PBM_Export.obj
 0002:00000afc       ??_C@_0O@NGFEHDFM@P6?6?$CFi?5?$CFi?6255?6?$AA@ 796b9afc     citk_PBM_Export.obj
 0002:00000b10       ??_7CTPBMExport@@6B@       796b9b10     citk_PBM_Export.obj
 0002:00000b7c       ??_7CD_CTPBMExport@@6B@    796b9b7c     citk_PBM_Export.obj
 0002:00000b88       ??_C@_0M@DGPKFDAN@CTSGIImport?$AA@ 796b9b88     citk_SGI_Import.obj
 0002:00000b94       ??_C@_0N@PKCHGDEO@SGI?5Importer?$AA@ 796b9b94     citk_SGI_Import.obj
 0002:00000ba4       ??_C@_03FOJGCCNK@sgi?$AA@  796b9ba4     citk_SGI_Import.obj
 0002:00000ba8       ??_C@_03JBIPMCLC@int?$AA@  796b9ba8     citk_SGI_Import.obj
 0002:00000bac       ??_C@_04FJBIAHIE@inta?$AA@ 796b9bac     citk_SGI_Import.obj
 0002:00000bb4       ??_C@_03FNOJMHE@rgb?$AA@   796b9bb4     citk_SGI_Import.obj
 0002:00000bb8       ??_C@_04CLILDBFP@rgba?$AA@ 796b9bb8     citk_SGI_Import.obj
 0002:00000bc4       ??_7DSmartFile@citk@@6B@   796b9bc4     citk_SGI_Import.obj
 0002:00000bcc       ??_7CTSGIImport@@6B@       796b9bcc     citk_SGI_Import.obj
 0002:00000c3c       ??_7CD_CTSGIImport@@6B@    796b9c3c     citk_SGI_Import.obj
 0002:00000c48       ??_C@_0O@NFIEOKLH@CTTargaExport?$AA@ 796b9c48     citk_TARGA_Export.obj
 0002:00000c58       ??_C@_0P@KPFOCCGE@Targa?5Exporter?$AA@ 796b9c58     citk_TARGA_Export.obj
 0002:00000c68       ??_C@_03LJIJAGL@tga?$AA@   796b9c68     citk_TARGA_Export.obj
 0002:00000c70       ??_7CTTargaExport@@6B@     796b9c70     citk_TARGA_Export.obj
 0002:00000cdc       ??_7CD_CTTargaExport@@6B@  796b9cdc     citk_TARGA_Export.obj
 0002:00000ce8       ??_C@_0O@EBDPBDOL@CTTargaImport?$AA@ 796b9ce8     citk_TARGA_Import.obj
 0002:00000cf8       ??_C@_0P@HNDBOODP@Targa?5Importer?$AA@ 796b9cf8     citk_TARGA_Import.obj
 0002:00000d08       ??_C@_03INALLFFI@vst?$AA@  796b9d08     citk_TARGA_Import.obj
 0002:00000d0c       ??_C@_03JECLAOEA@win?$AA@  796b9d0c     citk_TARGA_Import.obj
 0002:00000d10       ??_C@_09MMCMFOFA@citk?5ACG?3?$AA@ 796b9d10     citk_TARGA_Import.obj
 0002:00000d1c       ??_C@_0L@BPLANNAG@citk?5ACGM?3?$AA@ 796b9d1c     citk_TARGA_Import.obj
 0002:00000d28       ??_C@_0M@ILNDDLDO@citk?5ACGMS?3?$AA@ 796b9d28     citk_TARGA_Import.obj
 0002:00000d38       ??_7CTTargaImport@@6B@     796b9d38     citk_TARGA_Import.obj
 0002:00000da8       ??_7CD_CTTargaImport@@6B@  796b9da8     citk_TARGA_Import.obj
 0002:00000db4       ??_C@_07DOPBDEGI@text?3?1?1?$AA@ 796b9db4     citk_Text32_Import.obj
 0002:00000dbc       ??_C@_08ENBKMIFA@itext?3?1?1?$AA@ 796b9dbc     citk_Text32_Import.obj
 0002:00000dc8       ??_C@_0P@DMJAPKFO@CTText32Import?$AA@ 796b9dc8     citk_Text32_Import.obj
 0002:00000dd8       ??_C@_0O@DIJAIFBB@Text?5Importer?$AA@ 796b9dd8     citk_Text32_Import.obj
 0002:00000de8       ??_C@_05MPFIAJAP@Arial?$AA@ 796b9de8     citk_Text32_Import.obj
 0002:00000df0       ??_C@_06JKHEJHDC@SimHei?$AA@ 796b9df0     citk_Text32_Import.obj
 0002:00000df8       ??_C@_03CLFHJCDC@txt?$AA@  796b9df8     citk_Text32_Import.obj
 0002:00000dfc       ??_C@_04OAONMBMN@DimX?$AA@ 796b9dfc     citk_Text32_Import.obj
 0002:00000e04       ??_C@_04PJPGPAIM@DimY?$AA@ 796b9e04     citk_Text32_Import.obj
 0002:00000e0c       ??_C@_08IOPOCEFC@FontSize?$AA@ 796b9e0c     citk_Text32_Import.obj
 0002:00000e18       ??_C@_08MKFDOKHL@FontName?$AA@ 796b9e18     citk_Text32_Import.obj
 0002:00000e24       ??_C@_09DCOHDAMN@FontNameW?$AA@ 796b9e24     citk_Text32_Import.obj
 0002:00000e30       ??_C@_09FHINLGFE@WordBreak?$AA@ 796b9e30     citk_Text32_Import.obj
 0002:00000e3c       ??_C@_07BOHJDOJD@MarginX?$AA@ 796b9e3c     citk_Text32_Import.obj
 0002:00000e44       ??_C@_07HGCAPNC@MarginY?$AA@ 796b9e44     citk_Text32_Import.obj
 0002:00000e4c       ??_C@_09GADAEMMB@TextColor?$AA@ 796b9e4c     citk_Text32_Import.obj
 0002:00000e58       ??_C@_09KHCLCNDI@BackColor?$AA@ 796b9e58     citk_Text32_Import.obj
 0002:00000e64       ??_C@_02JOGGLHBA@?2n?$AA@  796b9e64     citk_Text32_Import.obj
 0002:00000e68       ??_C@_02COELENML@?2t?$AA@  796b9e68     citk_Text32_Import.obj
 0002:00000e70       ??_7CTText32Import@@6B@    796b9e70     citk_Text32_Import.obj
 0002:00000ee0       ??_7CD_CTText32Import@@6B@ 796b9ee0     citk_Text32_Import.obj
 0002:00000ef0       ??_7CTText32Cache@@6B@     796b9ef0     citk_Text32_Import.obj
 0002:00000f0c       ??_7DFile@citkTypes@@6B@   796b9f0c     citkTypes:citkt_File_Win32.obj
 0002:00000f10       __real@3f800000            796b9f10     citkTypes:citkt_Bitmap.obj
 0002:00000f18       __real@4338000000000000    796b9f18     citkTypes:citkt_Bitmap.obj
 0002:00000f20       __real@45313000            796b9f20     citk_BMP_Export.obj
 0002:00001018       __load_config_used         796ba018     MSVCRT:loadcfg.obj
 0002:000010b8       ??_R4type_info@@6B@        796ba0b8     MSVCRT:std_type_info_static.obj
 0002:000010cc       ??_R3type_info@@8          796ba0cc     MSVCRT:std_type_info_static.obj
 0002:000010dc       ??_R2type_info@@8          796ba0dc     MSVCRT:std_type_info_static.obj
 0002:000010e4       ??_R1A@?0A@EA@type_info@@8 796ba0e4     MSVCRT:std_type_info_static.obj
 0002:00001100       ??_R4exception@std@@6B@    796ba100     MSVCRT:throw_bad_alloc.obj
 0002:00001114       ??_R3exception@std@@8      796ba114     MSVCRT:throw_bad_alloc.obj
 0002:00001124       ??_R2exception@std@@8      796ba124     MSVCRT:throw_bad_alloc.obj
 0002:0000112c       ??_R1A@?0A@EA@exception@std@@8 796ba12c     MSVCRT:throw_bad_alloc.obj
 0002:00001148       ??_R4bad_alloc@std@@6B@    796ba148     MSVCRT:throw_bad_alloc.obj
 0002:0000115c       ??_R3bad_alloc@std@@8      796ba15c     MSVCRT:throw_bad_alloc.obj
 0002:0000116c       ??_R2bad_alloc@std@@8      796ba16c     MSVCRT:throw_bad_alloc.obj
 0002:00001178       ??_R1A@?0A@EA@bad_alloc@std@@8 796ba178     MSVCRT:throw_bad_alloc.obj
 0002:00001194       ??_R4bad_array_new_length@std@@6B@ 796ba194     MSVCRT:throw_bad_alloc.obj
 0002:000011a8       ??_R3bad_array_new_length@std@@8 796ba1a8     MSVCRT:throw_bad_alloc.obj
 0002:000011b8       ??_R2bad_array_new_length@std@@8 796ba1b8     MSVCRT:throw_bad_alloc.obj
 0002:000011c8       ??_R1A@?0A@EA@bad_array_new_length@std@@8 796ba1c8     MSVCRT:throw_bad_alloc.obj
 0002:000011e4       ??_R2citkIO@@8             796ba1e4     citkIO.obj
 0002:000011f4       ??_R2CTPlugInLib@citk@@8   796ba1f4     citkIO.obj
 0002:00001200       ??_R2CD_citkIO@@8          796ba200     citkIO.obj
 0002:0000120c       ??_R2ClassDesc@citk@@8     796ba20c     citkIO.obj
 0002:00001214       ??_R2CR_LGGL@@8            796ba214     citkIO.obj
 0002:00001220       ??_R2CR_IC@@8              796ba220     citkIO.obj
 0002:0000122c       ??_R2CR_HBdB@@8            796ba22c     citkIO.obj
 0002:00001238       ??_R2Copyright@citk@@8     796ba238     citkIO.obj
 0002:00001240       ??_R1A@?0A@EA@citkIO@@8    796ba240     citkIO.obj
 0002:0000125c       ??_R2CTBasic@citk@@8       796ba25c     citkIO.obj
 0002:00001264       ??_R3CTBasic@citk@@8       796ba264     citkIO.obj
 0002:00001274       ??_R1A@?0A@EA@CTBasic@citk@@8 796ba274     citkIO.obj
 0002:00001290       ??_R1A@?0A@EA@CTPlugInLib@citk@@8 796ba290     citkIO.obj
 0002:000012ac       ??_R1A@?0A@EA@CD_citkIO@@8 796ba2ac     citkIO.obj
 0002:000012c8       ??_R1A@?0A@EA@ClassDesc@citk@@8 796ba2c8     citkIO.obj
 0002:000012e4       ??_R1A@?0A@EA@CR_LGGL@@8   796ba2e4     citkIO.obj
 0002:00001300       ??_R1A@?0A@EA@CR_IC@@8     796ba300     citkIO.obj
 0002:0000131c       ??_R1A@?0A@EA@CR_HBdB@@8   796ba31c     citkIO.obj
 0002:00001338       ??_R1A@?0A@EA@Copyright@citk@@8 796ba338     citkIO.obj
 0002:00001354       ??_R3CTPlugInLib@citk@@8   796ba354     citkIO.obj
 0002:00001364       ??_R3citkIO@@8             796ba364     citkIO.obj
 0002:00001374       ??_R3ClassDesc@citk@@8     796ba374     citkIO.obj
 0002:00001384       ??_R3CD_citkIO@@8          796ba384     citkIO.obj
 0002:00001394       ??_R3CR_LGGL@@8            796ba394     citkIO.obj
 0002:000013a4       ??_R3CR_IC@@8              796ba3a4     citkIO.obj
 0002:000013b4       ??_R3CR_HBdB@@8            796ba3b4     citkIO.obj
 0002:000013c4       ??_R3Copyright@citk@@8     796ba3c4     citkIO.obj
 0002:000013d4       ??_R4citkIO@@6B@           796ba3d4     citkIO.obj
 0002:000013e8       ??_R4CD_citkIO@@6B@        796ba3e8     citkIO.obj
 0002:000013fc       ??_R4CR_LGGL@@6B@          796ba3fc     citkIO.obj
 0002:00001410       ??_R4CR_IC@@6B@            796ba410     citkIO.obj
 0002:00001424       ??_R4CR_HBdB@@6B@          796ba424     citkIO.obj
 0002:00001438       ??_R2CTAVImport@@8         796ba438     citk_AVI_Import.obj
 0002:00001468       ??_R2CTBitmapImport@citk@@8 796ba468     citk_AVI_Import.obj
 0002:00001494       ??_R2CTImport@citk@@8      796ba494     citk_AVI_Import.obj
 0002:000014bc       ??_R2CTImportExport@citk@@8 796ba4bc     citk_AVI_Import.obj
 0002:000014e0       ??_R2CTLogged@citk@@8      796ba4e0     citk_AVI_Import.obj
 0002:00001500       ??_R2CD_CTAVImport@@8      796ba500     citk_AVI_Import.obj
 0002:0000150c       ??_R2CTAVTexture@citk@@8   796ba50c     citk_AVI_Import.obj
 0002:00001534       ??_R2CTTexture@citk@@8     796ba534     citk_AVI_Import.obj
 0002:00001558       ??_R2CTCached@citk@@8      796ba558     citk_AVI_Import.obj
 0002:00001578       ??_R2CTNamed@citk@@8       796ba578     citk_AVI_Import.obj
 0002:00001594       ??_R2CTInterface@citk@@8   796ba594     citk_AVI_Import.obj
 0002:000015ac       ??_R1A@?0A@EA@CTAVImport@@8 796ba5ac     citk_AVI_Import.obj
 0002:000015c8       ??_R1A@?0A@EA@CTBitmapImport@citk@@8 796ba5c8     citk_AVI_Import.obj
 0002:000015e4       ??_R1A@?0A@EA@CTImport@citk@@8 796ba5e4     citk_AVI_Import.obj
 0002:00001600       ??_R1A@?0A@EA@CTImportExport@citk@@8 796ba600     citk_AVI_Import.obj
 0002:0000161c       ??_R1A@?0A@EA@CTLogged@citk@@8 796ba61c     citk_AVI_Import.obj
 0002:00001638       ??_R1A@?0A@EA@CD_CTAVImport@@8 796ba638     citk_AVI_Import.obj
 0002:00001654       ??_R1A@?0A@EA@CTAVTexture@citk@@8 796ba654     citk_AVI_Import.obj
 0002:00001670       ??_R1A@?0A@EA@CTTexture@citk@@8 796ba670     citk_AVI_Import.obj
 0002:0000168c       ??_R1A@?0A@EA@CTCached@citk@@8 796ba68c     citk_AVI_Import.obj
 0002:000016a8       ??_R1A@?0A@EA@CTNamed@citk@@8 796ba6a8     citk_AVI_Import.obj
 0002:000016c4       ??_R2CTStreamed@citk@@8    796ba6c4     citk_AVI_Import.obj
 0002:000016d4       ??_R3CTStreamed@citk@@8    796ba6d4     citk_AVI_Import.obj
 0002:000016e4       ??_R1A@?0A@EA@CTStreamed@citk@@8 796ba6e4     citk_AVI_Import.obj
 0002:00001700       ??_R2CTReferenced@citk@@8  796ba700     citk_AVI_Import.obj
 0002:0000170c       ??_R3CTReferenced@citk@@8  796ba70c     citk_AVI_Import.obj
 0002:0000171c       ??_R1A@?0A@EA@CTReferenced@citk@@8 796ba71c     citk_AVI_Import.obj
 0002:00001738       ??_R2CTAggregated@citk@@8  796ba738     citk_AVI_Import.obj
 0002:0000174c       ??_R3CTAggregated@citk@@8  796ba74c     citk_AVI_Import.obj
 0002:0000175c       ??_R1A@?0A@EA@CTAggregated@citk@@8 796ba75c     citk_AVI_Import.obj
 0002:00001778       ??_R1A@?0A@EA@CTInterface@citk@@8 796ba778     citk_AVI_Import.obj
 0002:00001794       ??_R3CTBitmapImport@citk@@8 796ba794     citk_AVI_Import.obj
 0002:000017a4       ??_R3CTImport@citk@@8      796ba7a4     citk_AVI_Import.obj
 0002:000017b4       ??_R3CTImportExport@citk@@8 796ba7b4     citk_AVI_Import.obj
 0002:000017c4       ??_R3CTLogged@citk@@8      796ba7c4     citk_AVI_Import.obj
 0002:000017d4       ??_R3CTAVImport@@8         796ba7d4     citk_AVI_Import.obj
 0002:000017e4       ??_R3CD_CTAVImport@@8      796ba7e4     citk_AVI_Import.obj
 0002:000017f4       ??_R3CTTexture@citk@@8     796ba7f4     citk_AVI_Import.obj
 0002:00001804       ??_R3CTCached@citk@@8      796ba804     citk_AVI_Import.obj
 0002:00001814       ??_R3CTNamed@citk@@8       796ba814     citk_AVI_Import.obj
 0002:00001824       ??_R3CTInterface@citk@@8   796ba824     citk_AVI_Import.obj
 0002:00001834       ??_R3CTAVTexture@citk@@8   796ba834     citk_AVI_Import.obj
 0002:00001844       ??_R4CTAVImport@@6B@       796ba844     citk_AVI_Import.obj
 0002:00001858       ??_R4CD_CTAVImport@@6B@    796ba858     citk_AVI_Import.obj
 0002:0000186c       ??_R4CTAVTexture@citk@@6B@ 796ba86c     citk_AVI_Import.obj
 0002:00001880       ??_R2CTBMPExport@@8        796ba880     citk_BMP_Export.obj
 0002:000018ac       ??_R2CTBitmapExport@citk@@8 796ba8ac     citk_BMP_Export.obj
 0002:000018d4       ??_R2CD_CTBMPExport@@8     796ba8d4     citk_BMP_Export.obj
 0002:000018e0       ??_R1A@?0A@EA@CTBMPExport@@8 796ba8e0     citk_BMP_Export.obj
 0002:000018fc       ??_R1A@?0A@EA@CTBitmapExport@citk@@8 796ba8fc     citk_BMP_Export.obj
 0002:00001918       ??_R1A@?0A@EA@CD_CTBMPExport@@8 796ba918     citk_BMP_Export.obj
 0002:00001934       ??_R3CTBitmapExport@citk@@8 796ba934     citk_BMP_Export.obj
 0002:00001944       ??_R3CTBMPExport@@8        796ba944     citk_BMP_Export.obj
 0002:00001954       ??_R3CD_CTBMPExport@@8     796ba954     citk_BMP_Export.obj
 0002:00001964       ??_R4CTBMPExport@@6B@      796ba964     citk_BMP_Export.obj
 0002:00001978       ??_R4CD_CTBMPExport@@6B@   796ba978     citk_BMP_Export.obj
 0002:0000198c       ??_R2CTBMPImport@@8        796ba98c     citk_BMP_Import.obj
 0002:000019bc       ??_R2CD_CTBMPImport@@8     796ba9bc     citk_BMP_Import.obj
 0002:000019c8       ??_R1A@?0A@EA@CTBMPImport@@8 796ba9c8     citk_BMP_Import.obj
 0002:000019e4       ??_R1A@?0A@EA@CD_CTBMPImport@@8 796ba9e4     citk_BMP_Import.obj
 0002:00001a00       ??_R3CTBMPImport@@8        796baa00     citk_BMP_Import.obj
 0002:00001a10       ??_R3CD_CTBMPImport@@8     796baa10     citk_BMP_Import.obj
 0002:00001a20       ??_R4CTBMPImport@@6B@      796baa20     citk_BMP_Import.obj
 0002:00001a34       ??_R4CD_CTBMPImport@@6B@   796baa34     citk_BMP_Import.obj
 0002:00001a48       ??_R2CTEMFImport@@8        796baa48     citk_EMF_Import.obj
 0002:00001a78       ??_R2CD_CTEMFImport@@8     796baa78     citk_EMF_Import.obj
 0002:00001a84       ??_R1A@?0A@EA@CTEMFImport@@8 796baa84     citk_EMF_Import.obj
 0002:00001aa0       ??_R1A@?0A@EA@CD_CTEMFImport@@8 796baaa0     citk_EMF_Import.obj
 0002:00001abc       ??_R3CTEMFImport@@8        796baabc     citk_EMF_Import.obj
 0002:00001acc       ??_R3CD_CTEMFImport@@8     796baacc     citk_EMF_Import.obj
 0002:00001adc       ??_R4CTEMFImport@@6B@      796baadc     citk_EMF_Import.obj
 0002:00001af0       ??_R4CD_CTEMFImport@@6B@   796baaf0     citk_EMF_Import.obj
 0002:00001b04       ??_R2CTIFLImport@@8        796bab04     citk_IFL_Import.obj
 0002:00001b34       ??_R2CD_CTIFLImport@@8     796bab34     citk_IFL_Import.obj
 0002:00001b40       ??_R2CTAnimatedTexture@citk@@8 796bab40     citk_IFL_Import.obj
 0002:00001b68       ??_R1A@?0A@EA@CTIFLImport@@8 796bab68     citk_IFL_Import.obj
 0002:00001b84       ??_R1A@?0A@EA@CD_CTIFLImport@@8 796bab84     citk_IFL_Import.obj
 0002:00001ba0       ??_R1A@?0A@EA@CTAnimatedTexture@citk@@8 796baba0     citk_IFL_Import.obj
 0002:00001bbc       ??_R3CTIFLImport@@8        796babbc     citk_IFL_Import.obj
 0002:00001bcc       ??_R3CD_CTIFLImport@@8     796babcc     citk_IFL_Import.obj
 0002:00001bdc       ??_R3CTAnimatedTexture@citk@@8 796babdc     citk_IFL_Import.obj
 0002:00001bec       ??_R4CTIFLImport@@6B@      796babec     citk_IFL_Import.obj
 0002:00001c00       ??_R4CD_CTIFLImport@@6B@   796bac00     citk_IFL_Import.obj
 0002:00001c14       ??_R4CTAnimatedTexture@citk@@6B@ 796bac14     citk_IFL_Import.obj
 0002:00001c28       ??_R2CTPBMExport@@8        796bac28     citk_PBM_Export.obj
 0002:00001c54       ??_R2CD_CTPBMExport@@8     796bac54     citk_PBM_Export.obj
 0002:00001c60       ??_R1A@?0A@EA@CTPBMExport@@8 796bac60     citk_PBM_Export.obj
 0002:00001c7c       ??_R1A@?0A@EA@CD_CTPBMExport@@8 796bac7c     citk_PBM_Export.obj
 0002:00001c98       ??_R3CTPBMExport@@8        796bac98     citk_PBM_Export.obj
 0002:00001ca8       ??_R3CD_CTPBMExport@@8     796baca8     citk_PBM_Export.obj
 0002:00001cb8       ??_R4CTPBMExport@@6B@      796bacb8     citk_PBM_Export.obj
 0002:00001ccc       ??_R4CD_CTPBMExport@@6B@   796baccc     citk_PBM_Export.obj
 0002:00001ce0       ??_R2CTSGIImport@@8        796bace0     citk_SGI_Import.obj
 0002:00001d10       ??_R2CD_CTSGIImport@@8     796bad10     citk_SGI_Import.obj
 0002:00001d1c       ??_R1A@?0A@EA@CTSGIImport@@8 796bad1c     citk_SGI_Import.obj
 0002:00001d38       ??_R1A@?0A@EA@CD_CTSGIImport@@8 796bad38     citk_SGI_Import.obj
 0002:00001d54       ??_R3CTSGIImport@@8        796bad54     citk_SGI_Import.obj
 0002:00001d64       ??_R3CD_CTSGIImport@@8     796bad64     citk_SGI_Import.obj
 0002:00001d74       ??_R4CTSGIImport@@6B@      796bad74     citk_SGI_Import.obj
 0002:00001d88       ??_R4CD_CTSGIImport@@6B@   796bad88     citk_SGI_Import.obj
 0002:00001d9c       ??_R1A@?0A@EA@DSmartFile@citk@@8 796bad9c     citk_SGI_Import.obj
 0002:00001db8       ??_R2DFile@citkTypes@@8    796badb8     citk_SGI_Import.obj
 0002:00001dc0       ??_R3DFile@citkTypes@@8    796badc0     citk_SGI_Import.obj
 0002:00001dd0       ??_R1A@?0A@EA@DFile@citkTypes@@8 796badd0     citk_SGI_Import.obj
 0002:00001dec       ??_R2DSmartFile@citk@@8    796badec     citk_SGI_Import.obj
 0002:00001df8       ??_R3DSmartFile@citk@@8    796badf8     citk_SGI_Import.obj
 0002:00001e08       ??_R4DSmartFile@citk@@6B@  796bae08     citk_SGI_Import.obj
 0002:00001e1c       ??_R2CTTargaExport@@8      796bae1c     citk_TARGA_Export.obj
 0002:00001e48       ??_R2CD_CTTargaExport@@8   796bae48     citk_TARGA_Export.obj
 0002:00001e54       ??_R1A@?0A@EA@CTTargaExport@@8 796bae54     citk_TARGA_Export.obj
 0002:00001e70       ??_R1A@?0A@EA@CD_CTTargaExport@@8 796bae70     citk_TARGA_Export.obj
 0002:00001e8c       ??_R3CTTargaExport@@8      796bae8c     citk_TARGA_Export.obj
 0002:00001e9c       ??_R3CD_CTTargaExport@@8   796bae9c     citk_TARGA_Export.obj
 0002:00001eac       ??_R4CTTargaExport@@6B@    796baeac     citk_TARGA_Export.obj
 0002:00001ec0       ??_R4CD_CTTargaExport@@6B@ 796baec0     citk_TARGA_Export.obj
 0002:00001ed4       ??_R2CTTargaImport@@8      796baed4     citk_TARGA_Import.obj
 0002:00001f04       ??_R2CD_CTTargaImport@@8   796baf04     citk_TARGA_Import.obj
 0002:00001f10       ??_R1A@?0A@EA@CTTargaImport@@8 796baf10     citk_TARGA_Import.obj
 0002:00001f2c       ??_R1A@?0A@EA@CD_CTTargaImport@@8 796baf2c     citk_TARGA_Import.obj
 0002:00001f48       ??_R3CTTargaImport@@8      796baf48     citk_TARGA_Import.obj
 0002:00001f58       ??_R3CD_CTTargaImport@@8   796baf58     citk_TARGA_Import.obj
 0002:00001f68       ??_R4CTTargaImport@@6B@    796baf68     citk_TARGA_Import.obj
 0002:00001f7c       ??_R4CD_CTTargaImport@@6B@ 796baf7c     citk_TARGA_Import.obj
 0002:00001f90       ??_R2CTText32Import@@8     796baf90     citk_Text32_Import.obj
 0002:00001fc0       ??_R2CD_CTText32Import@@8  796bafc0     citk_Text32_Import.obj
 0002:00001fcc       ??_R2CTText32Cache@@8      796bafcc     citk_Text32_Import.obj
 0002:00001fd8       ??_R1A@?0A@EA@CTText32Import@@8 796bafd8     citk_Text32_Import.obj
 0002:00001ff4       ??_R1A@?0A@EA@CD_CTText32Import@@8 796baff4     citk_Text32_Import.obj
 0002:00002010       ??_R1A@?0A@EA@CTText32Cache@@8 796bb010     citk_Text32_Import.obj
 0002:0000202c       ??_R3CTText32Import@@8     796bb02c     citk_Text32_Import.obj
 0002:0000203c       ??_R3CD_CTText32Import@@8  796bb03c     citk_Text32_Import.obj
 0002:0000204c       ??_R3CTText32Cache@@8      796bb04c     citk_Text32_Import.obj
 0002:0000205c       ??_R4CTText32Import@@6B@   796bb05c     citk_Text32_Import.obj
 0002:00002070       ??_R4CD_CTText32Import@@6B@ 796bb070     citk_Text32_Import.obj
 0002:00002084       ??_R4CTText32Cache@@6B@    796bb084     citk_Text32_Import.obj
 0002:00002098       ??_R4DFile@citkTypes@@6B@  796bb098     citkTypes:citkt_File_Win32.obj
 0002:000020b0       ___safe_se_handler_table   796bb0b0     <linker-defined>
 0002:00002420       ___rtc_iaa                 796bb420     MSVCRT:_initsect_.obj
 0002:00002424       ___rtc_izz                 796bb424     MSVCRT:_initsect_.obj
 0002:00002428       ___rtc_taa                 796bb428     MSVCRT:_initsect_.obj
 0002:0000242c       ___rtc_tzz                 796bb42c     MSVCRT:_initsect_.obj
 0002:00002884       __TI2?AVbad_alloc@std@@    796bb884     MSVCRT:throw_bad_alloc.obj
 0002:00002894       __CTA2?AVbad_alloc@std@@   796bb894     MSVCRT:throw_bad_alloc.obj
 0002:000028a0       __CT??_R0?AVbad_alloc@std@@@8??0bad_alloc@std@@QAE@ABV01@@Z12 796bb8a0     MSVCRT:throw_bad_alloc.obj
[...]
 0001:0000617f       ?dllmain_crt_process_detach@@YAH_N@Z 796b717f f   MSVCRT:dll_dllmain.obj
 0001:00006207       ?dllmain_dispatch@@YAHQAUHINSTANCE__@@KQAX@Z 796b7207 f   MSVCRT:dll_dllmain.obj
 0001:00006630       $$000000                   796b7630     MSVCRT:_sehprolg4_.obj
 0001:000067ca       ___get_entropy             796b77ca f   MSVCRT:gs_support.obj
 0001:00006ac0       $$000000                   796b7ac0     MSVCRT:alloca16.obj
 0001:00006af0       $$000000                   796b7af0     MSVCRT:chkstk.obj
 0001:00006b20       $$000000                   796b7b20     MSVCRT:_ftol3_.obj
 0001:00006eb0       __unwindfunclet$??__E__citk_plugin@@YAXXZ$0 796b7eb0 f   citkIO.obj
 0001:00006ebb       __ehhandler$??__E__citk_plugin@@YAXXZ 796b7ebb f   citkIO.obj
 0001:00006ed0       __unwindfunclet$?Create@CD_CTBMPImport@@UAEPAXXZ$0 796b7ed0 f   citk_BMP_Import.obj
 0001:00006ed0       __unwindfunclet$?Create@CD_CTAVImport@@UAEPAXXZ$0 796b7ed0 f   citk_AVI_Import.obj
 0001:00006ed0       __unwindfunclet$?Create@CD_CTSGIImport@@UAEPAXXZ$0 796b7ed0 f   citk_SGI_Import.obj
 0001:00006ed0       __unwindfunclet$?Create@CD_CTIFLImport@@UAEPAXXZ$0 796b7ed0 f   citk_IFL_Import.obj
 0001:00006ee2       __unwindfunclet$?Create@CD_CTBMPImport@@UAEPAXXZ$1 796b7ee2 f   citk_BMP_Import.obj
 0001:00006ee2       __unwindfunclet$?Create@CD_CTSGIImport@@UAEPAXXZ$1 796b7ee2 f   citk_SGI_Import.obj
 0001:00006ee2       __unwindfunclet$?Create@CD_CTAVImport@@UAEPAXXZ$1 796b7ee2 f   citk_AVI_Import.obj
 0001:00006ee2       __unwindfunclet$?Create@CD_CTIFLImport@@UAEPAXXZ$1 796b7ee2 f   citk_IFL_Import.obj
 0001:00006eeb       __ehhandler$?Create@CD_CTSGIImport@@UAEPAXXZ 796b7eeb f   citk_SGI_Import.obj
 0001:00006eeb       __ehhandler$?Create@CD_CTIFLImport@@UAEPAXXZ 796b7eeb f   citk_IFL_Import.obj
 0001:00006eeb       __ehhandler$?Create@CD_CTAVImport@@UAEPAXXZ 796b7eeb f   citk_AVI_Import.obj
 0001:00006eeb       __ehhandler$?Create@CD_CTBMPImport@@UAEPAXXZ 796b7eeb f   citk_BMP_Import.obj
 0001:00006f00       __unwindfunclet$?DoImport@CTAVImport@@MAE_NPBD@Z$1 796b7f00 f   citk_AVI_Import.obj
 0001:00006f12       __unwindfunclet$?DoImport@CTAVImport@@MAE_NPBD@Z$0 796b7f12 f   citk_AVI_Import.obj
 0001:00006f1a       __ehhandler$?DoImport@CTAVImport@@MAE_NPBD@Z 796b7f1a f   citk_AVI_Import.obj
 0001:00006f30       __ehhandler$??1?$StrongPtr@VCTAnimatedTexture@citk@@@citk@@QAE@XZ 796b7f30 f   citk_IFL_Import.obj
 0001:00006f30       __ehhandler$??1CTText32Cache@@UAE@XZ 796b7f30 f   citk_Text32_Import.obj
 0001:00006f30       __ehhandler$??1?$StrongPtr@VCTAVTexture@citk@@@citk@@QAE@XZ 796b7f30 f   citk_AVI_Import.obj
 0001:00006f40       __unwindfunclet$?Create@CD_CTBMPExport@@UAEPAXXZ$0 796b7f40 f   citk_BMP_Export.obj
 0001:00006f40       __unwindfunclet$?Create@CD_CTPBMExport@@UAEPAXXZ$0 796b7f40 f   citk_PBM_Export.obj
 0001:00006f52       __unwindfunclet$?Create@CD_CTBMPExport@@UAEPAXXZ$1 796b7f52 f   citk_BMP_Export.obj
 0001:00006f52       __unwindfunclet$?Create@CD_CTPBMExport@@UAEPAXXZ$1 796b7f52 f   citk_PBM_Export.obj
 0001:00006f5b       __ehhandler$?Create@CD_CTBMPExport@@UAEPAXXZ 796b7f5b f   citk_BMP_Export.obj
 0001:00006f5b       __ehhandler$?Create@CD_CTPBMExport@@UAEPAXXZ 796b7f5b f   citk_PBM_Export.obj
 0001:00006f70       __unwindfunclet$?DoExport@CTBMPExport@@MAE_NPBDPAVCTTexture@citk@@@Z$0 796b7f70 f   citk_BMP_Export.obj
 0001:00006f78       __ehhandler$?DoExport@CTBMPExport@@MAE_NPBDPAVCTTexture@citk@@@Z 796b7f78 f   citk_BMP_Export.obj
 0001:00006f90       __unwindfunclet$?DoImport@CTBMPImport@@MAE_NPBD@Z$1 796b7f90 f   citk_BMP_Import.obj
 0001:00006f9f       __ehhandler$?DoImport@CTBMPImport@@MAE_NPBD@Z 796b7f9f f   citk_BMP_Import.obj
 0001:00006fb0       __unwindfunclet$?Create@CD_CTTargaImport@@UAEPAXXZ$0 796b7fb0 f   citk_TARGA_Import.obj
 0001:00006fb0       __unwindfunclet$?Create@CD_CTEMFImport@@UAEPAXXZ$0 796b7fb0 f   citk_EMF_Import.obj
 0001:00006fc2       __unwindfunclet$?Create@CD_CTEMFImport@@UAEPAXXZ$1 796b7fc2 f   citk_EMF_Import.obj
 0001:00006fc2       __unwindfunclet$?Create@CD_CTTargaImport@@UAEPAXXZ$1 796b7fc2 f   citk_TARGA_Import.obj
 0001:00006fcb       __ehhandler$?Create@CD_CTTargaImport@@UAEPAXXZ 796b7fcb f   citk_TARGA_Import.obj
 0001:00006fcb       __ehhandler$?Create@CD_CTEMFImport@@UAEPAXXZ 796b7fcb f   citk_EMF_Import.obj
 0001:00006fe0       __unwindfunclet$?DoImport@CTEMFImport@@MAE_NPBD@Z$0 796b7fe0 f   citk_EMF_Import.obj
 0001:00006fef       __ehhandler$?DoImport@CTEMFImport@@MAE_NPBD@Z 796b7fef f   citk_EMF_Import.obj
 0001:00007000       __unwindfunclet$?DoImport@CTIFLImport@@MAE_NPBD@Z$1 796b8000 f   citk_IFL_Import.obj
 0001:00007012       __unwindfunclet$?DoImport@CTIFLImport@@MAE_NPBD@Z$0 796b8012 f   citk_IFL_Import.obj
 0001:0000701a       __ehhandler$?DoImport@CTIFLImport@@MAE_NPBD@Z 796b801a f   citk_IFL_Import.obj
 0001:00007030       __unwindfunclet$?DoExport@CTPBMExport@@MAE_NPBDPAVCTTexture@citk@@@Z$0 796b8030 f   citk_PBM_Export.obj
 0001:00007038       __ehhandler$?DoExport@CTPBMExport@@MAE_NPBDPAVCTTexture@citk@@@Z 796b8038 f   citk_PBM_Export.obj
 0001:00007050       __unwindfunclet$?DoImport@CTSGIImport@@MAE_NPBD@Z$0 796b8050 f   citk_SGI_Import.obj
 0001:00007059       __unwindfunclet$?DoImport@CTSGIImport@@MAE_NPBD@Z$1 796b8059 f   citk_SGI_Import.obj
 0001:00007068       __ehhandler$?DoImport@CTSGIImport@@MAE_NPBD@Z 796b8068 f   citk_SGI_Import.obj
 0001:00007080       __unwindfunclet$?Create@CD_CTTargaExport@@UAEPAXXZ$0 796b8080 f   citk_TARGA_Export.obj
 0001:00007092       __unwindfunclet$?Create@CD_CTTargaExport@@UAEPAXXZ$1 796b8092 f   citk_TARGA_Export.obj
 0001:0000709b       __ehhandler$?Create@CD_CTTargaExport@@UAEPAXXZ 796b809b f   citk_TARGA_Export.obj
 0001:000070b0       __unwindfunclet$?DoExport@CTTargaExport@@MAE_NPBDPAVCTTexture@citk@@@Z$0 796b80b0 f   citk_TARGA_Export.obj
 0001:000070b8       __ehhandler$?DoExport@CTTargaExport@@MAE_NPBDPAVCTTexture@citk@@@Z 796b80b8 f   citk_TARGA_Export.obj
 0001:000070d0       __unwindfunclet$?DoImport@CTTargaImport@@MAE_NPBD@Z$0 796b80d0 f   citk_TARGA_Import.obj
 0001:000070dc       __unwindfunclet$?DoImport@CTTargaImport@@MAE_NPBD@Z$1 796b80dc f   citk_TARGA_Import.obj
 0001:000070eb       __ehhandler$?DoImport@CTTargaImport@@MAE_NPBD@Z 796b80eb f   citk_TARGA_Import.obj
 0001:00007100       __unwindfunclet$?Create@CD_CTText32Import@@UAEPAXXZ$0 796b8100 f   citk_Text32_Import.obj
 0001:00007112       __unwindfunclet$?Create@CD_CTText32Import@@UAEPAXXZ$1 796b8112 f   citk_Text32_Import.obj
 0001:0000711b       __ehhandler$?Create@CD_CTText32Import@@UAEPAXXZ 796b811b f   citk_Text32_Import.obj
 0001:00007130       __unwindfunclet$?DoImport@CTText32Import@@MAE_NPBD@Z$1 796b8130 f   citk_Text32_Import.obj
 0001:0000713f       __ehhandler$?DoImport@CTText32Import@@MAE_NPBD@Z 796b813f f   citk_Text32_Import.obj
 0001:00007150       __unwindfunclet$?GetScaled@DBitmap@citkTypes@@QBEPAV12@HH@Z$0 796b8150 f   citkTypes:citkt_Bitmap.obj
 0001:0000715f       __unwindfunclet$?GetScaled@DBitmap@citkTypes@@QBEPAV12@HH@Z$1 796b815f f   citkTypes:citkt_Bitmap.obj
 0001:0000716e       __ehhandler$?GetScaled@DBitmap@citkTypes@@QBEPAV12@HH@Z 796b816e f   citkTypes:citkt_Bitmap.obj
 0001:00007180       __unwindfunclet$?GetScaledDown@DBitmap@citkTypes@@IBEPAV12@HH@Z$0 796b8180 f   citkTypes:citkt_Bitmap.obj
 0001:0000718f       __ehhandler$?GetScaledDown@DBitmap@citkTypes@@IBEPAV12@HH@Z 796b818f f   citkTypes:citkt_Bitmap.obj
 0001:000071a0       __unwindfunclet$?GetScaledUp@DBitmap@citkTypes@@IBEPAV12@HH@Z$0 796b81a0 f   citkTypes:citkt_Bitmap.obj
 0001:000071af       __ehhandler$?GetScaledUp@DBitmap@citkTypes@@IBEPAV12@HH@Z 796b81af f   citkTypes:citkt_Bitmap.obj
 0001:000071c0       ??__F__citk_plugin@@YAXXZ  796b81c0 f   citkIO.obj
 0001:000071d0       ??__FtheTextCache@@YAXXZ   796b81d0 f   citk_Text32_Import.obj
 0002:0000030c       ?__citk_plugin$initializer$@@3P6AXXZA 796b930c     citkIO.obj
 0002:00000310       ?_CD_citkIO$initializer$@@3P6AXXZA 796b9310     citkIO.obj
 0002:00000314       ?_CD_CTAVImport$initializer$@@3P6AXXZA 796b9314     citk_AVI_Import.obj
 0002:00000318       ?_CD_CTBMPExport$initializer$@@3P6AXXZA 796b9318     citk_BMP_Export.obj
 0002:0000031c       ?_CD_CTBMPImport$initializer$@@3P6AXXZA 796b931c     citk_BMP_Import.obj
 0002:00000320       ?_CD_CTEMFImport$initializer$@@3P6AXXZA 796b9320     citk_EMF_Import.obj
 0002:00000324       ?_CD_CTIFLImport$initializer$@@3P6AXXZA 796b9324     citk_IFL_Import.obj
 0002:00000328       ?_CD_CTPBMExport$initializer$@@3P6AXXZA 796b9328     citk_PBM_Export.obj
 0002:0000032c       ?_CD_CTSGIImport$initializer$@@3P6AXXZA 796b932c     citk_SGI_Import.obj
 0002:00000330       ?_CD_CTTargaExport$initializer$@@3P6AXXZA 796b9330     citk_TARGA_Export.obj
 0002:00000334       ?_CD_CTTargaImport$initializer$@@3P6AXXZA 796b9334     citk_TARGA_Import.obj
 0002:00000338       ?theTextCache$initializer$@@3P6AXXZA 796b9338     citk_Text32_Import.obj
 0002:0000033c       ?_CD_CTText32Import$initializer$@@3P6AXXZA 796b933c     citk_Text32_Import.obj
 0002:000003cc       _GS_ExceptionPointers      796b93cc     MSVCRT:gs_report.obj
 0002:000006ac       ?vssRevision@@3QBDB        796b96ac     citk_AVI_Import.obj
 0002:000006c0       ?vssRevision@@3QBDB        796b96c0     citk_BMP_Export.obj
 0002:000006d4       ?vssRevision@@3QBDB        796b96d4     citk_BMP_Import.obj
 0002:000006e8       ?vssRevision@@3QBDB        796b96e8     citk_EMF_Import.obj
 0002:000006fc       ?vssRevision@@3QBDB        796b96fc     citk_IFL_Import.obj
 0002:00000710       ?vssRevision@@3QBDB        796b9710     citk_PBM_Export.obj
 0002:00000724       ?vssRevision@@3QBDB        796b9724     citk_SGI_Import.obj
 0002:00000738       ?vssRevision@@3QBDB        796b9738     citk_TARGA_Export.obj
 0002:0000074c       ?vssRevision@@3QBDB        796b974c     citk_TARGA_Import.obj
 0002:00000760       ?vssRevision@@3QBDB        796b9760     citk_Text32_Import.obj
 0002:00000774       ?ExifSizes@@3QBIB          796b9774     Exif.obj
 0002:00000f30       _Int32ToUInt32             796b9f30     MSVCRT:_ftol3_.obj
 0002:00000f38       _DP2to32                   796b9f38     MSVCRT:_ftol3_.obj
 0002:00000f40       _MantissaMask              796b9f40     MSVCRT:_ftol3_.obj
 0002:00000f48       _IntegerBit                796b9f48     MSVCRT:_ftol3_.obj
 0002:00000f50       _SignBit64                 796b9f50     MSVCRT:_ftol3_.obj
 0002:00000f58       _MinFP64                   796b9f58     MSVCRT:_ftol3_.obj
 0002:00000f60       _MinInt64                  796b9f60     MSVCRT:_ftol3_.obj
 0002:00000f68       _MaxInt64                  796b9f68     MSVCRT:_ftol3_.obj
 0002:00000f70       _MaxUInt64                 796b9f70     MSVCRT:_ftol3_.obj
 0002:00000f78       _MaxFP32                   796b9f78     MSVCRT:_ftol3_.obj
 0002:00000f80       _MinFP32                   796b9f80     MSVCRT:_ftol3_.obj
 0002:00000f88       _MinSubInexact             796b9f88     MSVCRT:_ftol3_.obj
 0002:00000f90       _FpExcptTable              796b9f90     MSVCRT:_ftol3_.obj
 0002:00000fa0       _i1075                     796b9fa0     MSVCRT:_ftol3_.obj
 0002:00000fa4       _i1087                     796b9fa4     MSVCRT:_ftol3_.obj
 0002:00000fa8       _x0800                     796b9fa8     MSVCRT:_ftol3_.obj
 0002:00000fac       _x17FF                     796b9fac     MSVCRT:_ftol3_.obj
 0002:00000fb0       _CWMask                    796b9fb0     MSVCRT:_ftol3_.obj
 0002:00002430       __unwindtable$??__E__citk_plugin@@YAXXZ 796bb430     citkIO.obj
 0002:00002438       __ehfuncinfo$??__E__citk_plugin@@YAXXZ 796bb438     citkIO.obj
 0002:0000245c       __unwindtable$?Create@CD_CTIFLImport@@UAEPAXXZ 796bb45c     citk_IFL_Import.obj
 0002:0000245c       __unwindtable$?Create@CD_CTBMPImport@@UAEPAXXZ 796bb45c     citk_BMP_Import.obj
 0002:0000245c       __unwindtable$?Create@CD_CTSGIImport@@UAEPAXXZ 796bb45c     citk_SGI_Import.obj
 0002:0000245c       __unwindtable$?Create@CD_CTAVImport@@UAEPAXXZ 796bb45c     citk_AVI_Import.obj
 0002:0000246c       __ehfuncinfo$?Create@CD_CTAVImport@@UAEPAXXZ 796bb46c     citk_AVI_Import.obj
 0002:0000246c       __ehfuncinfo$?Create@CD_CTSGIImport@@UAEPAXXZ 796bb46c     citk_SGI_Import.obj
 0002:0000246c       __ehfuncinfo$?Create@CD_CTBMPImport@@UAEPAXXZ 796bb46c     citk_BMP_Import.obj
 0002:0000246c       __ehfuncinfo$?Create@CD_CTIFLImport@@UAEPAXXZ 796bb46c     citk_IFL_Import.obj
 0002:00002490       __unwindtable$?DoImport@CTAVImport@@MAE_NPBD@Z 796bb490     citk_AVI_Import.obj
 0002:000024b0       __ehfuncinfo$?DoImport@CTAVImport@@MAE_NPBD@Z 796bb4b0     citk_AVI_Import.obj
 0002:000024d4       __ehfuncinfo$??1?$StrongPtr@VCTAVTexture@citk@@@citk@@QAE@XZ 796bb4d4     citk_AVI_Import.obj
 0002:000024d4       __ehfuncinfo$??1CTText32Cache@@UAE@XZ 796bb4d4     citk_Text32_Import.obj
 0002:000024d4       __ehfuncinfo$??1?$StrongPtr@VCTAnimatedTexture@citk@@@citk@@QAE@XZ 796bb4d4     citk_IFL_Import.obj
 0002:000024f8       __unwindtable$?Create@CD_CTPBMExport@@UAEPAXXZ 796bb4f8     citk_PBM_Export.obj
 0002:000024f8       __unwindtable$?Create@CD_CTBMPExport@@UAEPAXXZ 796bb4f8     citk_BMP_Export.obj
 0002:00002508       __ehfuncinfo$?Create@CD_CTPBMExport@@UAEPAXXZ 796bb508     citk_PBM_Export.obj
 0002:00002508       __ehfuncinfo$?Create@CD_CTBMPExport@@UAEPAXXZ 796bb508     citk_BMP_Export.obj
 0002:0000252c       __unwindtable$?DoExport@CTBMPExport@@MAE_NPBDPAVCTTexture@citk@@@Z 796bb52c     citk_BMP_Export.obj
 0002:00002534       __ehfuncinfo$?DoExport@CTBMPExport@@MAE_NPBDPAVCTTexture@citk@@@Z 796bb534     citk_BMP_Export.obj
 0002:00002558       __unwindtable$?DoImport@CTBMPImport@@MAE_NPBD@Z 796bb558     citk_BMP_Import.obj
 0002:00002560       __ehfuncinfo$?DoImport@CTBMPImport@@MAE_NPBD@Z 796bb560     citk_BMP_Import.obj
 0002:00002584       __unwindtable$?Create@CD_CTTargaImport@@UAEPAXXZ 796bb584     citk_TARGA_Import.obj
 0002:00002584       __unwindtable$?Create@CD_CTEMFImport@@UAEPAXXZ 796bb584     citk_EMF_Import.obj
 0002:00002594       __ehfuncinfo$?Create@CD_CTTargaImport@@UAEPAXXZ 796bb594     citk_TARGA_Import.obj
 0002:00002594       __ehfuncinfo$?Create@CD_CTEMFImport@@UAEPAXXZ 796bb594     citk_EMF_Import.obj
 0002:000025b8       __unwindtable$?DoImport@CTEMFImport@@MAE_NPBD@Z 796bb5b8     citk_EMF_Import.obj
 0002:000025c0       __ehfuncinfo$?DoImport@CTEMFImport@@MAE_NPBD@Z 796bb5c0     citk_EMF_Import.obj
 0002:000025e4       __unwindtable$?DoImport@CTIFLImport@@MAE_NPBD@Z 796bb5e4     citk_IFL_Import.obj
 0002:00002604       __ehfuncinfo$?DoImport@CTIFLImport@@MAE_NPBD@Z 796bb604     citk_IFL_Import.obj
 0002:00002628       __unwindtable$?DoExport@CTPBMExport@@MAE_NPBDPAVCTTexture@citk@@@Z 796bb628     citk_PBM_Export.obj
 0002:00002630       __ehfuncinfo$?DoExport@CTPBMExport@@MAE_NPBDPAVCTTexture@citk@@@Z 796bb630     citk_PBM_Export.obj
 0002:00002654       __unwindtable$?DoImport@CTSGIImport@@MAE_NPBD@Z 796bb654     citk_SGI_Import.obj
 0002:00002664       __ehfuncinfo$?DoImport@CTSGIImport@@MAE_NPBD@Z 796bb664     citk_SGI_Import.obj
 0002:00002688       __unwindtable$?Create@CD_CTTargaExport@@UAEPAXXZ 796bb688     citk_TARGA_Export.obj
 0002:00002698       __ehfuncinfo$?Create@CD_CTTargaExport@@UAEPAXXZ 796bb698     citk_TARGA_Export.obj
 0002:000026bc       __unwindtable$?DoExport@CTTargaExport@@MAE_NPBDPAVCTTexture@citk@@@Z 796bb6bc     citk_TARGA_Export.obj
 0002:000026c4       __ehfuncinfo$?DoExport@CTTargaExport@@MAE_NPBDPAVCTTexture@citk@@@Z 796bb6c4     citk_TARGA_Export.obj
 0002:000026e8       __unwindtable$?DoImport@CTTargaImport@@MAE_NPBD@Z 796bb6e8     citk_TARGA_Import.obj
 0002:000026f8       __ehfuncinfo$?DoImport@CTTargaImport@@MAE_NPBD@Z 796bb6f8     citk_TARGA_Import.obj
 0002:0000271c       __unwindtable$?Create@CD_CTText32Import@@UAEPAXXZ 796bb71c     citk_Text32_Import.obj
 0002:0000272c       __ehfuncinfo$?Create@CD_CTText32Import@@UAEPAXXZ 796bb72c     citk_Text32_Import.obj
 0002:00002750       __unwindtable$?DoImport@CTText32Import@@MAE_NPBD@Z 796bb750     citk_Text32_Import.obj
 0002:00002758       __ehfuncinfo$?DoImport@CTText32Import@@MAE_NPBD@Z 796bb758     citk_Text32_Import.obj
 0002:0000277c       __unwindtable$?GetScaled@DBitmap@citkTypes@@QBEPAV12@HH@Z 796bb77c     citkTypes:citkt_Bitmap.obj
 0002:0000278c       __ehfuncinfo$?GetScaled@DBitmap@citkTypes@@QBEPAV12@HH@Z 796bb78c     citkTypes:citkt_Bitmap.obj
 0002:000027b0       __unwindtable$?GetScaledDown@DBitmap@citkTypes@@IBEPAV12@HH@Z 796bb7b0     citkTypes:citkt_Bitmap.obj
 0002:000027b8       __ehfuncinfo$?GetScaledDown@DBitmap@citkTypes@@IBEPAV12@HH@Z 796bb7b8     citkTypes:citkt_Bitmap.obj
 0002:000027dc       __unwindtable$?GetScaledUp@DBitmap@citkTypes@@IBEPAV12@HH@Z 796bb7dc     citkTypes:citkt_Bitmap.obj
 0002:000027e4       __ehfuncinfo$?GetScaledUp@DBitmap@citkTypes@@IBEPAV12@HH@Z 796bb7e4     citkTypes:citkt_Bitmap.obj
 0002:00002808       __sehtable$___scrt_is_nonwritable_in_current_image 796bb808     MSVCRT:utility.obj
 0002:00002828       __sehtable$?dllmain_crt_process_attach@@YAHQAUHINSTANCE__@@QAX@Z 796bb828     MSVCRT:dll_dllmain.obj
 0002:00002848       __sehtable$?dllmain_crt_process_detach@@YAH_N@Z 796bb848     MSVCRT:dll_dllmain.obj
 0002:00002868       __sehtable$?dllmain_dispatch@@YAHQAUHINSTANCE__@@KQAX@Z 796bb868     MSVCRT:dll_dllmain.obj
 0002:00002920       .edata                     796bb920     citkIO.exp
 0002:00002948       rgpv                       796bb948     citkIO.exp
 0002:00002950       rgszName                   796bb950     citkIO.exp
 0002:00002958       rgwOrd                     796bb958     citkIO.exp
 0002:0000295c       szName                     796bb95c     citkIO.exp
 0002:00002968       $N00001                    796bb968     citkIO.exp
 0002:0000298e       $N00002                    796bb98e     citkIO.exp
 0002:00002e04       .idata$6                   796bbe04     kernel32:KERNEL32.dll
 0002:00002e66       .idata$6                   796bbe66     user32:USER32.dll
 0002:00002f8c       .idata$6                   796bbf8c     gdi32:GDI32.dll
 0002:00004142       .idata$6                   796bd142     citkcore:citkCore.dll
 0002:00004204       .idata$6                   796bd204     vcruntime:VCRUNTIME140.dll
 0002:00004392       .idata$6                   796bd392     ucrt:api-ms-win-crt-convert-l1-1-0.dll
 0002:000043b4       .idata$6                   796bd3b4     ucrt:api-ms-win-crt-multibyte-l1-1-0.dll
 0002:000043d8       .idata$6                   796bd3d8     ucrt:api-ms-win-crt-heap-l1-1-0.dll
 0002:000043f8       .idata$6                   796bd3f8     ucrt:api-ms-win-crt-string-l1-1-0.dll
 0002:0000441a       .idata$6                   796bd41a     ucrt:api-ms-win-crt-stdio-l1-1-0.dll
 0002:0000443a       .idata$6                   796bd43a     ucrt:api-ms-win-crt-runtime-l1-1-0.dll
 0002:000045e0       .idata$6                   796bd5e0     ucrt:api-ms-win-crt-math-l1-1-0.dll
 0003:00000a28       ?module_local_atexit_table@@3U_onexit_table_t@@A 796bea28     MSVCRT:utility.obj
 0003:00000a34       ?module_local_at_quick_exit_table@@3U_onexit_table_t@@A 796bea34     MSVCRT:utility.obj
 0003:00000a40       ?module_local_atexit_table_initialized@@3_NA 796bea40     MSVCRT:utility.obj
 0003:00000a41       ?is_initialized_as_dll@@3_NA 796bea41     MSVCRT:utility.obj
 0003:00000a44       ?__proc_attached@@3HA      796bea44     MSVCRT:dll_dllmain.obj
 0003:00000a60       _GS_ExceptionRecord        796bea60     MSVCRT:gs_report.obj
 0003:00000ab0       _GS_ContextRecord          796beab0     MSVCRT:gs_report.obj
 0003:00000d80       ?m_hInstance@@3PAUHINSTANCE__@@A 796bed80     citkIO.obj
 0003:00000d84       ?__citk_plugin@@3VcitkIO@@A 796bed84     citkIO.obj
 0003:00001048       ?buffer@?1??FindErrorCode@@YAPBDJ@Z@4PADA 796bf048     citkIO.obj
 0004:00000060       $R000000                   796c0060     * linker generated manifest res *
