 RT_gl

 Timestamp is 5a99e8b3 (Sat Mar  3 01:13:39 2018)

 Preferred load address is 796f0000

 Start         Length     Name                   Class
 0001:00000000 000067f0H .text                   CODE
 0001:000067f0 00000320H .text$di                CODE
 0001:00006b10 00010470H .text$mn                CODE
 0001:00016f80 00000850H .text$x                 CODE
 0001:000177d0 00000015H .text$yd                CODE
 0002:00000000 000006a4H .idata$5                DATA
 0002:000006a4 00000004H .00cfg                  DATA
 0002:000006a8 00000004H .CRT$XCA                DATA
 0002:000006ac 00000004H .CRT$XCL                DATA
 0002:000006b0 00000018H .CRT$XCU                DATA
 0002:000006c8 00000004H .CRT$XCZ                DATA
 0002:000006cc 00000004H .CRT$XIA                DATA
 0002:000006d0 00000004H .CRT$XIZ                DATA
 0002:000006d4 00000004H .CRT$XPA                DATA
 0002:000006d8 00000004H .CRT$XPZ                DATA
 0002:000006dc 00000004H .CRT$XTA                DATA
 0002:000006e0 00000010H .CRT$XTZ                DATA
 0002:000006e4 00000000H .gfids$y                DATA
 0002:000006f0 00002d38H .rdata                  DATA
 0002:00003428 0000123cH .rdata$r                DATA
 0002:00004664 00000328H .rdata$zzzdbg           DATA
 0002:0000498c 00000004H .rtc$IAA                DATA
 0002:00004990 00000004H .rtc$IZZ                DATA
 0002:00004994 00000004H .rtc$TAA                DATA
 0002:00004998 00000008H .rtc$TZZ                DATA
 0002:000049a0 00000c50H .xdata$x                DATA
 0002:000055f0 00000000H ATL$__a                 DATA
 0002:000055f0 00000000H ATL$__z                 DATA
 0002:000055f0 0000007cH .edata                  DATA
 0002:0000566c 00000168H .idata$2                DATA
 0002:000057d4 00000014H .idata$3                DATA
 0002:000057e8 000006a4H .idata$4                DATA
 0002:00005e8c 00003130H .idata$6                DATA
 0003:00000000 000002c0H .data                   DATA
 0003:000002c0 000006f8H .data$r                 DATA
 0003:000009b8 00000554H .bss                    DATA
 0004:00000000 00000230H .rsrc$01                DATA
 0004:00000230 00002830H .rsrc$02                DATA

  Address         Publics by Value              Rva+Base       Lib:Object

 0000:00000000       ___guard_fids_count        00000000     <absolute>
 0000:00000000       ___enclave_config          00000000     <absolute>
 0000:00000000       ___guard_longjmp_count     00000000     <absolute>
 0000:00000000       ___guard_longjmp_table     00000000     <absolute>
 0000:00000000       __except_list              00000000     <absolute>
 0000:00000000       ___guard_iat_table         00000000     <absolute>
 0000:00000000       ___guard_iat_count         00000000     <absolute>
 0000:00000000       ___hybrid_auxiliary_iat    00000000     <absolute>
 0000:00000000       ___hybrid_code_map         00000000     <absolute>
 0000:00000000       ___guard_fids_table        00000000     <absolute>
 0000:00000000       ___hybrid_code_map_count   00000000     <absolute>
 0000:00000000       ___safe_se_handler_table   00000000     <absolute>
 0000:00000000       ___dynamic_value_reloc_table 00000000     <absolute>
 0000:00000000       ___safe_se_handler_count   00000000     <absolute>
 0000:00000100       ___guard_flags             00000100     <absolute>
 0000:00009876       __ldused                   00009876     <absolute>
 0000:00000000       ___ImageBase               796f0000     <linker-defined>
 0001:00000000       _CreateMemoryAllocator@4   796f1000 f   strmbasex:amfilter.obj
 0001:00000020       ?NonDelegatingQueryInterface@CBaseFilter@@UAGJABU_GUID@@PAPAX@Z 796f1020 f   strmbasex:amfilter.obj
 0001:00000100       ??0CBaseFilter@@QAE@PBDPAUIUnknown@@PAVCCritSec@@ABU_GUID@@@Z 796f1100 f   strmbasex:amfilter.obj
 0001:00000160       ??1CBaseFilter@@UAE@XZ     796f1160 f   strmbasex:amfilter.obj
 0001:000001d0       ?GetClassID@CBaseFilter@@UAGJPAU_GUID@@@Z 796f11d0 f   strmbasex:amfilter.obj
 0001:00000210       ?SetSyncSource@CBaseFilter@@UAGJPAUIReferenceClock@@@Z 796f1210 f   strmbasex:amfilter.obj
 0001:00000280       ??1CAutoLock@@QAE@XZ       796f1280 f i strmbasex:amfilter.obj
 0001:00000290       ?GetSyncSource@CBaseFilter@@UAGJPAPAUIReferenceClock@@@Z 796f1290 f   strmbasex:amfilter.obj
 0001:00000320       ?Stop@CBaseFilter@@UAGJXZ  796f1320 f   strmbasex:amfilter.obj
 0001:000003d0       ?Pause@CBaseFilter@@UAGJXZ 796f13d0 f   strmbasex:amfilter.obj
 0001:00000480       ??1CUnknown@@UAE@XZ        796f1480 f i strmbasex:amfilter.obj
 0001:000004a0       ?Run@CBaseFilter@@UAGJ_J@Z 796f14a0 f   strmbasex:amfilter.obj
 0001:00000590       ?StreamTime@CBaseFilter@@UAEJAAVCRefTime@@@Z 796f1590 f   strmbasex:amfilter.obj
 0001:000005d0       ?EnumPins@CBaseFilter@@UAGJPAPAUIEnumPins@@@Z 796f15d0 f   strmbasex:amfilter.obj
 0001:00000660       ?QueryFilterInfo@CBaseFilter@@UAGJPAU_FilterInfo@@@Z 796f1660 f   strmbasex:amfilter.obj
 0001:000006b0       ?JoinFilterGraph@CBaseFilter@@UAGJPAUIFilterGraph@@PBG@Z 796f16b0 f   strmbasex:amfilter.obj
 0001:00000790       ?NotifyEvent@CBaseFilter@@QAEJJJJ@Z 796f1790 f   strmbasex:amfilter.obj
 0001:000007e0       ?GetPinVersion@CBaseFilter@@UAEJXZ 796f17e0 f   strmbasex:amfilter.obj
 0001:000007f0       ?Register@CBaseFilter@@UAGJXZ 796f17f0 f   strmbasex:amfilter.obj
 0001:00000860       ?Unregister@CBaseFilter@@UAGJXZ 796f1860 f   strmbasex:amfilter.obj
 0001:000008e0       ??0CEnumPins@@QAE@PAVCBaseFilter@@PAV0@@Z 796f18e0 f   strmbasex:amfilter.obj
 0001:000009a0       ??_GCEnumPins@@UAEPAXI@Z   796f19a0 f i strmbasex:amfilter.obj
 0001:000009a0       ??_ECEnumPins@@UAEPAXI@Z   796f19a0 f i strmbasex:amfilter.obj
 0001:000009c0       ??1?$CGenericList@VCBasePin@@@@QAE@XZ 796f19c0 f i strmbasex:amfilter.obj
 0001:000009d0       ??1CEnumPins@@UAE@XZ       796f19d0 f   strmbasex:amfilter.obj
 0001:00000a30       ?QueryInterface@CEnumPins@@UAGJABU_GUID@@PAPAX@Z 796f1a30 f   strmbasex:amfilter.obj
 0001:00000a90       ?AddRef@CEnumPins@@UAGKXZ  796f1a90 f   strmbasex:amfilter.obj
 0001:00000ab0       ?Release@CEnumPins@@UAGKXZ 796f1ab0 f   strmbasex:amfilter.obj
 0001:00000ae0       ?Clone@CEnumPins@@UAGJPAPAUIEnumPins@@@Z 796f1ae0 f   strmbasex:amfilter.obj
 0001:00000b80       ?Next@CEnumPins@@UAGJKPAPAUIPin@@PAK@Z 796f1b80 f   strmbasex:amfilter.obj
 0001:00000c90       ?Skip@CEnumPins@@UAGJK@Z   796f1c90 f   strmbasex:amfilter.obj
 0001:00000cd0       ?Reset@CEnumPins@@UAGJXZ   796f1cd0 f   strmbasex:amfilter.obj
 0001:00000d00       ?Refresh@CEnumPins@@AAGJXZ 796f1d00 f   strmbasex:amfilter.obj
 0001:00000d30       ??0CEnumMediaTypes@@QAE@PAVCBasePin@@PAV0@@Z 796f1d30 f   strmbasex:amfilter.obj
 0001:00000d90       ??_ECEnumMediaTypes@@UAEPAXI@Z 796f1d90 f i strmbasex:amfilter.obj
 0001:00000d90       ??_GCEnumMediaTypes@@UAEPAXI@Z 796f1d90 f i strmbasex:amfilter.obj
 0001:00000db0       ??1CEnumMediaTypes@@UAE@XZ 796f1db0 f   strmbasex:amfilter.obj
 0001:00000dd0       ?QueryInterface@CEnumMediaTypes@@UAGJABU_GUID@@PAPAX@Z 796f1dd0 f   strmbasex:amfilter.obj
 0001:00000e30       ?AddRef@CEnumMediaTypes@@UAGKXZ 796f1e30 f   strmbasex:amfilter.obj
 0001:00000e50       ?Release@CEnumMediaTypes@@UAGKXZ 796f1e50 f   strmbasex:amfilter.obj
 0001:00000e80       ?Clone@CEnumMediaTypes@@UAGJPAPAUIEnumMediaTypes@@@Z 796f1e80 f   strmbasex:amfilter.obj
 0001:00000f20       ?Next@CEnumMediaTypes@@UAGJKPAPAU_AMMediaType@@PAK@Z 796f1f20 f   strmbasex:amfilter.obj
 0001:000010a0       ?Skip@CEnumMediaTypes@@UAGJK@Z 796f20a0 f   strmbasex:amfilter.obj
 0001:00001160       ?Reset@CEnumMediaTypes@@UAGJXZ 796f2160 f   strmbasex:amfilter.obj
 0001:00001180       ??0CBasePin@@QAE@PADPAVCBaseFilter@@PAVCCritSec@@PAJPBGW4_PinDirection@@@Z 796f2180 f   strmbasex:amfilter.obj
 0001:00001270       ??1CBasePin@@UAE@XZ        796f2270 f   strmbasex:amfilter.obj
 0001:000012d0       ?NonDelegatingQueryInterface@CBasePin@@UAGJABU_GUID@@PAPAX@Z 796f22d0 f   strmbasex:amfilter.obj
 0001:00001350       ?NonDelegatingAddRef@CBasePin@@UAGKXZ 796f2350 f   strmbasex:amfilter.obj
 0001:00001370       ?NonDelegatingRelease@CBasePin@@UAGKXZ 796f2370 f   strmbasex:amfilter.obj
 0001:00001390       ?Connect@CBasePin@@UAGJPAUIPin@@PBU_AMMediaType@@@Z 796f2390 f   strmbasex:amfilter.obj
 0001:000014a0       ?AttemptConnection@CBasePin@@IAEJPAUIPin@@PBVCMediaType@@@Z 796f24a0 f   strmbasex:amfilter.obj
 0001:00001550       ?TryMediaTypes@CBasePin@@IAEJPAUIPin@@PBVCMediaType@@PAUIEnumMediaTypes@@@Z 796f2550 f   strmbasex:amfilter.obj
 0001:00001630       ?AgreeMediaType@CBasePin@@IAEJPAUIPin@@PBVCMediaType@@@Z 796f2630 f   strmbasex:amfilter.obj
 0001:00001710       ?SetMediaType@CBasePin@@UAEJPBVCMediaType@@@Z 796f2710 f   strmbasex:amfilter.obj
 0001:00001730       ?CheckConnect@CBasePin@@UAEJPAUIPin@@@Z 796f2730 f   strmbasex:amfilter.obj
 0001:00001760       ?ReceiveConnection@CBasePin@@UAGJPAUIPin@@PBU_AMMediaType@@@Z 796f2760 f   strmbasex:amfilter.obj
 0001:000018c0       ?Disconnect@CBasePin@@UAGJXZ 796f28c0 f   strmbasex:amfilter.obj
 0001:00001950       ?DisconnectInternal@CBasePin@@IAGJXZ 796f2950 f   strmbasex:amfilter.obj
 0001:00001990       ?ConnectedTo@CBasePin@@UAGJPAPAUIPin@@@Z 796f2990 f   strmbasex:amfilter.obj
 0001:000019c0       ?ConnectionMediaType@CBasePin@@UAGJPAU_AMMediaType@@@Z 796f29c0 f   strmbasex:amfilter.obj
 0001:00001a70       ?QueryPinInfo@CBasePin@@UAGJPAU_PinInfo@@@Z 796f2a70 f   strmbasex:amfilter.obj
 0001:00001ae0       ?QueryDirection@CBasePin@@UAGJPAW4_PinDirection@@@Z 796f2ae0 f   strmbasex:amfilter.obj
 0001:00001b00       ?QueryAccept@CBasePin@@UAGJPBU_AMMediaType@@@Z 796f2b00 f   strmbasex:amfilter.obj
 0001:00001b30       ?EnumMediaTypes@CBasePin@@UAGJPAPAUIEnumMediaTypes@@@Z 796f2b30 f   strmbasex:amfilter.obj
 0001:00001bc0       ?GetMediaType@CBasePin@@UAEJHPAVCMediaType@@@Z 796f2bc0 f   strmbasex:amfilter.obj
 0001:00001bd0       ?GetMediaTypeVersion@CBasePin@@UAEJXZ 796f2bd0 f   strmbasex:amfilter.obj
 0001:00001be0       ?Run@CBasePin@@UAEJ_J@Z    796f2be0 f   strmbasex:amfilter.obj
 0001:00001bf0       ?SetSink@CBasePin@@UAGJPAUIQualityControl@@@Z 796f2bf0 f   strmbasex:amfilter.obj
 0001:00001c20       ?NewSegment@CBasePin@@UAGJ_J0N@Z 796f2c20 f   strmbasex:amfilter.obj
 0001:00001c60       ??0CBaseInputPin@@QAE@PADPAVCBaseFilter@@PAVCCritSec@@PAJPBG@Z 796f2c60 f   strmbasex:amfilter.obj
 0001:00001cc0       ??1CBaseInputPin@@UAE@XZ   796f2cc0 f   strmbasex:amfilter.obj
 0001:00001d20       ?NonDelegatingQueryInterface@CBaseInputPin@@UAGJABU_GUID@@PAPAX@Z 796f2d20 f   strmbasex:amfilter.obj
 0001:00001d70       ?GetAllocator@CBaseInputPin@@UAGJPAPAUIMemAllocator@@@Z 796f2d70 f   strmbasex:amfilter.obj
 0001:00001e00       ?NotifyAllocator@CBaseInputPin@@UAGJPAUIMemAllocator@@H@Z 796f2e00 f   strmbasex:amfilter.obj
 0001:00001e80       ?BreakConnect@CBaseInputPin@@UAEJXZ 796f2e80 f   strmbasex:amfilter.obj
 0001:00001ec0       ?Receive@CBaseInputPin@@UAGJPAUIMediaSample@@@Z 796f2ec0 f   strmbasex:amfilter.obj
 0001:00002030       ?ReceiveMultiple@CBaseInputPin@@UAGJPAPAUIMediaSample@@JPAJ@Z 796f3030 f   strmbasex:amfilter.obj
 0001:00002080       ?ReceiveCanBlock@CBaseInputPin@@UAGJXZ 796f3080 f   strmbasex:amfilter.obj
 0001:00002140       ?BeginFlush@CBaseInputPin@@UAGJXZ 796f3140 f   strmbasex:amfilter.obj
 0001:00002170       ?EndFlush@CBaseInputPin@@UAGJXZ 796f3170 f   strmbasex:amfilter.obj
 0001:000021a0       ?Notify@CBaseInputPin@@UAGJPAUIBaseFilter@@UtagQuality@@@Z 796f31a0 f   strmbasex:amfilter.obj
 0001:000021c0       ?GetAllocatorRequirements@CBaseInputPin@@UAGJPAU_AllocatorProperties@@@Z 796f31c0 f   strmbasex:amfilter.obj
 0001:000021c0       ?QueryVendorInfo@CBaseFilter@@UAGJPAPAG@Z 796f31c0 f   strmbasex:amfilter.obj
 0001:000021d0       ?CheckStreaming@CBaseInputPin@@UAEJXZ 796f31d0 f   strmbasex:amfilter.obj
 0001:00002200       ??1CCritSec@@QAE@XZ        796f3200 f i strmbasex:amfilter.obj
 0001:00002210       ?QueryInternalConnections@CBasePin@@UAGJPAPAUIPin@@PAK@Z 796f3210 f i strmbasex:amfilter.obj
 0001:00002220       _AMovieSetupRegisterFilter@12 796f3220 f   strmbasex:amfilter.obj
 0001:00002400       ??0CBaseRenderer@@QAE@ABU_GUID@@PADPAUIUnknown@@PAJ@Z 796f3400 f   strmbasex:renbase.obj
 0001:00002500       ??_ECBaseRenderer@@UAEPAXI@Z 796f3500 f i strmbasex:renbase.obj
 0001:00002500       ??_GCBaseRenderer@@UAEPAXI@Z 796f3500 f i strmbasex:renbase.obj
 0001:00002520       ??1CBaseRenderer@@UAE@XZ   796f3520 f   strmbasex:renbase.obj
 0001:00002600       ?GetMediaPositionInterface@CBaseRenderer@@UAEJABU_GUID@@PAPAX@Z 796f3600 f   strmbasex:renbase.obj
 0001:00002730       ?NonDelegatingQueryInterface@CBaseRenderer@@UAGJABU_GUID@@PAPAX@Z 796f3730 f   strmbasex:renbase.obj
 0001:00002780       ?SourceThreadCanWait@CBaseRenderer@@UAEJH@Z 796f3780 f   strmbasex:renbase.obj
 0001:000027b0       ?WaitForRenderTime@CBaseRenderer@@UAEJXZ 796f37b0 f   strmbasex:renbase.obj
 0001:00002820       ?WaitForReceiveToComplete@CBaseRenderer@@QAEXXZ 796f3820 f   strmbasex:renbase.obj
 0001:00002890       ?GetRealState@CBaseRenderer@@QAE?AW4_FilterState@@XZ 796f3890 f   strmbasex:renbase.obj
 0001:000028a0       ?GetState@CBaseRenderer@@UAGJKPAW4_FilterState@@@Z 796f38a0 f   strmbasex:renbase.obj
 0001:000028f0       ?CompleteStateChange@CBaseRenderer@@UAEJW4_FilterState@@@Z 796f38f0 f   strmbasex:renbase.obj
 0001:00002960       ?Stop@CBaseRenderer@@UAGJXZ 796f3960 f   strmbasex:renbase.obj
 0001:00002a30       ?Pause@CBaseRenderer@@UAGJXZ 796f3a30 f   strmbasex:renbase.obj
 0001:00002b20       ?Run@CBaseRenderer@@UAGJ_J@Z 796f3b20 f   strmbasex:renbase.obj
 0001:00002c30       ?GetPinCount@CBaseRenderer@@UAEHXZ 796f3c30 f   strmbasex:renbase.obj
 0001:00002c40       ?GetPin@CBaseRenderer@@UAEPAVCBasePin@@H@Z 796f3c40 f   strmbasex:renbase.obj
 0001:00002d50       ?FindPin@CBaseRenderer@@UAGJPBGPAPAUIPin@@@Z 796f3d50 f   strmbasex:renbase.obj
 0001:00002dc0       ?EndOfStream@CBaseRenderer@@UAEJXZ 796f3dc0 f   strmbasex:renbase.obj
 0001:00002e00       ?BeginFlush@CBaseRenderer@@UAEJXZ 796f3e00 f   strmbasex:renbase.obj
 0001:00002e40       ?EndFlush@CBaseRenderer@@UAEJXZ 796f3e40 f   strmbasex:renbase.obj
 0001:00002e60       ?CompleteConnect@CBaseRenderer@@UAEJPAUIPin@@@Z 796f3e60 f   strmbasex:renbase.obj
 0001:00002ea0       ?Inactive@CBaseRenderer@@UAEJXZ 796f3ea0 f   strmbasex:renbase.obj
 0001:00002ec0       ?CompleteConnect@CBasePin@@UAEJPAUIPin@@@Z 796f3ec0 f   strmbasex:amfilter.obj
 0001:00002ec0       ?EndOfStream@CBasePin@@UAGJXZ 796f3ec0 f   strmbasex:amfilter.obj
 0001:00002ec0       ?SetMediaType@CBaseRenderer@@UAEJPBVCMediaType@@@Z 796f3ec0 f   strmbasex:renbase.obj
 0001:00002ed0       ?BreakConnect@CBaseRenderer@@UAEJXZ 796f3ed0 f   strmbasex:renbase.obj
 0001:00002f50       ?GetSampleTimes@CBaseRenderer@@UAEJPAUIMediaSample@@PA_J1@Z 796f3f50 f   strmbasex:renbase.obj
 0001:00002fb0       ?ShouldDrawSampleNow@CBaseRenderer@@UAEJPAUIMediaSample@@PA_J1@Z 796f3fb0 f   strmbasex:renbase.obj
 0001:00002fc0       ?SignalTimerFired@CBaseRenderer@@QAEXXZ 796f3fc0 f   strmbasex:renbase.obj
 0001:00002fd0       ?CancelNotification@CBaseRenderer@@UAEJXZ 796f3fd0 f   strmbasex:renbase.obj
 0001:00003000       ?ScheduleSample@CBaseRenderer@@UAEHPAUIMediaSample@@@Z 796f4000 f   strmbasex:renbase.obj
 0001:00003090       ?Render@CBaseRenderer@@UAEJPAUIMediaSample@@@Z 796f4090 f   strmbasex:renbase.obj
 0001:000030e0       ?HaveCurrentSample@CBaseRenderer@@UAEHXZ 796f40e0 f   strmbasex:renbase.obj
 0001:00003110       ?GetCurrentSample@CBaseRenderer@@UAEPAUIMediaSample@@XZ 796f4110 f   strmbasex:renbase.obj
 0001:00003170       ?PrepareReceive@CBaseRenderer@@UAEJPAUIMediaSample@@@Z 796f4170 f   strmbasex:renbase.obj
 0001:00003300       ?Receive@CBaseRenderer@@UAEJPAUIMediaSample@@@Z 796f4300 f   strmbasex:renbase.obj
 0001:00003460       ?ClearPendingSample@CBaseRenderer@@UAEJXZ 796f4460 f   strmbasex:renbase.obj
 0001:000034d0       ?EndOfStreamTimer@@YGXIIKKK@Z 796f44d0 f   strmbasex:renbase.obj
 0001:000034e0       ?TimerCallback@CBaseRenderer@@QAEXXZ 796f44e0 f   strmbasex:renbase.obj
 0001:00003540       ?SendEndOfStream@CBaseRenderer@@UAEJXZ 796f4540 f   strmbasex:renbase.obj
 0001:00003600       ?NotifyEndOfStream@CBaseRenderer@@QAEJXZ 796f4600 f   strmbasex:renbase.obj
 0001:000036a0       ?ResetEndOfStream@CBaseRenderer@@UAEJXZ 796f46a0 f   strmbasex:renbase.obj
 0001:000036e0       ?ResetEndOfStreamTimer@CBaseRenderer@@QAEXXZ 796f46e0 f   strmbasex:renbase.obj
 0001:00003700       ?StartStreaming@CBaseRenderer@@UAEJXZ 796f4700 f   strmbasex:renbase.obj
 0001:000037b0       ?StopStreaming@CBaseRenderer@@UAEJXZ 796f47b0 f   strmbasex:renbase.obj
 0001:00003820       ?SetRepaintStatus@CBaseRenderer@@QAEXH@Z 796f4820 f   strmbasex:renbase.obj
 0001:00003850       ?OnRenderEnd@CBaseRenderer@@UAEXPAUIMediaSample@@@Z 796f4850 f   strmbasex:renbase.obj
 0001:00003850       ?OnRenderStart@CBaseRenderer@@UAEXPAUIMediaSample@@@Z 796f4850 f   strmbasex:renbase.obj
 0001:00003860       ??0CRendererInputPin@@QAE@PAVCBaseRenderer@@PAJPBG@Z 796f4860 f   strmbasex:renbase.obj
 0001:000038b0       ??_ECRendererInputPin@@UAEPAXI@Z 796f48b0 f i strmbasex:renbase.obj
 0001:000038b0       ??_GCRendererInputPin@@UAEPAXI@Z 796f48b0 f i strmbasex:renbase.obj
 0001:000038d0       ??1CRendererInputPin@@UAE@XZ 796f48d0 f i strmbasex:renbase.obj
 0001:000038e0       ?EndOfStream@CRendererInputPin@@UAGJXZ 796f48e0 f   strmbasex:renbase.obj
 0001:00003980       ?BeginFlush@CRendererInputPin@@UAGJXZ 796f4980 f   strmbasex:renbase.obj
 0001:00003a20       ?AddRef@CBaseFilter@@UAGKXZ 796f4a20 f i strmbasex:renbase.obj
 0001:00003a20       ?AddRef@CBaseInputPin@@UAGKXZ 796f4a20 f i strmbasex:renbase.obj
 0001:00003a30       ?Release@CBaseInputPin@@UAGKXZ 796f4a30 f i strmbasex:renbase.obj
 0001:00003a30       ?Release@CBaseFilter@@UAGKXZ 796f4a30 f i strmbasex:renbase.obj
 0001:00003a40       ?EndFlush@CRendererInputPin@@UAGJXZ 796f4a40 f   strmbasex:renbase.obj
 0001:00003ae0       ?Receive@CRendererInputPin@@UAGJPAUIMediaSample@@@Z 796f4ae0 f   strmbasex:renbase.obj
 0001:00003bc0       ?BreakConnect@CRendererInputPin@@UAEJXZ 796f4bc0 f   strmbasex:renbase.obj
 0001:00003be0       ?CompleteConnect@CRendererInputPin@@UAEJPAUIPin@@@Z 796f4be0 f   strmbasex:renbase.obj
 0001:00003c10       ?QueryId@CRendererInputPin@@UAGJPAPAG@Z 796f4c10 f   strmbasex:renbase.obj
 0001:00003c50       ?CheckMediaType@CRendererInputPin@@UAEJPBVCMediaType@@@Z 796f4c50 f   strmbasex:renbase.obj
 0001:00003c60       ?Active@CRendererInputPin@@UAEJXZ 796f4c60 f   strmbasex:renbase.obj
 0001:00003c70       ?Inactive@CRendererInputPin@@UAEJXZ 796f4c70 f   strmbasex:renbase.obj
 0001:00003c80       ?QueryInterface@CBaseInputPin@@UAGJABU_GUID@@PAPAX@Z 796f4c80 f i strmbasex:renbase.obj
 0001:00003c80       ?QueryInterface@CBaseFilter@@UAGJABU_GUID@@PAPAX@Z 796f4c80 f i strmbasex:renbase.obj
 0001:00003c90       ?SetMediaType@CRendererInputPin@@UAEJPBVCMediaType@@@Z 796f4c90 f   strmbasex:renbase.obj
 0001:00003cc0       ??0CBaseVideoRenderer@@QAE@ABU_GUID@@PADPAUIUnknown@@PAJ@Z 796f4cc0 f   strmbasex:renbase.obj
 0001:00003d60       ??_GCBaseVideoRenderer@@UAEPAXI@Z 796f4d60 f i strmbasex:renbase.obj
 0001:00003d60       ??_ECBaseVideoRenderer@@UAEPAXI@Z 796f4d60 f i strmbasex:renbase.obj
 0001:00003d80       ??1CBaseVideoRenderer@@UAE@XZ 796f4d80 f   strmbasex:renbase.obj
 0001:00003db0       ?ResetStreamingTimes@CBaseVideoRenderer@@UAEJXZ 796f4db0 f   strmbasex:renbase.obj
 0001:00003e70       ?OnStartStreaming@CBaseVideoRenderer@@UAEJXZ 796f4e70 f   strmbasex:renbase.obj
 0001:00003e80       ?OnStopStreaming@CBaseVideoRenderer@@UAEJXZ 796f4e80 f   strmbasex:renbase.obj
 0001:00003ea0       ?PreparePerformanceData@CBaseVideoRenderer@@QAEXHH@Z 796f4ea0 f   strmbasex:renbase.obj
 0001:00003ec0       ?RecordFrameLateness@CBaseVideoRenderer@@UAEXHH@Z 796f4ec0 f   strmbasex:renbase.obj
 0001:00003ff0       ?ThrottleWait@CBaseVideoRenderer@@QAEXXZ 796f4ff0 f   strmbasex:renbase.obj
 0001:00004020       ?OnDirectRender@CBaseVideoRenderer@@UAEXPAUIMediaSample@@@Z 796f5020 f   strmbasex:renbase.obj
 0001:00004060       ?OnRenderStart@CBaseVideoRenderer@@UAEXPAUIMediaSample@@@Z 796f5060 f   strmbasex:renbase.obj
 0001:00004090       ?OnRenderEnd@CBaseVideoRenderer@@UAEXPAUIMediaSample@@@Z 796f5090 f   strmbasex:renbase.obj
 0001:000040f0       ?SetSink@CBaseVideoRenderer@@UAGJPAUIQualityControl@@@Z 796f50f0 f   strmbasex:renbase.obj
 0001:00004100       ?Notify@CBaseVideoRenderer@@UAGJPAUIBaseFilter@@UtagQuality@@@Z 796f5100 f   strmbasex:renbase.obj
 0001:00004140       ?SendQuality@CBaseVideoRenderer@@UAEJ_J0@Z 796f5140 f   strmbasex:renbase.obj
 0001:000042b0       ?ShouldDrawSampleNow@CBaseVideoRenderer@@UAEJPAUIMediaSample@@PA_J1@Z 796f52b0 f   strmbasex:renbase.obj
 0001:00004710       ?OnStartStreaming@CBaseRenderer@@UAEJXZ 796f5710 f i strmbasex:renbase.obj
 0001:00004710       ?Active@CBaseRenderer@@UAEJXZ 796f5710 f i strmbasex:renbase.obj
 0001:00004710       ?OnStopStreaming@CBaseRenderer@@UAEJXZ 796f5710 f i strmbasex:renbase.obj
 0001:00004720       ?OnWaitEnd@CBaseVideoRenderer@@UAEXXZ 796f5720 f i strmbasex:renbase.obj
 0001:00004720       ?OnWaitStart@CBaseRenderer@@UAEXXZ 796f5720 f i strmbasex:renbase.obj
 0001:00004720       ?OnWaitEnd@CBaseRenderer@@UAEXXZ 796f5720 f i strmbasex:renbase.obj
 0001:00004720       ?OnWaitStart@CBaseVideoRenderer@@UAEXXZ 796f5720 f i strmbasex:renbase.obj
 0001:00004730       ?ScheduleSample@CBaseVideoRenderer@@UAEHPAUIMediaSample@@@Z 796f5730 f   strmbasex:renbase.obj
 0001:00004760       ?get_FramesDroppedInRenderer@CBaseVideoRenderer@@UAGJPAH@Z 796f5760 f   strmbasex:renbase.obj
 0001:000047a0       ?get_FramesDrawn@CBaseVideoRenderer@@UAGJPAH@Z 796f57a0 f   strmbasex:renbase.obj
 0001:000047e0       ?get_AvgFrameRate@CBaseVideoRenderer@@UAGJPAH@Z 796f57e0 f   strmbasex:renbase.obj
 0001:00004860       ?get_AvgSyncOffset@CBaseVideoRenderer@@UAGJPAH@Z 796f5860 f   strmbasex:renbase.obj
 0001:000048f0       ?isqrt@@YAHH@Z             796f58f0 f   strmbasex:renbase.obj
 0001:00004950       ?GetStdDev@CBaseVideoRenderer@@QAEJHPAH_J1@Z 796f5950 f   strmbasex:renbase.obj
 0001:00004a10       ?get_DevSyncOffset@CBaseVideoRenderer@@UAGJPAH@Z 796f5a10 f   strmbasex:renbase.obj
 0001:00004a40       ?get_Jitter@CBaseVideoRenderer@@UAGJPAH@Z 796f5a40 f   strmbasex:renbase.obj
 0001:00004a70       ?NonDelegatingQueryInterface@CBaseVideoRenderer@@UAGJABU_GUID@@PAPAX@Z 796f5a70 f   strmbasex:renbase.obj
 0001:00004b00       ?JoinFilterGraph@CBaseVideoRenderer@@UAGJPAUIFilterGraph@@PBG@Z 796f5b00 f   strmbasex:renbase.obj
 0001:00004b50       ?QueryInterface@CBaseInputPin@@W3AGJABU_GUID@@PAPAX@Z 796f5b50 f i strmbasex:renbase.obj
 0001:00004b50       ?QueryInterface@CBaseFilter@@W3AGJABU_GUID@@PAPAX@Z 796f5b50 f i strmbasex:renbase.obj
 0001:00004b60       ?Release@CBaseInputPin@@W3AGKXZ 796f5b60 f i strmbasex:renbase.obj
 0001:00004b60       ?Release@CBaseFilter@@W3AGKXZ 796f5b60 f i strmbasex:renbase.obj
 0001:00004b70       ?AddRef@CBaseFilter@@W3AGKXZ 796f5b70 f i strmbasex:renbase.obj
 0001:00004b70       ?AddRef@CBaseInputPin@@W3AGKXZ 796f5b70 f i strmbasex:renbase.obj
 0001:00004b80       ?QueryInterface@CBaseInputPin@@WIM@AGJABU_GUID@@PAPAX@Z 796f5b80 f i strmbasex:renbase.obj
 0001:00004b90       ?AddRef@CBaseInputPin@@WIM@AGKXZ 796f5b90 f i strmbasex:renbase.obj
 0001:00004ba0       ?Release@CBaseInputPin@@WIM@AGKXZ 796f5ba0 f i strmbasex:renbase.obj
 0001:00004bb0       ??0CBaseObject@@QAE@PBD@Z  796f5bb0 f   strmbasex:combase.obj
 0001:00004bd0       ??1CBaseObject@@QAE@XZ     796f5bd0 f   strmbasex:combase.obj
 0001:00004c00       ?LoadOLEAut32@@YAPAUHINSTANCE__@@XZ 796f5c00 f   strmbasex:combase.obj
 0001:00004c20       ??0CUnknown@@QAE@PBDPAUIUnknown@@@Z 796f5c20 f   strmbasex:combase.obj
 0001:00004c50       ?NonDelegatingQueryInterface@CUnknown@@UAGJABU_GUID@@PAPAX@Z 796f5c50 f   strmbasex:combase.obj
 0001:00004ca0       ?NonDelegatingAddRef@CUnknown@@UAGKXZ 796f5ca0 f   strmbasex:combase.obj
 0001:00004cc0       ?NonDelegatingRelease@CUnknown@@UAGKXZ 796f5cc0 f   strmbasex:combase.obj
 0001:00004d00       _GetInterface@8            796f5d00 f   strmbasex:combase.obj
 0001:00004d30       ??0CAMEvent@@QAE@H@Z       796f5d30 f   strmbasex:wxutil.obj
 0001:00004d50       ??1CAMEvent@@QAE@XZ        796f5d50 f   strmbasex:wxutil.obj
 0001:00004d60       ?lstrcpyWInternal@@YGPAGPAGPBG@Z 796f5d60 f   strmbasex:wxutil.obj
 0001:00004d80       ?lstrcpynWInternal@@YGPAGPAGPBGH@Z 796f5d80 f   strmbasex:wxutil.obj
 0001:00004dc0       ?lstrcmpWInternal@@YGHPBG0@Z 796f5dc0 f   strmbasex:wxutil.obj
 0001:00004e00       ?lstrlenWInternal@@YGHPBG@Z 796f5e00 f   strmbasex:wxutil.obj
 0001:00004e20       ?llMulDiv@@YG_J_J000@Z     796f5e20 f   strmbasex:wxutil.obj
 0001:00005150       ?WaitDispatchingMessages@@YGKPAXKPAUHWND__@@I0@Z 796f6150 f   strmbasex:wxutil.obj
 0001:00005360       ?CompatibleTimeSetEvent@@YAIIIP6GXIIKKK@ZKI@Z 796f6360 f   strmbasex:wxutil.obj
 0001:00005380       ??0CBaseList@@QAE@PAD@Z    796f6380 f   strmbasex:wxlist.obj
 0001:000053a0       ??1CBaseList@@QAE@XZ       796f63a0 f   strmbasex:wxlist.obj
 0001:00005400       ?RemoveAll@CBaseList@@QAEXXZ 796f6400 f   strmbasex:wxlist.obj
 0001:00005440       ?GetHeadPositionI@CBaseList@@QBEPAU__POSITION@@XZ 796f6440 f   strmbasex:wxlist.obj
 0001:00005450       ?GetNextI@CBaseList@@IBEPAXAAPAU__POSITION@@@Z 796f6450 f   strmbasex:wxlist.obj
 0001:00005470       ?GetI@CBaseList@@IBEPAXPAU__POSITION@@@Z 796f6470 f   strmbasex:wxlist.obj
 0001:00005490       ?FindI@CBaseList@@IBEPAU__POSITION@@PAX@Z 796f6490 f   strmbasex:wxlist.obj
 0001:000054d0       ?AddTailI@CBaseList@@IAEPAU__POSITION@@PAX@Z 796f64d0 f   strmbasex:wxlist.obj
 0001:00005540       ?AddTail@CBaseList@@QAEHPAV1@@Z 796f6540 f   strmbasex:wxlist.obj
 0001:00005590       ??1CNodeCache@CBaseList@@QAE@XZ 796f6590 f i strmbasex:wxlist.obj
 0001:000055b0       ??1CMediaType@@QAE@XZ      796f65b0 f   strmbasex:mtype.obj
 0001:000055c0       ??0CMediaType@@QAE@XZ      796f65c0 f   strmbasex:mtype.obj
 0001:000055d0       ?Set@CMediaType@@QAEJABV1@@Z 796f65d0 f   strmbasex:mtype.obj
 0001:000055e0       ?Set@CMediaType@@QAEJABU_AMMediaType@@@Z 796f65e0 f   strmbasex:mtype.obj
 0001:00005610       ?InitMediaType@CMediaType@@QAEXXZ 796f6610 f   strmbasex:mtype.obj
 0001:00005630       ?IsPartiallySpecified@CMediaType@@QBEHXZ 796f6630 f   strmbasex:mtype.obj
 0001:00005670       ?MatchesPartial@CMediaType@@QBEHPBV1@@Z 796f6670 f   strmbasex:mtype.obj
 0001:00005740       ?DeleteMediaType@@YGXPAU_AMMediaType@@@Z 796f6740 f   strmbasex:mtype.obj
 0001:00005760       ?CopyMediaType@@YGJPAU_AMMediaType@@PBU1@@Z 796f6760 f   strmbasex:mtype.obj
 0001:000057d0       ?FreeMediaType@@YGXAAU_AMMediaType@@@Z 796f67d0 f   strmbasex:mtype.obj
 0001:00005810       ??1CBaseDispatch@@QAE@XZ   796f6810 f   strmbasex:ctlutil.obj
 0001:00005820       ?GetTypeInfoCount@CBaseDispatch@@QAGJPAI@Z 796f6820 f   strmbasex:ctlutil.obj
 0001:00005840       ?GetTypeInfo@CBaseDispatch@@QAGJABU_GUID@@IKPAPAUITypeInfo@@@Z 796f6840 f   strmbasex:ctlutil.obj
 0001:00005950       ?GetIDsOfNames@CBaseDispatch@@QAGJABU_GUID@@PAPAGIKPAJ@Z 796f6950 f   strmbasex:ctlutil.obj
 0001:000059a0       ??0CMediaPosition@@QAE@PBDPAUIUnknown@@@Z 796f69a0 f   strmbasex:ctlutil.obj
 0001:000059d0       ?NonDelegatingQueryInterface@CMediaPosition@@UAGJABU_GUID@@PAPAX@Z 796f69d0 f   strmbasex:ctlutil.obj
 0001:00005a10       ?GetTypeInfoCount@CMediaPosition@@UAGJPAI@Z 796f6a10 f   strmbasex:ctlutil.obj
 0001:00005a20       ?GetTypeInfo@CMediaPosition@@UAGJIKPAPAUITypeInfo@@@Z 796f6a20 f   strmbasex:ctlutil.obj
 0001:00005a50       ?GetIDsOfNames@CMediaPosition@@UAGJABU_GUID@@PAPAGIKPAJ@Z 796f6a50 f   strmbasex:ctlutil.obj
 0001:00005a70       ?Invoke@CMediaPosition@@UAGJJABU_GUID@@KGPAUtagDISPPARAMS@@PAUtagVARIANT@@PAUtagEXCEPINFO@@PAI@Z 796f6a70 f   strmbasex:ctlutil.obj
 0001:00005af0       ??0CPosPassThru@@QAE@PBDPAUIUnknown@@PAJPAUIPin@@@Z 796f6af0 f   strmbasex:ctlutil.obj
 0001:00005b40       ??_GCPosPassThru@@UAEPAXI@Z 796f6b40 f i strmbasex:ctlutil.obj
 0001:00005b40       ??_ECPosPassThru@@UAEPAXI@Z 796f6b40 f i strmbasex:ctlutil.obj
 0001:00005b70       ??1CPosPassThru@@UAE@XZ    796f6b70 f i strmbasex:ctlutil.obj
 0001:00005be0       ?NonDelegatingQueryInterface@CPosPassThru@@UAGJABU_GUID@@PAPAX@Z 796f6be0 f   strmbasex:ctlutil.obj
 0001:00005c30       ?GetPeer@CPosPassThru@@AAEJPAPAUIMediaPosition@@@Z 796f6c30 f   strmbasex:ctlutil.obj
 0001:00005ca0       ?GetPeerSeeking@CPosPassThru@@AAEJPAPAUIMediaSeeking@@@Z 796f6ca0 f   strmbasex:ctlutil.obj
 0001:00005d10       ?GetCapabilities@CPosPassThru@@UAGJPAK@Z 796f6d10 f   strmbasex:ctlutil.obj
 0001:00005d50       ?CheckCapabilities@CPosPassThru@@UAGJPAK@Z 796f6d50 f   strmbasex:ctlutil.obj
 0001:00005d90       ?IsFormatSupported@CPosPassThru@@UAGJPBU_GUID@@@Z 796f6d90 f   strmbasex:ctlutil.obj
 0001:00005dd0       ?QueryPreferredFormat@CPosPassThru@@UAGJPAU_GUID@@@Z 796f6dd0 f   strmbasex:ctlutil.obj
 0001:00005e10       ?SetTimeFormat@CPosPassThru@@UAGJPBU_GUID@@@Z 796f6e10 f   strmbasex:ctlutil.obj
 0001:00005e50       ?GetTimeFormatA@CPosPassThru@@UAGJPAU_GUID@@@Z 796f6e50 f   strmbasex:ctlutil.obj
 0001:00005e90       ?IsUsingTimeFormat@CPosPassThru@@UAGJPBU_GUID@@@Z 796f6e90 f   strmbasex:ctlutil.obj
 0001:00005ed0       ?ConvertTimeFormat@CPosPassThru@@UAGJPA_JPBU_GUID@@_J1@Z 796f6ed0 f   strmbasex:ctlutil.obj
 0001:00005f20       ?SetPositions@CPosPassThru@@UAGJPA_JK0K@Z 796f6f20 f   strmbasex:ctlutil.obj
 0001:00005f70       ?GetPositions@CPosPassThru@@UAGJPA_J0@Z 796f6f70 f   strmbasex:ctlutil.obj
 0001:00005fb0       ?GetSeekingLongLong@CPosPassThru@@AAEJP8IMediaSeeking@@AGJPA_J@Z0@Z 796f6fb0 f   strmbasex:ctlutil.obj
 0001:00005fe0       ?GetCurrentPosition@CPosPassThru@@UAGJPA_J@Z 796f6fe0 f   strmbasex:ctlutil.obj
 0001:00006020       ?GetStopPosition@CPosPassThru@@UAGJPA_J@Z 796f7020 f   strmbasex:ctlutil.obj
 0001:00006040       ?GetDuration@CPosPassThru@@UAGJPA_J@Z 796f7040 f   strmbasex:ctlutil.obj
 0001:00006060       ?GetPreroll@CPosPassThru@@UAGJPA_J@Z 796f7060 f   strmbasex:ctlutil.obj
 0001:00006080       ?GetAvailable@CPosPassThru@@UAGJPA_J0@Z 796f7080 f   strmbasex:ctlutil.obj
 0001:000060c0       ?GetRate@CPosPassThru@@UAGJPAN@Z 796f70c0 f   strmbasex:ctlutil.obj
 0001:00006100       ?SetRate@CPosPassThru@@UAGJN@Z 796f7100 f   strmbasex:ctlutil.obj
 0001:00006150       ?get_Duration@CPosPassThru@@UAGJPAN@Z 796f7150 f   strmbasex:ctlutil.obj
 0001:00006190       ?get_CurrentPosition@CPosPassThru@@UAGJPAN@Z 796f7190 f   strmbasex:ctlutil.obj
 0001:000061d0       ?put_CurrentPosition@CPosPassThru@@UAGJN@Z 796f71d0 f   strmbasex:ctlutil.obj
 0001:00006210       ?get_StopTime@CPosPassThru@@UAGJPAN@Z 796f7210 f   strmbasex:ctlutil.obj
 0001:00006250       ?put_StopTime@CPosPassThru@@UAGJN@Z 796f7250 f   strmbasex:ctlutil.obj
 0001:00006290       ?get_PrerollTime@CPosPassThru@@UAGJPAN@Z 796f7290 f   strmbasex:ctlutil.obj
 0001:000062d0       ?put_PrerollTime@CPosPassThru@@UAGJN@Z 796f72d0 f   strmbasex:ctlutil.obj
 0001:00006310       ?get_Rate@CPosPassThru@@UAGJPAN@Z 796f7310 f   strmbasex:ctlutil.obj
 0001:00006350       ?put_Rate@CPosPassThru@@UAGJN@Z 796f7350 f   strmbasex:ctlutil.obj
 0001:000063b0       ?CanSeekForward@CPosPassThru@@UAGJPAJ@Z 796f73b0 f   strmbasex:ctlutil.obj
 0001:000063f0       ?CanSeekBackward@CPosPassThru@@UAGJPAJ@Z 796f73f0 f   strmbasex:ctlutil.obj
 0001:00006430       ??0CRendererPosPassThru@@QAE@PBDPAUIUnknown@@PAJPAUIPin@@@Z 796f7430 f   strmbasex:ctlutil.obj
 0001:00006490       ??_ECRendererPosPassThru@@UAEPAXI@Z 796f7490 f i strmbasex:ctlutil.obj
 0001:00006490       ??_GCRendererPosPassThru@@UAEPAXI@Z 796f7490 f i strmbasex:ctlutil.obj
 0001:000064c0       ??1CRendererPosPassThru@@UAE@XZ 796f74c0 f i strmbasex:ctlutil.obj
 0001:00006540       ?RegisterMediaTime@CRendererPosPassThru@@QAEJPAUIMediaSample@@@Z 796f7540 f   strmbasex:ctlutil.obj
 0001:000065f0       ?QueryInterface@CPosPassThru@@UAGJABU_GUID@@PAPAX@Z 796f75f0 f i strmbasex:ctlutil.obj
 0001:00006600       ?AddRef@CPosPassThru@@UAGKXZ 796f7600 f i strmbasex:ctlutil.obj
 0001:00006610       ?Release@CPosPassThru@@UAGKXZ 796f7610 f i strmbasex:ctlutil.obj
 0001:00006620       ?GetMediaTime@CPosPassThru@@UAEJPA_J0@Z 796f7620 f i strmbasex:ctlutil.obj
 0001:00006630       ?GetMediaTime@CRendererPosPassThru@@UAEJPA_J0@Z 796f7630 f   strmbasex:ctlutil.obj
 0001:000066f0       ?ResetMediaTime@CRendererPosPassThru@@QAEJXZ 796f76f0 f   strmbasex:ctlutil.obj
 0001:00006720       ?EOS@CRendererPosPassThru@@QAEJXZ 796f7720 f   strmbasex:ctlutil.obj
 0001:00006780       ??_9@$BCI@AG               796f7780 f i strmbasex:ctlutil.obj
 0001:00006790       ??_9@$BEM@AG               796f7790 f i strmbasex:ctlutil.obj
 0001:000067a0       ??_9@$BCM@AG               796f77a0 f i strmbasex:ctlutil.obj
 0001:000067b0       ??_9@$BDA@AG               796f77b0 f i strmbasex:ctlutil.obj
 0001:000067c0       ?QueryInterface@CPosPassThru@@W3AGJABU_GUID@@PAPAX@Z 796f77c0 f i strmbasex:ctlutil.obj
 0001:000067d0       ?AddRef@CPosPassThru@@W3AGKXZ 796f77d0 f i strmbasex:ctlutil.obj
 0001:000067e0       ?Release@CPosPassThru@@W3AGKXZ 796f77e0 f i strmbasex:ctlutil.obj
 0001:00006b10       ?Create@CD_CTOpenGLRenderer@@UAEPAXXZ 796f7b10 f i BaseClass.obj
 0001:00006b60       ?Delete@CD_CTDShowMediaPlayer@@UAEXPAX@Z 796f7b60 f i DS_MPlayer.obj
 0001:00006b60       ?Delete@CD_CTOpenGLMouse@@UAEXPAX@Z 796f7b60 f i MouseDev.obj
 0001:00006b60       ?Delete@CD_CTOpenGLRenderer@@UAEXPAX@Z 796f7b60 f i BaseClass.obj
 0001:00006b70       ?GetPlugInLib@CD_CTOpenGLRenderer@@UBEPAVCTPlugInLib@citk@@XZ 796f7b70 f i BaseClass.obj
 0001:00006b70       ?GetPlugInLib@CD_CTOpenGLMouse@@UBEPAVCTPlugInLib@citk@@XZ 796f7b70 f i MouseDev.obj
 0001:00006b70       ?GetPlugInLib@CD_CTDShowMediaPlayer@@UBEPAVCTPlugInLib@citk@@XZ 796f7b70 f i DS_MPlayer.obj
 0001:00006b70       ?GetPlugInLib@CD_RT_GL@@UBEPAVCTPlugInLib@citk@@XZ 796f7b70 f i Classes.obj
 0001:00006b80       ??0CTOpenGLRenderer@@QAE@XZ 796f7b80 f   BaseClass.obj
 0001:00006e10       ??_ECTOpenGLRenderer@@UAEPAXI@Z 796f7e10 f i * CIL library *:* CIL module *
 0001:00006e10       ??_GCTOpenGLRenderer@@UAEPAXI@Z 796f7e10 f i BaseClass.obj
 0001:00006ef0       ??_Gkgl_PixelBuffer@@QAEPAXI@Z 796f7ef0 f i BaseClass.obj
 0001:00006fd0       ?Show@CTOpenGLRenderer@@UAE_NXZ 796f7fd0 f   BaseClass.obj
 0001:00007580       ?Hide@CTOpenGLRenderer@@UAE_NXZ 796f8580 f   BaseClass.obj
 0001:00007870       ?IsVisible@CTOpenGLRenderer@@UAE_NXZ 796f8870 f   BaseClass.obj
 0001:00007880       ?GrabBitmap@CTOpenGLRenderer@@UAEPAVDBitmap@citkTypes@@HHHH@Z 796f8880 f   BaseClass.obj
 0001:00007990       ?ShowBitmap@CTOpenGLRenderer@@UAE_NPAVDBitmap@citkTypes@@HH@Z 796f8990 f   BaseClass.obj
 0001:00007bc0       ?BeginScene@CTOpenGLRenderer@@UAE_NPAUDRenderContext@citk@@@Z 796f8bc0 f   BaseClass.obj
 0001:00008360       ?Render@CTOpenGLRenderer@@UAE_NPAVCTVertexData@citk@@ABURenderInfo_t@3@PAVCTRenderState@3@@Z 796f9360 f   BaseClass.obj
 0001:00008390       ?RenderSkin@CTOpenGLRenderer@@UAE_NPAVCTSkinData@citk@@PAPAUboneinfo_t@3@ABURenderInfo_t@3@PAVCTRenderState@3@@Z 796f9390 f   BaseClass.obj
 0001:000083a0       ?FlushScene@CTOpenGLRenderer@@UAE_NPAUDRenderContext@citk@@@Z 796f93a0 f   BaseClass.obj
 0001:00008970       ?EndScene@CTOpenGLRenderer@@UAE_NPAUDRenderContext@citk@@@Z 796f9970 f   BaseClass.obj
 0001:00008d80       ?DrawStats@CTOpenGLRenderer@@IAEXXZ 796f9d80 f   BaseClass.obj
 0001:00009190       ?FlipBuffer@CTOpenGLRenderer@@UAEXXZ 796fa190 f   BaseClass.obj
 0001:000091a0       ?_FlipBuffer@CTOpenGLRenderer@@IAEXXZ 796fa1a0 f   BaseClass.obj
 0001:00009260       ?Preload@CTOpenGLRenderer@@UAE_NPAVCTTexture@citk@@@Z 796fa260 f   BaseClass.obj
 0001:00009270       ?GetResolution@CTOpenGLRenderer@@UAE_NAAH0@Z 796fa270 f   BaseClass.obj
 0001:000092c0       ?GetAspectRatio@CTOpenGLRenderer@@UAENXZ 796fa2c0 f   BaseClass.obj
 0001:00009330       ?OnReceiveFirstSample@CBaseRenderer@@UAEXPAUIMediaSample@@@Z 796fa330 f   DS_FrameGrabber.obj
 0001:00009330       ?InvalidateCamera@CTOpenGLRenderer@@UAEXPAUDRenderContext@citk@@@Z 796fa330 f   BaseClass.obj
 0001:00009330       ?FlipImage@CTDShowMediaPlayer@citk@@UAEX_N@Z 796fa330 f   DS_MPlayer.obj
 0001:00009340       ?Preload@CTOpenGLRenderer@@UAEKPAVCTVertexData@citk@@K@Z 796fa340 f   BaseClass.obj
 0001:00009350       ?_CheckWindow@CTOpenGLRenderer@@IAEXXZ 796fa350 f   BaseClass.obj
 0001:00009540       ?SetResolution@CTOpenGLRenderer@@UAE_NHH@Z 796fa540 f   BaseClass.obj
 0001:00009560       ?StartDevice@CTOpenGLRenderer@@MAE_NXZ 796fa560 f   BaseClass.obj
 0001:000096c0       ??1?$ServicePtr@VCTTextureManager@citk@@@citk@@QAE@XZ 796fa6c0 f i DS_MPlayer.obj
 0001:000096c0       ??1?$ServicePtr@VCTDeviceManager@citk@@@citk@@QAE@XZ 796fa6c0 f i BaseClass.obj
 0001:00009700       ?StopDevice@CTOpenGLRenderer@@MAE_NXZ 796fa700 f   BaseClass.obj
 0001:00009760       ?OnPropertyChanged@CTOpenGLRenderer@@MAEXAAVDProperty@citk@@@Z 796fa760 f   BaseClass.obj
 0001:00009860       ?DoAddProperties@CTOpenGLRenderer@@MAEXXZ 796fa860 f   BaseClass.obj
 0001:00009ae0       ?MainWndproc@CTOpenGLRenderer@@QAEJIIJ@Z 796faae0 f   BaseClass.obj
 0001:00009ea0       ?MessageLoop@CTOpenGLRenderer@@IAAXXZ 796faea0 f   BaseClass.obj
 0001:00009ee0       ??1?$StrongPtr@VCTShaderProperty@citk@@@citk@@QAE@XZ 796faee0 f i Render.obj
 0001:00009ee0       ??1?$StrongPtr@VCTAlphaProperty@citk@@@citk@@QAE@XZ 796faee0 f i Render.obj
 0001:00009ee0       ??1?$StrongPtr@VCTVertexData@citk@@@citk@@QAE@XZ 796faee0 f i Render.obj
 0001:00009ee0       ??1?$StrongPtr@VCTRenderFlagsProperty@citk@@@citk@@QAE@XZ 796faee0 f i Render.obj
 0001:00009ee0       ??1?$StrongPtr@VCTTextureProperty@citk@@@citk@@QAE@XZ 796faee0 f i Render.obj
 0001:00009ee0       ??1?$StrongPtr@VCTTexture@citk@@@citk@@QAE@XZ 796faee0 f i RasterText.obj
 0001:00009ee0       ??1?$StrongPtr@VCTLightingProperty@citk@@@citk@@QAE@XZ 796faee0 f i Render.obj
 0001:00009ee0       ??1?$StrongPtr@VCTWireFrameProperty@citk@@@citk@@QAE@XZ 796faee0 f i Render.obj
 0001:00009ee0       ??1?$StrongPtr@VrtGL_TextureCacheClass@@@citk@@QAE@XZ 796faee0 f i Render.obj
 0001:00009ee0       ??1?$StrongPtr@Vkgl_VertexBufferObjects@@@citk@@QAE@XZ 796faee0 f i Render.obj
 0001:00009ee0       ??1?$StrongPtr@VCTMaterialProperty@citk@@@citk@@QAE@XZ 796faee0 f i Render.obj
 0001:00009ee0       ??1?$StrongPtr@VrtGL_RenderClass@@@citk@@QAE@XZ 796faee0 f i BaseClass.obj
 0001:00009f20       ??C?$ServicePtr@VCTDeviceManager@citk@@@citk@@QAEPAVCTDeviceManager@1@XZ 796faf20 f i BaseClass.obj
 0001:00009f90       ?EndOcclusionTest@CTOpenGLRenderer@@UAEHH@Z 796faf90 f i BaseClass.obj
 0001:00009fa0       ?StartOcclusionTest@CTOpenGLRenderer@@UAEHABVVector3@citkTypes@@0@Z 796fafa0 f i BaseClass.obj
 0001:00009fb0       ___scrt_stub_for_acrt_uninitialize_critical 796fafb0 f i MSVCRT:ucrt_stubs.obj
 0001:00009fb0       ___acrt_uninitialize       796fafb0 f i MSVCRT:ucrt_stubs.obj
 0001:00009fb0       ?StopOnRelease@CTOpenGLRenderer@@UBE_NXZ 796fafb0 f i BaseClass.obj
 0001:00009fb0       ___acrt_thread_attach      796fafb0 f i MSVCRT:ucrt_stubs.obj
 0001:00009fb0       ___acrt_thread_detach      796fafb0 f i MSVCRT:ucrt_stubs.obj
 0001:00009fb0       ___acrt_initialize         796fafb0 f i MSVCRT:ucrt_stubs.obj
 0001:00009fb0       ___vcrt_thread_detach      796fafb0 f i MSVCRT:ucrt_stubs.obj
 0001:00009fb0       ___scrt_stub_for_acrt_initialize 796fafb0 f i MSVCRT:ucrt_stubs.obj
 0001:00009fb0       ___scrt_stub_for_acrt_thread_detach 796fafb0 f i MSVCRT:ucrt_stubs.obj
 0001:00009fb0       ___vcrt_uninitialize       796fafb0 f i MSVCRT:ucrt_stubs.obj
 0001:00009fb0       ___acrt_uninitialize_critical 796fafb0 f i MSVCRT:ucrt_stubs.obj
 0001:00009fb0       ___vcrt_uninitialize_critical 796fafb0 f i MSVCRT:ucrt_stubs.obj
 0001:00009fb0       ___scrt_stub_for_acrt_uninitialize 796fafb0 f i MSVCRT:ucrt_stubs.obj
 0001:00009fb0       ___scrt_stub_for_acrt_thread_attach 796fafb0 f i MSVCRT:ucrt_stubs.obj
 0001:00009fb0       ___vcrt_thread_attach      796fafb0 f i MSVCRT:ucrt_stubs.obj
 0001:00009fb0       ?StopOnRelease@CTDShowMediaPlayer@citk@@UBE_NXZ 796fafb0 f i DS_MPlayer.obj
 0001:00009fb0       ___vcrt_initialize         796fafb0 f i MSVCRT:ucrt_stubs.obj
 0001:00009fc0       ?GetCD@CTOpenGLRenderer@@UBEPAVClassDesc@citk@@XZ 796fafc0 f i BaseClass.obj
 0001:00009fd0       ___local_stdio_printf_options 796fafd0 f i BaseClass.obj
 0001:00009fe0       __vsnprintf_l              796fafe0 f i BaseClass.obj
 0001:0000a020       ?rtGL_DebugMsg@@YAXPBDZZ   796fb020 f i BaseClass.obj
 0001:0000a070       ??0GLDEVWINDOWSTRUCT@@QAE@XZ 796fb070 f i BaseClass.obj
 0001:0000a110       ??_G?$SafePtr@VCTHardwareIO@citk@@@citk@@UAEPAXI@Z 796fb110 f i BaseClass.obj
 0001:0000a110       ??_E?$SafePtr@VCTHardwareIO@citk@@@citk@@UAEPAXI@Z 796fb110 f i * CIL library *:* CIL module *
 0001:0000a180       ?OnDelete@?$SafePtr@VCTRenderTarget@citk@@@citk@@UAEXPAVCTAggregated@2@@Z 796fb180 f i MouseDev.obj
 0001:0000a180       ?OnDelete@?$SafePtr@VCTHardwareIO@citk@@@citk@@UAEXPAVCTAggregated@2@@Z 796fb180 f i BaseClass.obj
 0001:0000a190       ?GetTarget@?$SafePtr@VCTHardwareIO@citk@@@citk@@UBEPAVCTAggregated@2@XZ 796fb190 f i BaseClass.obj
 0001:0000a190       ?GetTarget@?$SafePtr@VCTRenderTarget@citk@@@citk@@UBEPAVCTAggregated@2@XZ 796fb190 f i MouseDev.obj
 0001:0000a1a0       ??1?$SafePtr@VCTHardwareIO@citk@@@citk@@UAE@XZ 796fb1a0 f i BaseClass.obj
 0001:0000a1f0       ?GetCD@RT_GL@@UBEPAVClassDesc@citk@@XZ 796fb1f0 f i Classes.obj
 0001:0000a200       ?GetURL@RT_GL@@UBE?AVString@citkTypes@@XZ 796fb200 f i Classes.obj
 0001:0000a230       ??_ERT_GL@@UAEPAXI@Z       796fb230 f i * CIL library *:* CIL module *
 0001:0000a230       ??_GRT_GL@@UAEPAXI@Z       796fb230 f i Classes.obj
 0001:0000a260       _citk_DllMain2             796fb260 f   Classes.obj
 0001:0000a280       ?RegisterPlugInClasses_RT_GL@@YA_NXZ 796fb280 f   Classes.obj
 0001:0000a290       ?DoClasses@RT_GL@@UAEXXZ   796fb290 f   Classes.obj
 0001:0000a2c0       ?citk_assert@@YAXPBD@Z     796fb2c0 f   Classes.obj
 0001:0000a300       _DllMain@12                796fb300 f   Classes.obj
 0001:0000a330       ??_EDMessageBox@citkTypes@@UAEPAXI@Z 796fb330 f i * CIL library *:* CIL module *
 0001:0000a330       ??_GDMessageBox@citkTypes@@UAEPAXI@Z 796fb330 f i Classes.obj
 0001:0000a360       ?ThreadProc@DMessageBox@citkTypes@@MAEXPAX@Z 796fb360 f i Classes.obj
 0001:0000a400       ??0DMessageBox@citkTypes@@QAE@PBD0I@Z 796fb400 f i Classes.obj
 0001:0000a500       ?GetID@CR_CS@@UBEKXZ       796fb500 f i Copyright.obj
 0001:0000a510       ?GetAuthorName@CR_CS@@UBE?AVString@citkTypes@@XZ 796fb510 f i Copyright.obj
 0001:0000a540       ?GetEmail@CR_CS@@UBE?AVString@citkTypes@@XZ 796fb540 f i Copyright.obj
 0001:0000a570       ?GetCompanyName@CR_IC@@UBE?AVString@citkTypes@@XZ 796fb570 f i Copyright.obj
 0001:0000a570       ?GetCompanyName@CR_CS@@UBE?AVString@citkTypes@@XZ 796fb570 f i Copyright.obj
 0001:0000a5a0       ?GetURL@CR_CS@@UBE?AVString@citkTypes@@XZ 796fb5a0 f i Copyright.obj
 0001:0000a5d0       ?GetID@CR_IC@@UBEKXZ       796fb5d0 f i Copyright.obj
 0001:0000a5e0       ?GetAuthorName@CR_IC@@UBE?AVString@citkTypes@@XZ 796fb5e0 f i Copyright.obj
 0001:0000a610       ?GetEmail@CR_IC@@UBE?AVString@citkTypes@@XZ 796fb610 f i Copyright.obj
 0001:0000a640       ?GetURL@CR_IC@@UBE?AVString@citkTypes@@XZ 796fb640 f i Copyright.obj
 0001:0000a6c0       ?glCore_TestDummyWindow@@YA_N_N@Z 796fb6c0 f   Core.obj
 0001:0000a970       ?glCore_LoadExtAndFunc@@YAXXZ 796fb970 f   Core.obj
 0001:0000aaa0       ?glCore_CheckAGPMemory@@YAXXZ 796fbaa0 f   Core.obj
 0001:0000ab40       ?glCore_CheckVersions@@YAXXZ 796fbb40 f   Core.obj
 0001:0000ac50       ?glCore_RunningHardware@@YA_NXZ 796fbc50 f   Core.obj
 0001:0000ad00       ?glCore_GetDriverVersion@@YAXPAD@Z 796fbd00 f   Core.obj
 0001:0000ae50       ___local_stdio_scanf_options 796fbe50 f i Core.obj
 0001:0000ae60       _sscanf                    796fbe60 f i Core.obj
 0001:0000ae90       _sprintf                   796fbe90 f i Core.obj
 0001:0000aeb0       ?glExt_ResetAll@@YAXXZ     796fbeb0 f   CoreExt.obj
 0001:0000af30       ?glExt_IsAvailable@@YA_NPAD@Z 796fbf30 f   CoreExt.obj
 0001:0000b060       ?glExt_CheckAll@@YAXXZ     796fc060 f   CoreExt.obj
 0001:0000b1e0       ?glImports_LoadAll@@YAXXZ  796fc1e0 f   CoreImports.obj
 0001:0000bd40       ?glCoreWin32_CreateWindow@@YA_NPAUGLDEVWINDOWSTRUCT@@@Z 796fcd40 f   CoreWin32.obj
 0001:0000c050       __is_c_termination_complete 796fd050 f i MSVCRT:ucrt_stubs.obj
 0001:0000c050       ?GetSizeEstimate@GLDEVTEXTURE@@UAEJXZ 796fd050 f i Textures.obj
 0001:0000c050       ?GetSetupData@CBaseFilter@@UAEPAU_AMOVIESETUP_FILTER@@XZ 796fd050 f i DS_FrameGrabber.obj
 0001:0000c050       ___scrt_stub_for_is_c_termination_complete 796fd050 f i MSVCRT:ucrt_stubs.obj
 0001:0000c060       @_guard_check_icall_nop@4  796fd060 f i MSVCRT:guard_support.obj
 0001:0000c060       ?UnlockFrame@CTDShowMediaPlayer@citk@@UAEXXZ 796fd060 f i DS_MPlayer.obj
 0001:0000c060       ?PrepareRender@CBaseRenderer@@UAEXXZ 796fd060 f i DS_FrameGrabber.obj
 0001:0000c070       ?QueryInterface@CBaseVideoRenderer@@UAGJABU_GUID@@PAPAX@Z 796fd070 f i DS_FrameGrabber.obj
 0001:0000c090       ?AddRef@CBaseVideoRenderer@@UAGKXZ 796fd090 f i DS_FrameGrabber.obj
 0001:0000c0b0       ?Release@CBaseVideoRenderer@@UAGKXZ 796fd0b0 f i DS_FrameGrabber.obj
 0001:0000c0d0       ??_GCDSFrameGrabber@@UAEPAXI@Z 796fd0d0 f i DS_FrameGrabber.obj
 0001:0000c0d0       ??_ECDSFrameGrabber@@UAEPAXI@Z 796fd0d0 f i * CIL library *:* CIL module *
 0001:0000c140       ?CheckMediaType@CDSFrameGrabber@@UAEJPBVCMediaType@@@Z 796fd140 f   DS_FrameGrabber.obj
 0001:0000c1d0       ?SetMediaType@CDSFrameGrabber@@UAEJPBVCMediaType@@@Z 796fd1d0 f   DS_FrameGrabber.obj
 0001:0000c200       ?DoRenderSample@CDSFrameGrabber@@UAEJPAUIMediaSample@@@Z 796fd200 f   DS_FrameGrabber.obj
 0001:0000c2c8       ?Release@CBaseVideoRenderer@@WNI@AGKXZ 796fd2c8 f i DS_FrameGrabber.obj
 0001:0000c2d5       ?AddRef@CBaseVideoRenderer@@W3AGKXZ 796fd2d5 f i DS_FrameGrabber.obj
 0001:0000c2df       ?QueryInterface@CBaseVideoRenderer@@W3AGJABU_GUID@@PAPAX@Z 796fd2df f i DS_FrameGrabber.obj
 0001:0000c2e9       ?Release@CBaseVideoRenderer@@W3AGKXZ 796fd2e9 f i DS_FrameGrabber.obj
 0001:0000c2f3       ?AddRef@CBaseVideoRenderer@@WNE@AGKXZ 796fd2f3 f i DS_FrameGrabber.obj
 0001:0000c300       ?QueryInterface@CBaseVideoRenderer@@WNE@AGJABU_GUID@@PAPAX@Z 796fd300 f i DS_FrameGrabber.obj
 0001:0000c30d       ?AddRef@CBaseVideoRenderer@@WNI@AGKXZ 796fd30d f i DS_FrameGrabber.obj
 0001:0000c31a       ?QueryInterface@CBaseVideoRenderer@@WNI@AGJABU_GUID@@PAPAX@Z 796fd31a f i DS_FrameGrabber.obj
 0001:0000c327       ?Release@CBaseVideoRenderer@@WNE@AGKXZ 796fd327 f i DS_FrameGrabber.obj
 0001:0000c340       ?Init@CComCriticalSection@ATL@@QAEJXZ 796fd340 f i DS_MPlayer.obj
 0001:0000c370       ?GetCD@CTDShowMediaPlayer@citk@@UBEPAVClassDesc@2@XZ 796fd370 f i DS_MPlayer.obj
 0001:0000c380       ?OnDelete@CTDShowMediaPlayer@citk@@UAEXPAVCTAggregated@2@@Z 796fd380 f i DS_MPlayer.obj
 0001:0000c3b0       ?IsShareable@CTDShowMediaPlayer@citk@@UBE_NXZ 796fd3b0 f i DS_MPlayer.obj
 0001:0000c3c0       ?StartDevice@CTDShowMediaPlayer@citk@@UAE_NXZ 796fd3c0 f i DS_MPlayer.obj
 0001:0000c3d0       ?StopDevice@CTDShowMediaPlayer@citk@@UAE_NXZ 796fd3d0 f i DS_MPlayer.obj
 0001:0000c410       ?ContinuePlayback@CTDShowMediaPlayer@citk@@UAE_NXZ 796fd410 f i DS_MPlayer.obj
 0001:0000c460       ?IsPlaying@CTDShowMediaPlayer@citk@@UAE_NXZ 796fd460 f i DS_MPlayer.obj
 0001:0000c470       ?SetLooping@CTDShowMediaPlayer@citk@@UAEX_N@Z 796fd470 f i DS_MPlayer.obj
 0001:0000c480       ?SetTarget@CTDShowMediaPlayer@citk@@UAE_NPAVCTRenderTarget@2@@Z 796fd480 f i DS_MPlayer.obj
 0001:0000c490       ?GetResolution@CTDShowMediaPlayer@citk@@UAE_NAAH0@Z 796fd490 f i DS_MPlayer.obj
 0001:0000c4b0       ?Create@CD_CTDShowMediaPlayer@@UAEPAXXZ 796fd4b0 f i DS_MPlayer.obj
 0001:0000c5d0       ??_GCTDShowMediaPlayer@citk@@UAEPAXI@Z 796fd5d0 f i DS_MPlayer.obj
 0001:0000c5d0       ??_ECTDShowMediaPlayer@citk@@UAEPAXI@Z 796fd5d0 f i * CIL library *:* CIL module *
 0001:0000c650       ??1ds_internals_t@@QAE@XZ  796fd650 f i DS_MPlayer.obj
 0001:0000c730       ??1?$CComPtr@UIBaseFilter@@@ATL@@QAE@XZ 796fd730 f i DS_MPlayer.obj
 0001:0000c780       ?DoAddProperties@CTDShowMediaPlayer@citk@@MAEXXZ 796fd780 f   DS_MPlayer.obj
 0001:0000c7b0       ?SetSource@CTDShowMediaPlayer@citk@@UAE_NPBD@Z 796fd7b0 f   DS_MPlayer.obj
 0001:0000c9b0       ?StartPlayback@CTDShowMediaPlayer@citk@@UAE_NXZ 796fd9b0 f   DS_MPlayer.obj
 0001:0000c9f0       ?PausePlayback@CTDShowMediaPlayer@citk@@UAE_NXZ 796fd9f0 f   DS_MPlayer.obj
 0001:0000ca30       ?StopPlayback@CTDShowMediaPlayer@citk@@UAE_NXZ 796fda30 f   DS_MPlayer.obj
 0001:0000caa0       ?SetTime@CTDShowMediaPlayer@citk@@UAE_NJ@Z 796fdaa0 f   DS_MPlayer.obj
 0001:0000cb00       ?GetMediaLength@CTDShowMediaPlayer@citk@@UAEJXZ 796fdb00 f   DS_MPlayer.obj
 0001:0000cb40       ?GetTime@CTDShowMediaPlayer@citk@@UAEJXZ 796fdb40 f   DS_MPlayer.obj
 0001:0000cb90       ?Mute@CTDShowMediaPlayer@citk@@UAEXXZ 796fdb90 f   DS_MPlayer.obj
 0001:0000cbc0       ?Unmute@CTDShowMediaPlayer@citk@@UAEXXZ 796fdbc0 f   DS_MPlayer.obj
 0001:0000cbf0       ?GetVolume@CTDShowMediaPlayer@citk@@UAEMXZ 796fdbf0 f   DS_MPlayer.obj
 0001:0000cc50       ?SetVolume@CTDShowMediaPlayer@citk@@UAE_NM@Z 796fdc50 f   DS_MPlayer.obj
 0001:0000cd10       ?GetBitmapData@CTDShowMediaPlayer@citk@@UAE_NPAVDBitmap@citkTypes@@@Z 796fdd10 f   DS_MPlayer.obj
 0001:0000ce00       ?dshow_init@CTDShowMediaPlayer@citk@@QAE_NXZ 796fde00 f   DS_MPlayer.obj
 0001:0000d350       ?dshow_release@CTDShowMediaPlayer@citk@@QAEXXZ 796fe350 f   DS_MPlayer.obj
 0001:0000d460       ?SetTargetTexture@CTDShowMediaPlayer@citk@@UAE_NPAVCTTexture@2@@Z 796fe460 f   DS_MPlayer.obj
 0001:0000d500       ?LockFrame@CTDShowMediaPlayer@citk@@UAEPBXXZ 796fe500 f   DS_MPlayer.obj
 0001:0000d610       ?Acquire@?$ServicePtr@VCTTextureManager@citk@@@citk@@QAE_NXZ 796fe610 f i DS_MPlayer.obj
 0001:0000d660       ?_SetSpecular@rtGL_LightManagerClass@@SAXXZ 796fe660 f   Lights.obj
 0001:0000d690       ??1rtGL_LightManagerClass@@QAE@XZ 796fe690 f   Lights.obj
 0001:0000d6b0       ?SwitchOn@rtGL_LightManagerClass@@QAEXPAVCTLightingProperty@citk@@@Z 796fe6b0 f   Lights.obj
 0001:0000d850       ?SetupLight@rtGL_LightManagerClass@@AAEHPAVCTLight@citk@@I@Z 796fe850 f   Lights.obj
 0001:0000da50       ?GetCD@CTOpenGLMouse@@UBEPAVClassDesc@citk@@XZ 796fea50 f i MouseDev.obj
 0001:0000da60       ?GetDCount@CTOpenGLMouse@@MBEHXZ 796fea60 f i MouseDev.obj
 0001:0000da70       ?GetACount@CTOpenGLMouse@@MBEHXZ 796fea70 f i MouseDev.obj
 0001:0000da80       ?CanDWrite@CTOpenGLMouse@@MAE_NH@Z 796fea80 f i MouseDev.obj
 0001:0000da90       ?SetD@CTOpenGLMouse@@MAEXH_N@Z 796fea90 f i MouseDev.obj
 0001:0000dab0       ?Create@CD_CTOpenGLMouse@@UAEPAXXZ 796feab0 f i MouseDev.obj
 0001:0000db30       ??_ECTOpenGLMouse@@UAEPAXI@Z 796feb30 f i * CIL library *:* CIL module *
 0001:0000db30       ??_GCTOpenGLMouse@@UAEPAXI@Z 796feb30 f i MouseDev.obj
 0001:0000dbb0       ?StopDevice@CTOpenGLMouse@@MAE_NXZ 796febb0 f   MouseDev.obj
 0001:0000dc10       ?StartDevice@CTOpenGLMouse@@MAE_NXZ 796fec10 f   MouseDev.obj
 0001:0000ddb0       ?DoAddProperties@CTOpenGLMouse@@MAEXXZ 796fedb0 f   MouseDev.obj
 0001:0000dde0       ?GetD@CTOpenGLMouse@@MAE_NH@Z 796fede0 f   MouseDev.obj
 0001:0000de00       ?GetARaw@CTOpenGLMouse@@MAEHH@Z 796fee00 f   MouseDev.obj
 0001:0000de40       ?GetA@CTOpenGLMouse@@MAENH@Z 796fee40 f   MouseDev.obj
 0001:0000df00       ?GetADesc@CTOpenGLMouse@@MAEPBDH@Z 796fef00 f   MouseDev.obj
 0001:0000df40       ?GetDDesc@CTOpenGLMouse@@MAEPBDH@Z 796fef40 f   MouseDev.obj
 0001:0000dfc0       ?CanDRead@CTOpenGLMouse@@MAE_NH@Z 796fefc0 f   MouseDev.obj
 0001:0000dfd0       ?CanARead@CTOpenGLMouse@@MAE_NH@Z 796fefd0 f   MouseDev.obj
 0001:0000dfe0       ?GetAMin@CTOpenGLMouse@@MAEHH@Z 796fefe0 f   MouseDev.obj
 0001:0000e010       ?GetAMax@CTOpenGLMouse@@MAEHH@Z 796ff010 f   MouseDev.obj
 0001:0000e040       ??_E?$SafePtr@VCTRenderTarget@citk@@@citk@@UAEPAXI@Z 796ff040 f i * CIL library *:* CIL module *
 0001:0000e040       ??_G?$SafePtr@VCTRenderTarget@citk@@@citk@@UAEPAXI@Z 796ff040 f i MouseDev.obj
 0001:0000e0b0       ??0kgl_PixelBuffer@@QAE@AAUGLDEVWINDOWSTRUCT@@ABUkgl_pixelformat_t@@PAUHGLRC__@@@Z 796ff0b0 f   PixelBuffer.obj
 0001:0000e640       ?MakeCurrent@kgl_PixelBuffer@@QAEXXZ 796ff640 f   PixelBuffer.obj
 0001:0000e670       ?Clear@kgl_PixelBuffer@@QAEX_N@Z 796ff670 f   PixelBuffer.obj
 0001:0000e6c0       ?_wglChoosePixelFormat@kgl_PixelBuffer@@AAEHXZ 796ff6c0 f   PixelBuffer.obj
 0001:0000e880       ??1CTRasterText@@QAE@XZ    796ff880 f   RasterText.obj
 0001:0000e8c0       ?CreateFontA@CTRasterText@@QAEXPBDH_N@Z 796ff8c0 f   RasterText.obj
 0001:0000efe0       ?Out@CTRasterText@@QAEXHHPBD_N@Z 796fffe0 f   RasterText.obj
 0001:0000f0d0       ?New@?$StrongPtr@VCTTexture@citk@@@citk@@QAEPAVCTTexture@2@XZ 797000d0 f i RasterText.obj
 0001:0000f170       ??_GCTTexture@citk@@MAEPAXI@Z 79700170 f i RasterText.obj
 0001:0000f170       ??_ECTTexture@citk@@MAEPAXI@Z 79700170 f i * CIL library *:* CIL module *
 0001:0000f1a0       ??0rtGL_RenderClass@@QAE@XZ 797001a0 f   Render.obj
 0001:0000f7b0       ??_ErtGL_RenderClass@@UAEPAXI@Z 797007b0 f i * CIL library *:* CIL module *
 0001:0000f7b0       ??_GrtGL_RenderClass@@UAEPAXI@Z 797007b0 f i Render.obj
 0001:0000f7e0       ??1?$ArrayPtr@UGLDEVINSTANCEDOBJECT@@@citkTypes@@QAE@XZ 797007e0 f i Render.obj
 0001:0000f7f0       ??1rtGL_RenderClass@@UAE@XZ 797007f0 f   Render.obj
 0001:0000fa10       ?SetupPrimitive@rtGL_RenderClass@@AAEXPAVCTVertexData@citk@@W4BufferType_t@kgl_VertexBufferObjects@@@Z 79700a10 f   Render.obj
 0001:0000fe10       ?DrawPrimitive@rtGL_RenderClass@@AAEXPAVCTVertexData@citk@@@Z 79700e10 f   Render.obj
 0001:0000ff90       ?RemRefs@rtGL_RenderClass@@AAEXAAVrtGL_ShapeCollectorClass@@@Z 79700f90 f   Render.obj
 0001:00010010       ?RenderDrawable@rtGL_RenderClass@@AAEXPAVCTVertexData@citk@@PAUGLDEVSHAPEPROPERTIES@@@Z 79701010 f   Render.obj
 0001:00010130       ?DrawVanillaPrimitive@rtGL_RenderClass@@AAEXPAVCTVertexData@citk@@PAUGLDEVSHAPEPROPERTIES@@@Z 79701130 f   Render.obj
 0001:00010440       ?__compdepthfunc@@YAHPBX0@Z 79701440 f   Render.obj
 0001:00010460       ?MakeItOnScreen@rtGL_RenderClass@@QAEXPAVCTVertexData@citk@@ABURenderInfo_t@3@PAVCTRenderState@3@_N@Z 79701460 f   Render.obj
 0001:00010a70       ?Add@rtGL_ShapeCollectorClass@@QAEPAUGLDEVDRAWABLE@@XZ 79701a70 f i Render.obj
 0001:00010b20       ?__comprsfunc@GLDEVSHAPEPROPERTIESARRAY@@CAHPBX0@Z 79701b20 f i Render.obj
 0001:00010b80       ?ClearAll@rtGL_ShapeCollectorClass@@QAEXXZ 79701b80 f i Render.obj
 0001:00010c30       ??0GLDEVRENDERSTATE@@QAE@XZ 79701c30 f i Render.obj
 0001:00010d30       ??0GLDEVSHAPEPROPERTIES@@QAE@XZ 79701d30 f i Render.obj
 0001:00010dc0       ??1GLDEVRENDERSTATE@@QAE@XZ 79701dc0 f i Render.obj
 0001:00010e80       ??1GLDEVDRAWABLE@@QAE@XZ   79701e80 f i Render.obj
 0001:00010ed0       ??1rtGL_ShapeCollectorClass@@QAE@XZ 79701ed0 f i Render.obj
 0001:00010f80       ?Copy@rtGL_RenderStateManClass@@QAE_NPAVCTRenderState@citk@@AAUGLDEVRENDERSTATE@@@Z 79701f80 f   RenderState.obj
 0001:00011160       ?SetRenderFlags@rtGL_RenderStateManClass@@AAEXK@Z 79702160 f   RenderState.obj
 0001:00011250       ?SetMaterial@rtGL_RenderStateManClass@@AAEXPAVCTMaterialProperty@citk@@@Z 79702250 f   RenderState.obj
 0001:00011460       ?SetTexture@rtGL_RenderStateManClass@@QAEXPAUTexStage_t@CTTextureProperty@citk@@AAIABUDColorA@citkTypes@@@Z 79702460 f   RenderState.obj
 0001:00011a50       ?ClearTexMatrix@rtGL_RenderStateManClass@@QAEX_N@Z 79702a50 f   RenderState.obj
 0001:00011ab0       ?SetTextures@rtGL_RenderStateManClass@@AAEXPAVCTTextureProperty@citk@@@Z 79702ab0 f   RenderState.obj
 0001:00011b60       ?SetShader@rtGL_RenderStateManClass@@QAE_NPAVCTShaderProperty@citk@@@Z 79702b60 f   RenderState.obj
 0001:00011dd0       ?SetupVanilla@rtGL_RenderStateManClass@@QAEXAAUGLDEVRENDERSTATE@@@Z 79702dd0 f   RenderState.obj
 0001:00012210       ?DelRef@rtGL_RenderStateManClass@@QAEXAAUGLDEVRENDERSTATE@@@Z 79703210 f   RenderState.obj
 0001:000122b0       ??_GCTAlphaProperty@citk@@UAEPAXI@Z 797032b0 f i RenderState.obj
 0001:000122b0       ??_ECTAlphaProperty@citk@@UAEPAXI@Z 797032b0 f i * CIL library *:* CIL module *
 0001:000122e0       ??1rtGL_StatisticsClass@@QAE@XZ 797032e0 f   Statistics.obj
 0001:00012340       ?ResetCounters@rtGL_StatisticsClass@@QAEXXZ 79703340 f   Statistics.obj
 0001:00012380       ?TX_SetPixels@@YAXPAVGLDEVTEXTURE@@PBVDBitmap@citkTypes@@_N@Z 79703380 f   Textures.obj
 0001:00012560       ??_GDBitmap@citkTypes@@QAEPAXI@Z 79703560 f i Textures.obj
 0001:000125d0       ?New@rtGL_TextureCacheClass@@AAEPAVGLDEVTEXTURE@@PAVCTTexture@citk@@PAV2@_N@Z 797035d0 f   Textures.obj
 0001:000129f0       ?TX_UpdateVideoData@@YA_NPAVGLDEVTEXTURE@@@Z 797039f0 f   Textures.obj
 0001:00012bd0       ??_ErtGL_TextureCacheClass@@UAEPAXI@Z 79703bd0 f i * CIL library *:* CIL module *
 0001:00012bd0       ??_GrtGL_TextureCacheClass@@UAEPAXI@Z 79703bd0 f i Textures.obj
 0001:00012c50       ?_MakeDefault@rtGL_TextureCacheClass@@AAEXXZ 79703c50 f   Textures.obj
 0001:00013090       ?RegisterObject@rtGL_TextureCacheClass@@QAEPAVGLDEVTEXTURE@@PAVCTTexture@citk@@VGLDEVTEXTURETARGET@@@Z 79704090 f   Textures.obj
 0001:000131c0       ?UnregisterObject@rtGL_TextureCacheClass@@QAEXPAVCTTexture@citk@@@Z 797041c0 f   Textures.obj
 0001:00013280       ?ClearAll@rtGL_TextureCacheClass@@QAEXXZ 79704280 f   Textures.obj
 0001:000132d0       ?EnableTarget@rtGL_TextureCacheClass@@QAEXVGLDEVTEXTURETARGET@@@Z 797042d0 f   Textures.obj
 0001:00013310       ?Bind@rtGL_TextureCacheClass@@QAEXPAVGLDEVTEXTURE@@@Z 79704310 f   Textures.obj
 0001:00013370       ?TX_SetOperation@@YAXABUGLDEVTEXOPERATION@@@Z 79704370 f   Textures.obj
 0001:000135e0       ?DisableStagesFrom@rtGL_TextureCacheClass@@QAEXABI@Z 797045e0 f   Textures.obj
 0001:00013640       ?GetEstimateSize@rtGL_TextureCacheClass@@AAEJPAVGLDEVTEXTURE@@@Z 79704640 f   Textures.obj
 0001:00013690       ?OnDelete@rtGL_TextureCacheClass@@UAEXPAVCTAggregated@citk@@@Z 79704690 f   Textures.obj
 0001:000136d0       ?TX_MakeTexOp@@YAXABTtexblend_t@CTTextureProperty@citk@@ABUDColorA@citkTypes@@ABW4GLDEVTEXOPCOMPONENT@@AAUGLDEVTEXOPERATION@@@Z 797046d0 f   Textures.obj
 0001:00013740       ?Add@?$ArrayVal@H$0A@@citkTypes@@QAEIABH@Z 79704740 f i Textures.obj
 0001:000137d0       ?SetNo@?$ArrayPtr@VGLDEVTEXTURE@@@citkTypes@@QAEPAVGLDEVTEXTURE@@IQAV3@@Z 797047d0 f i Textures.obj
 0001:000137d0       ?SetNo@?$ArrayPtr@VKGLCACHEDVERTEXDATA@@@citkTypes@@QAEPAVKGLCACHEDVERTEXDATA@@IQAV3@@Z 797047d0 f i VertexBuffers.obj
 0001:000137d0       ?SetNo@?$ArrayPtr@Vkgl_VertexProgram@@@citkTypes@@QAEPAVkgl_VertexProgram@@IQAV3@@Z 797047d0 f i VertexProgram.obj
 0001:00013840       ?Utils_CopyMatrix@@YAXABVMatrix33@citkTypes@@PAM@Z 79704840 f   Utils.obj
 0001:000138a0       ?Utils_CopyTransform@@YAXABVDTransform@citk@@PAM@Z 797048a0 f   Utils.obj
 0001:00013920       ?Utils_GetError@@YAIPBD0PADZZ 79704920 f   Utils.obj
 0001:00013930       ?_deletebuffers@@YAXPAVKGLCACHEDVERTEXDATA@@@Z 79704930 f   VertexBuffers.obj
 0001:00013980       ?_copydata@@YAXPAVKGLCACHEDVERTEXDATA@@PAVCTVertexData@citk@@_N@Z 79704980 f   VertexBuffers.obj
 0001:00013b10       ??_Gkgl_VertexBufferObjects@@UAEPAXI@Z 79704b10 f i VertexBuffers.obj
 0001:00013b10       ??_Ekgl_VertexBufferObjects@@UAEPAXI@Z 79704b10 f i * CIL library *:* CIL module *
 0001:00013b90       ?_register_static@kgl_VertexBufferObjects@@AAEPAVKGLCACHEDVERTEXDATA@@PAVCTVertexData@citk@@@Z 79704b90 f   VertexBuffers.obj
 0001:00013da0       ?UnregisterObject@kgl_VertexBufferObjects@@QAEXPAVCTVertexData@citk@@@Z 79704da0 f   VertexBuffers.obj
 0001:00013e40       ?ClearAll@kgl_VertexBufferObjects@@QAEXXZ 79704e40 f   VertexBuffers.obj
 0001:00013e90       ?OnDelete@kgl_VertexBufferObjects@@UAEXPAVCTAggregated@citk@@@Z 79704e90 f   VertexBuffers.obj
 0001:00013ef0       ?New@kgl_VertexProgram@@QAE_NPBDJ@Z 79704ef0 f   VertexProgram.obj
 0001:000140a0       ?ShowErrorLine@kgl_VertexProgram@@AAEXABH@Z 797050a0 f   VertexProgram.obj
 0001:00014280       ??1kgl_VertexProgramCache@@QAE@XZ 79705280 f   VertexProgram.obj
 0001:00014300       ?Add@?$ArrayVal@VKGL_VPPARAM_T@@$0A@@citkTypes@@QAEIABVKGL_VPPARAM_T@@@Z 79705300 f i VertexProgram.obj
 0001:000143e0       ?SetOrtho@rtGL_ViewportClass@@QAEXXZ 797053e0 f   Viewport.obj
 0001:000144f0       ?Printf@String@citkTypes@@QAAHPBDZZ 797054f0 f   citkTypes:citkt_String.obj
 0001:00014520       ?Create@DBitmap@citkTypes@@QAEXHHH@Z 79705520 f   citkTypes:citkt_Bitmap.obj
 0001:000145d0       ?_Attach@DBitmap@citkTypes@@IAEXHHPATColor32@2@H@Z 797055d0 f   citkTypes:citkt_Bitmap.obj
 0001:00014660       ??0DBitmap@citkTypes@@QAE@HHTColor32@1@@Z 79705660 f   citkTypes:citkt_Bitmap.obj
 0001:000146f0       ?Create@DBitmap@citkTypes@@QAEXPBV12@@Z 797056f0 f   citkTypes:citkt_Bitmap.obj
 0001:00014760       ?GetRect@DBitmap@citkTypes@@QBEPAV12@ABV?$DRect@H@2@@Z 79705760 f   citkTypes:citkt_Bitmap.obj
 0001:00014930       ?ScaleTo@DBitmap@citkTypes@@QAEXHH@Z 79705930 f   citkTypes:citkt_Bitmap.obj
 0001:000149e0       ?GetScaled@DBitmap@citkTypes@@QBEPAV12@HH@Z 797059e0 f   citkTypes:citkt_Bitmap.obj
 0001:00014b00       ?GetScaledDown@DBitmap@citkTypes@@IBEPAV12@HH@Z 79705b00 f   citkTypes:citkt_Bitmap.obj
 0001:00014eb0       ?GetScaledUp@DBitmap@citkTypes@@IBEPAV12@HH@Z 79705eb0 f   citkTypes:citkt_Bitmap.obj
 0001:00015200       ?SetSize@DBitmap@citkTypes@@QAEXHH@Z 79706200 f   citkTypes:citkt_Bitmap.obj
 0001:00015280       ?Crop@DBitmap@citkTypes@@QAEXABV?$DRect@H@2@@Z 79706280 f   citkTypes:citkt_Bitmap.obj
 0001:00015330       ?MirrorY@DBitmap@citkTypes@@QAEXXZ 79706330 f   citkTypes:citkt_Bitmap.obj
 0001:000153c0       ?FillRect@DBitmap@citkTypes@@QAEXABV?$DRect@H@2@ABTColor32@2@@Z 797063c0 f   citkTypes:citkt_Bitmap.obj
 0001:000154d0       ?Free@DBitmap@citkTypes@@QAEXXZ 797064d0 f   citkTypes:citkt_Bitmap.obj
 0001:00015530       ??_EDThread@citkTypes@@UAEPAXI@Z 79706530 f i * CIL library *:* CIL module *
 0001:00015530       ??_GDThread@citkTypes@@UAEPAXI@Z 79706530 f i citkTypes:citkt_Thread_Win32.obj
 0001:00015560       ?_ThreadProc@DThread@citkTypes@@CGIPAX@Z 79706560 f   citkTypes:citkt_Thread_Win32.obj
 0001:00015590       ?ThreadProc@DThread@citkTypes@@MAEXPAX@Z 79706590 f   citkTypes:citkt_Thread_Win32.obj
 0001:000155a0       ?wcstoutf8_size@@YAIPB_W@Z 797065a0 f   citkTypes:citkt_UTF8.obj
 0001:000155e0       ?wcstoutf8@@YAIPADPB_WI@Z  797065e0 f   citkTypes:citkt_UTF8.obj
 0001:000156d0       ?utf8towcs@@YAIPA_WPBDI@Z  797066d0 f   citkTypes:citkt_UTF8.obj
 0001:00015840       ?FindFileEx@DOS@citkTypes@@SA?AVString@2@PBD0@Z 79706840 f   citkTypes:citkt_DOS.obj
 0001:00015a70       ?GetFileName@DOS@citkTypes@@SAPBDPBD@Z 79706a70 f   citkTypes:citkt_DOS.obj
 0001:00015ab0       ??$_swap@M@citkTypes@@YAXAAM0@Z 79706ab0 f i citkTypes:citkt_Matrix33.obj
 0001:00015ae0       ?FindFileFirst@DOS@citkTypes@@SA_NPBDAAUfindstruct_t@12@@Z 79706ae0 f   citkTypes:citkt_DOS_Win32.obj
 0001:00015ca0       ?FindFileClose@DOS@citkTypes@@SAXAAUfindstruct_t@12@@Z 79706ca0 f   citkTypes:citkt_DOS_Win32.obj
 0001:00015cc1       ?GetSizeEstimate@CTBasic@citk@@UAEIXZ 79706cc1 f   citkcore:citkCore.dll
 0001:00015cc7       ?QueryInterface@CTBasic@citk@@UAE_NKPAPAX@Z 79706cc7 f   citkcore:citkCore.dll
 0001:00015ccd       ?Delete@CTBasic@citk@@UAEXXZ 79706ccd f   citkcore:citkCore.dll
 0001:00015cd3       ?GetCD@CTBasicPtr@citk@@UBEPAVClassDesc@2@XZ 79706cd3 f   citkcore:citkCore.dll
 0001:00015cd9       ?OnPropertyChanged@CTDevice@citk@@UAEXAAVDProperty@2@@Z 79706cd9 f   citkcore:citkCore.dll
 0001:00015cdf       ?Delete@CTDevice@citk@@UAEXXZ 79706cdf f   citkcore:citkCore.dll
 0001:00015ce5       ?OnDelete@CTDevice@citk@@UAEXPAVCTAggregated@2@@Z 79706ce5 f   citkcore:citkCore.dll
 0001:00015ceb       ?GetSizeEstimate@CTNamed@citk@@UAEIXZ 79706ceb f   citkcore:citkCore.dll
 0001:00015cf1       ?Invalidate@CTStreamed@citk@@UAEXXZ 79706cf1 f   citkcore:citkCore.dll
 0001:00015cf7       ?WriteToStream@CTNamed@citk@@UAEXPAVCTStream@2@K@Z 79706cf7 f   citkcore:citkCore.dll
 0001:00015cfd       ?WriteChunk@CTStreamed@citk@@UAEXPAVCTStream@2@K@Z 79706cfd f   citkcore:citkCore.dll
 0001:00015d03       ?ProcessChunk@CTNamed@citk@@UAE_NPAVCTStream@2@K@Z 79706d03 f   citkcore:citkCore.dll
 0001:00015d09       ?RestoreFileData@CTStreamed@citk@@UAE_NXZ 79706d09 f   citkcore:citkCore.dll
 0001:00015d0f       ?CreateBrowseInfo@CTAggregated@citk@@UAEPAVCTBrowseInfo@2@PAV32@H@Z 79706d0f f   citkcore:citkCore.dll
 0001:00015d15       ?OnMessage@CTAggregated@citk@@UAEXHPBX@Z 79706d15 f   citkcore:citkCore.dll
 0001:00015d1b       ?DoRegisterWithService@CTDevice@citk@@MAE_NXZ 79706d1b f   citkcore:citkCore.dll
 0001:00015d21       ?DoUnregisterWithService@CTDevice@citk@@MAE_NXZ 79706d21 f   citkcore:citkCore.dll
 0001:00015d27       ?GetConfigName@CTDevice@citk@@UAE?AVString@citkTypes@@XZ 79706d27 f   citkcore:citkCore.dll
 0001:00015d2d       ?ReadProperties@CTInterface@citk@@UAEXXZ 79706d2d f   citkcore:citkCore.dll
 0001:00015d33       ?WriteProperties@CTInterface@citk@@UAEXXZ 79706d33 f   citkcore:citkCore.dll
 0001:00015d39       ?GetPropertyDescription@CTInterface@citk@@UAEPBDAAVDProperty@2@@Z 79706d39 f   citkcore:citkCore.dll
 0001:00015d3f       ?TranslateErrorCode@CTLogged@citk@@UAE?AVString@citkTypes@@J@Z 79706d3f f   citkcore:citkCore.dll
 0001:00015d45       ?IsShareable@CTDevice@citk@@UBE_NXZ 79706d45 f   citkcore:citkCore.dll
 0001:00015d4b       ?Create@ClassDesc@citk@@UAEPAXXZ 79706d4b f   citkcore:citkCore.dll
 0001:00015d51       ?Delete@ClassDesc@citk@@UAEXPAX@Z 79706d51 f   citkcore:citkCore.dll
 0001:00015d57       ?OnDelete@CTBasic@citk@@UAEXPAVCTAggregated@2@@Z 79706d57 f   citkcore:citkCore.dll
 0001:00015d5d       ?StopOnRelease@CTDevice@citk@@UBE_NXZ 79706d5d f   citkcore:citkCore.dll
 0001:00015d63       ?SetARaw@CTHardwareIO@citk@@UAEXHH@Z 79706d63 f   citkcore:citkCore.dll
 0001:00015d69       ?SetA@CTHardwareIO@citk@@UAEXHABN@Z 79706d69 f   citkcore:citkCore.dll
 0001:00015d6f       ?CanAWrite@CTHardwareIO@citk@@UAE_NH@Z 79706d6f f   citkcore:citkCore.dll
 0001:00015d75       ?Refresh@CTHardwareIO@citk@@UAEXXZ 79706d75 f   citkcore:citkCore.dll
 0001:00015d7b       ?GetCD@CTTexture@citk@@UBEPAVClassDesc@2@XZ 79706d7b f   citkcore:citkCore.dll
 0001:00015d81       ?Delete@CTAggregated@citk@@UAEXXZ 79706d81 f   citkcore:citkCore.dll
 0001:00015d87       ?OnDelete@CTAggregated@citk@@UAEXPAV12@@Z 79706d87 f   citkcore:citkCore.dll
 0001:00015d8d       ?GetSizeEstimate@CTTexture@citk@@UAEIXZ 79706d8d f   citkcore:citkCore.dll
 0001:00015d93       ?Invalidate@CTCached@citk@@UAEXXZ 79706d93 f   citkcore:citkCore.dll
 0001:00015d99       ?WriteToStream@CTTexture@citk@@UAEXPAVCTStream@2@K@Z 79706d99 f   citkcore:citkCore.dll
 0001:00015d9f       ?ProcessChunk@CTTexture@citk@@UAE_NPAVCTStream@2@K@Z 79706d9f f   citkcore:citkCore.dll
 0001:00015da5       ?DoRegisterWithService@CTTexture@citk@@MAE_NXZ 79706da5 f   citkcore:citkCore.dll
 0001:00015dab       ?DoUnregisterWithService@CTTexture@citk@@MAE_NXZ 79706dab f   citkcore:citkCore.dll
 0001:00015db1       ?GetConfigName@CTInterface@citk@@UAE?AVString@citkTypes@@XZ 79706db1 f   citkcore:citkCore.dll
 0001:00015db7       ?DoAddProperties@CTTexture@citk@@MAEXXZ 79706db7 f   citkcore:citkCore.dll
 0001:00015dbd       ?OnPropertyChanged@CTTexture@citk@@UAEXAAVDProperty@2@@Z 79706dbd f   citkcore:citkCore.dll
 0001:00015dc3       ?DoCache@CTTexture@citk@@MAE_NXZ 79706dc3 f   citkcore:citkCore.dll
 0001:00015dc9       ?DoFlush@CTTexture@citk@@MAEXXZ 79706dc9 f   citkcore:citkCore.dll
 0001:00015dcf       ?Load@CTTexture@citk@@UAE_NPBD@Z 79706dcf f   citkcore:citkCore.dll
 0001:00015dd5       ?GetData@CTTexture@citk@@UAEPAVDBitmap@citkTypes@@XZ 79706dd5 f   citkcore:citkCore.dll
 0001:00015ddb       ?RemoveData@CTTexture@citk@@UAE_NXZ 79706ddb f   citkcore:citkCore.dll
 0001:00015de1       ?GetCD@CTAggregated@citk@@UBEPAVClassDesc@2@XZ 79706de1 f   citkcore:citkCore.dll
 0001:00015de7       ?GetSizeEstimate@CTAggregated@citk@@UAEIXZ 79706de7 f   citkcore:citkCore.dll
 0001:00015ded       ?WriteToStream@CTStreamed@citk@@UAEXPAVCTStream@2@K@Z 79706ded f   citkcore:citkCore.dll
 0001:00015df3       ?ProcessChunk@CTStreamed@citk@@UAE_NPAVCTStream@2@K@Z 79706df3 f   citkcore:citkCore.dll
 0001:00015df9       ?DoRegisterWithService@CTAggregated@citk@@MAE_NXZ 79706df9 f   citkcore:citkCore.dll
 0001:00015dff       ?DoUnregisterWithService@CTAggregated@citk@@MAE_NXZ 79706dff f   citkcore:citkCore.dll
 0001:00015e05       ?GetCD@CTAlphaProperty@citk@@UBEPAVClassDesc@2@XZ 79706e05 f   citkcore:citkCore.dll
 0001:00015e0b       ?WriteToStream@CTAlphaProperty@citk@@UAEXPAVCTStream@2@K@Z 79706e0b f   citkcore:citkCore.dll
 0001:00015e11       ?ProcessChunk@CTAlphaProperty@citk@@UAE_NPAVCTStream@2@K@Z 79706e11 f   citkcore:citkCore.dll
 0001:00015e17       ?Clone@CTAlphaProperty@citk@@UBEPAVCTRenderProperty@2@XZ 79706e17 f   citkcore:citkCore.dll
 0001:00015e1d       ?_Combine@CTRenderProperty@citk@@UAE_NPBV12@@Z 79706e1d f   citkcore:citkCore.dll
 0001:00015e23       ?_Compare@CTAlphaProperty@citk@@UBE_NPBVCTRenderProperty@2@@Z 79706e23 f   citkcore:citkCore.dll
 0001:00015e29       ??2@YAPAXI@Z               79706e29 f   MSVCRT:new_scalar.obj
 0001:00015e59       ??3@YAXPAXI@Z              79706e59 f   MSVCRT:delete_scalar_size.obj
 0001:00015e67       ??_Etype_info@@UAEPAXI@Z   79706e67 f i MSVCRT:std_type_info_static.obj
 0001:00015e67       ??_Gtype_info@@UAEPAXI@Z   79706e67 f i MSVCRT:std_type_info_static.obj
 0001:00015ece       ___scrt_acquire_startup_lock 79706ece f   MSVCRT:utility.obj
 0001:00015f03       ___scrt_dllmain_after_initialize_c 79706f03 f   MSVCRT:utility.obj
 0001:00015f2e       ___scrt_dllmain_before_initialize_c 79706f2e f   MSVCRT:utility.obj
 0001:00015f3c       ___scrt_dllmain_crt_thread_attach 79706f3c f   MSVCRT:utility.obj
 0001:00015f5b       ___scrt_dllmain_crt_thread_detach 79706f5b f   MSVCRT:utility.obj
 0001:00015f68       ___scrt_dllmain_exception_filter 79706f68 f   MSVCRT:utility.obj
 0001:00015f9b       ___scrt_dllmain_uninitialize_c 79706f9b f   MSVCRT:utility.obj
 0001:00015fbe       ___scrt_dllmain_uninitialize_critical 79706fbe f   MSVCRT:utility.obj
 0001:00015fcb       ___scrt_initialize_crt     79706fcb f   MSVCRT:utility.obj
 0001:00016004       ___scrt_initialize_onexit_tables 79707004 f   MSVCRT:utility.obj
 0001:000160ae       ___scrt_is_nonwritable_in_current_image 797070ae f   MSVCRT:utility.obj
 0001:00016138       ___scrt_release_startup_lock 79707138 f   MSVCRT:utility.obj
 0001:00016155       ___scrt_uninitialize_crt   79707155 f   MSVCRT:utility.obj
 0001:0001617d       __onexit                   7970717d f   MSVCRT:utility.obj
 0001:000161b8       _atexit                    797071b8 f   MSVCRT:utility.obj
 0001:000161cd       ??_U@YAPAXI@Z              797071cd f   MSVCRT:new_array.obj
 0001:000161d6       ??_V@YAXPAX@Z              797071d6 f   MSVCRT:delete_array.obj
 0001:000161db       ??3@YAXPAX@Z               797071db f   MSVCRT:delete_scalar.obj
 0001:000164ed       __DllMainCRTStartup@12     797074ed f   MSVCRT:dll_dllmain.obj
 0001:00016510       ??0bad_alloc@std@@QAE@ABV01@@Z 79707510 f i MSVCRT:throw_bad_alloc.obj
 0001:0001652b       ??0bad_alloc@std@@QAE@XZ   7970752b f i MSVCRT:throw_bad_alloc.obj
 0001:00016543       ??0bad_array_new_length@std@@QAE@ABV01@@Z 79707543 f i MSVCRT:throw_bad_alloc.obj
 0001:0001655e       ??0bad_array_new_length@std@@QAE@XZ 7970755e f i MSVCRT:throw_bad_alloc.obj
 0001:00016576       ??0exception@std@@QAE@ABV01@@Z 79707576 f i MSVCRT:throw_bad_alloc.obj
 0001:000165a2       ??1bad_array_new_length@std@@UAE@XZ 797075a2 f i MSVCRT:throw_bad_alloc.obj
 0001:000165a2       ??1bad_alloc@std@@UAE@XZ   797075a2 f i MSVCRT:throw_bad_alloc.obj
 0001:000165b3       ??_Ebad_array_new_length@std@@UAEPAXI@Z 797075b3 f i MSVCRT:throw_bad_alloc.obj
 0001:000165b3       ??_Ebad_alloc@std@@UAEPAXI@Z 797075b3 f i MSVCRT:throw_bad_alloc.obj
 0001:000165b3       ??_Gexception@std@@UAEPAXI@Z 797075b3 f i MSVCRT:throw_bad_alloc.obj
 0001:000165b3       ??_Gbad_array_new_length@std@@UAEPAXI@Z 797075b3 f i MSVCRT:throw_bad_alloc.obj
 0001:000165b3       ??_Gbad_alloc@std@@UAEPAXI@Z 797075b3 f i MSVCRT:throw_bad_alloc.obj
 0001:000165b3       ??_Eexception@std@@UAEPAXI@Z 797075b3 f i MSVCRT:throw_bad_alloc.obj
 0001:000165e0       ?__scrt_throw_std_bad_alloc@@YAXXZ 797075e0 f   MSVCRT:throw_bad_alloc.obj
 0001:000165fd       ?__scrt_throw_std_bad_array_new_length@@YAXXZ 797075fd f   MSVCRT:throw_bad_alloc.obj
 0001:0001661a       ?what@exception@std@@UBEPBDXZ 7970761a f i MSVCRT:throw_bad_alloc.obj
 0001:00016627       ___isa_available_init      79707627 f   MSVCRT:_cpu_disp_.obj
 0001:000167c0       __get_startup_argv_mode    797077c0 f   MSVCRT:argv_mode.obj
 0001:000167c4       ___scrt_is_ucrt_dll_in_use 797077c4 f   MSVCRT:ucrt_detection.obj
 0001:000167d0       ___scrt_fastfail           797077d0 f   MSVCRT:utility_desktop.obj
 0001:000168ec       __crt_debugger_hook        797078ec f   MSVCRT:utility_desktop.obj
 0001:000168f4       @_guard_check_icall@4      797078f4 f i MSVCRT:checkcfg.obj
 0001:00016900       __SEH_prolog4              79707900 f   MSVCRT:_sehprolg4_.obj
 0001:00016946       __SEH_epilog4              79707946 f   MSVCRT:_sehprolg4_.obj
 0001:0001695b       __except_handler4          7970795b f   MSVCRT:_chandler4gs_.obj
 0001:000169cd       ___security_init_cookie    797079cd f   MSVCRT:gs_support.obj
 0001:00016a18       ?__scrt_initialize_type_info@@YAXXZ 79707a18 f   MSVCRT:tncleanup.obj
 0001:00016a24       ?__scrt_uninitialize_type_info@@YAXXZ 79707a24 f   MSVCRT:tncleanup.obj
 0001:00016a30       ___scrt_initialize_default_local_stdio_options 79707a30 f   MSVCRT:default_local_stdio_options.obj
 0001:00016a4d       ___scrt_get_dyn_tls_init_callback 79707a4d f   MSVCRT:dyn_tls_init.obj
 0001:00016a53       __RTC_Initialize           79707a53 f   MSVCRT:_initsect_.obj
 0001:00016a7e       __RTC_Terminate            79707a7e f   MSVCRT:_initsect_.obj
 0001:00016aa9       @__security_check_cookie@4 79707aa9 f   MSVCRT:_secchk_.obj
 0001:00016aba       ___raise_securityfailure   79707aba f   MSVCRT:gs_report.obj
 0001:00016ae2       ___report_gsfailure        79707ae2 f   MSVCRT:gs_report.obj
 0001:00016bdd       ??0CAtlBaseModule@ATL@@QAE@XZ 79707bdd f   atls:atlbase.obj
 0001:00016c30       ??0_ATL_BASE_MODULE70@ATL@@QAE@XZ 79707c30 f i atls:atlbase.obj
 0001:00016c53       ??1CAtlBaseModule@ATL@@QAE@XZ 79707c53 f   atls:atlbase.obj
 0001:00016c69       ?RemoveAll@?$CSimpleArray@PAUHINSTANCE__@@V?$CSimpleArrayEqualHelper@PAUHINSTANCE__@@@ATL@@@ATL@@QAEXXZ 79707c69 f i atls:atlbase.obj
 0001:00016c86       ___CxxFrameHandler3        79707c86 f   vcruntime:VCRUNTIME140.dll
 0001:00016c8c       ___std_terminate           79707c8c f   vcruntime:VCRUNTIME140.dll
 0001:00016c92       __purecall                 79707c92 f   vcruntime:VCRUNTIME140.dll
 0001:00016c98       ___std_exception_copy      79707c98 f   vcruntime:VCRUNTIME140.dll
 0001:00016c9e       ___std_exception_destroy   79707c9e f   vcruntime:VCRUNTIME140.dll
 0001:00016ca4       __CxxThrowException@8      79707ca4 f   vcruntime:VCRUNTIME140.dll
 0001:00016caa       _memset                    79707caa f   vcruntime:VCRUNTIME140.dll
 0001:00016cb0       __except_handler4_common   79707cb0 f   vcruntime:VCRUNTIME140.dll
 0001:00016cb6       ___std_type_info_destroy_list 79707cb6 f   vcruntime:VCRUNTIME140.dll
 0001:00016cbc       ___CxxFrameHandler         79707cbc f   vcruntime:VCRUNTIME140.dll
 0001:00016cc2       _free                      79707cc2 f   ucrt:api-ms-win-crt-heap-l1-1-0.dll
 0001:00016cc8       _malloc                    79707cc8 f   ucrt:api-ms-win-crt-heap-l1-1-0.dll
 0001:00016cce       __callnewh                 79707cce f   ucrt:api-ms-win-crt-heap-l1-1-0.dll
 0001:00016cd4       __seh_filter_dll           79707cd4 f   ucrt:api-ms-win-crt-runtime-l1-1-0.dll
 0001:00016cda       __configure_narrow_argv    79707cda f   ucrt:api-ms-win-crt-runtime-l1-1-0.dll
 0001:00016ce0       __initialize_narrow_environment 79707ce0 f   ucrt:api-ms-win-crt-runtime-l1-1-0.dll
 0001:00016ce6       __initialize_onexit_table  79707ce6 f   ucrt:api-ms-win-crt-runtime-l1-1-0.dll
 0001:00016cec       __register_onexit_function 79707cec f   ucrt:api-ms-win-crt-runtime-l1-1-0.dll
 0001:00016cf2       __execute_onexit_table     79707cf2 f   ucrt:api-ms-win-crt-runtime-l1-1-0.dll
 0001:00016cf8       __crt_atexit               79707cf8 f   ucrt:api-ms-win-crt-runtime-l1-1-0.dll
 0001:00016cfe       __cexit                    79707cfe f   ucrt:api-ms-win-crt-runtime-l1-1-0.dll
 0001:00016d04       __initterm                 79707d04 f   ucrt:api-ms-win-crt-runtime-l1-1-0.dll
 0001:00016d0a       __initterm_e               79707d0a f   ucrt:api-ms-win-crt-runtime-l1-1-0.dll
 0001:00016d10       _IsProcessorFeaturePresent@4 79707d10 f   kernel32:KERNEL32.dll
 0001:00016d20       __alldiv                   79707d20 f   MSVCRT:lldiv.obj
 0001:00016dd0       __aullrem                  79707dd0 f   MSVCRT:ullrem.obj
 0001:00016e50       __aulldiv                  79707e50 f   MSVCRT:ulldiv.obj
 0001:00016ec0       __allmul                   79707ec0 f   MSVCRT:llmul.obj
 0001:00016f00       __alloca_probe_16          79707f00 f   MSVCRT:alloca16.obj
 0001:00016f16       __alloca_probe_8           79707f16     MSVCRT:alloca16.obj
 0001:00016f30       __chkstk                   79707f30 f   MSVCRT:chkstk.obj
 0001:00016f30       __alloca_probe             79707f30 f   MSVCRT:chkstk.obj
 0001:00016f5d       _memcpy                    79707f5d f   vcruntime:VCRUNTIME140.dll
 0001:00016f63       ___libm_sse2_atan          79707f63 f   ucrt:api-ms-win-crt-math-l1-1-0.dll
 0001:00016f69       ___libm_sse2_tan           79707f69 f   ucrt:api-ms-win-crt-math-l1-1-0.dll
 0001:00016f6f       _ceil                      79707f6f f   ucrt:api-ms-win-crt-math-l1-1-0.dll
 0002:00000000       __imp__GetDIBits@28        79709000     gdi32:GDI32.dll
 0002:00000004       __imp__GetObjectA@12       79709004     gdi32:GDI32.dll
 0002:00000008       __imp__DeleteDC@4          79709008     gdi32:GDI32.dll
 0002:0000000c       __imp__DeleteObject@4      7970900c     gdi32:GDI32.dll
 0002:00000010       __imp__GetTextExtentPointA@16 79709010     gdi32:GDI32.dll
 0002:00000014       __imp__SetBkMode@8         79709014     gdi32:GDI32.dll
 0002:00000018       __imp__SetTextColor@8      79709018     gdi32:GDI32.dll
 0002:0000001c       __imp__CreateSolidBrush@4  7970901c     gdi32:GDI32.dll
 0002:00000020       __imp__CreateFontA@56      79709020     gdi32:GDI32.dll
 0002:00000024       __imp__SelectObject@8      79709024     gdi32:GDI32.dll
 0002:00000028       __imp__CreateBitmap@20     79709028     gdi32:GDI32.dll
 0002:0000002c       __imp__CreateCompatibleDC@4 7970902c     gdi32:GDI32.dll
 0002:00000030       __imp__ChoosePixelFormat@8 79709030     gdi32:GDI32.dll
 0002:00000034       __imp__SwapBuffers@4       79709034     gdi32:GDI32.dll
 0002:00000038       __imp__SetPixelFormat@12   79709038     gdi32:GDI32.dll
 0002:0000003c       __imp__DescribePixelFormat@16 7970903c     gdi32:GDI32.dll
 0002:00000040       \177GDI32_NULL_THUNK_DATA  79709040     gdi32:GDI32.dll
 0002:00000044       __imp__gluBuild2DMipmaps@28 79709044     glu32:GLU32.dll
 0002:00000048       \177GLU32_NULL_THUNK_DATA  79709048     glu32:GLU32.dll
[...]
 0002:00004adc       __ehfuncinfo$?Hide@CTOpenGLRenderer@@UAE_NXZ 7970dadc     BaseClass.obj
 0002:00004adc       __ehfuncinfo$?_CheckWindow@CTOpenGLRenderer@@IAEXXZ 7970dadc     BaseClass.obj
 0002:00004adc       __ehfuncinfo$?ClearAll@rtGL_ShapeCollectorClass@@QAEXXZ 7970dadc     Render.obj
 0002:00004b00       __unwindtable$?_CheckWindow@CTOpenGLRenderer@@IAEXXZ 7970db00     BaseClass.obj
 0002:00004b00       __unwindtable$?Hide@CTOpenGLRenderer@@UAE_NXZ 7970db00     BaseClass.obj
 0002:00004b00       __unwindtable$?ClearAll@rtGL_ShapeCollectorClass@@QAEXXZ 7970db00     Render.obj
 0002:00004b08       __ehfuncinfo$?StartDevice@CTOpenGLRenderer@@MAE_NXZ 7970db08     BaseClass.obj
 0002:00004b2c       __unwindtable$?StartDevice@CTOpenGLRenderer@@MAE_NXZ 7970db2c     BaseClass.obj
 0002:00004b3c       __ehfuncinfo$??1?$StrongPtr@VCTShaderProperty@citk@@@citk@@QAE@XZ 7970db3c     Render.obj
 0002:00004b3c       __ehfuncinfo$??1?$StrongPtr@VCTLightingProperty@citk@@@citk@@QAE@XZ 7970db3c     Render.obj
 0002:00004b3c       __ehfuncinfo$??1?$StrongPtr@VCTTexture@citk@@@citk@@QAE@XZ 7970db3c     RasterText.obj
 0002:00004b3c       __ehfuncinfo$??1?$StrongPtr@VCTMaterialProperty@citk@@@citk@@QAE@XZ 7970db3c     Render.obj
 0002:00004b3c       __ehfuncinfo$??1?$StrongPtr@VCTAlphaProperty@citk@@@citk@@QAE@XZ 7970db3c     Render.obj
 0002:00004b3c       __ehfuncinfo$??1?$StrongPtr@VCTWireFrameProperty@citk@@@citk@@QAE@XZ 7970db3c     Render.obj
 0002:00004b3c       __ehfuncinfo$??1?$SafePtr@VCTHardwareIO@citk@@@citk@@UAE@XZ 7970db3c     BaseClass.obj
 0002:00004b3c       __ehfuncinfo$??1?$StrongPtr@VCTVertexData@citk@@@citk@@QAE@XZ 7970db3c     Render.obj
 0002:00004b3c       __ehfuncinfo$??1?$StrongPtr@VCTRenderFlagsProperty@citk@@@citk@@QAE@XZ 7970db3c     Render.obj
 0002:00004b3c       __ehfuncinfo$??1?$StrongPtr@VCTTextureProperty@citk@@@citk@@QAE@XZ 7970db3c     Render.obj
 0002:00004b3c       __ehfuncinfo$??1?$StrongPtr@VrtGL_TextureCacheClass@@@citk@@QAE@XZ 7970db3c     Render.obj
 0002:00004b3c       __ehfuncinfo$??1?$StrongPtr@Vkgl_VertexBufferObjects@@@citk@@QAE@XZ 7970db3c     Render.obj
 0002:00004b3c       __ehfuncinfo$??1?$StrongPtr@VrtGL_RenderClass@@@citk@@QAE@XZ 7970db3c     BaseClass.obj
 0002:00004b60       __ehfuncinfo$??__E__citk_plugin@@YAXXZ 7970db60     Classes.obj
 0002:00004b84       __unwindtable$??__E__citk_plugin@@YAXXZ 7970db84     Classes.obj
 0002:00004b8c       __ehfuncinfo$?glCore_TestDummyWindow@@YA_N_N@Z 7970db8c     Core.obj
 0002:00004bb0       __unwindtable$?glCore_TestDummyWindow@@YA_N_N@Z 7970dbb0     Core.obj
 0002:00004bb8       __ehfuncinfo$?Create@CD_CTDShowMediaPlayer@@UAEPAXXZ 7970dbb8     DS_MPlayer.obj
 0002:00004bdc       __unwindtable$?Create@CD_CTDShowMediaPlayer@@UAEPAXXZ 7970dbdc     DS_MPlayer.obj
 0002:00004bf4       __ehfuncinfo$??1ds_internals_t@@QAE@XZ 7970dbf4     DS_MPlayer.obj
 0002:00004bf4       __ehfuncinfo$??1GLDEVRENDERSTATE@@QAE@XZ 7970dbf4     Render.obj
 0002:00004c18       __unwindtable$??1GLDEVRENDERSTATE@@QAE@XZ 7970dc18     Render.obj
 0002:00004c18       __unwindtable$??1ds_internals_t@@QAE@XZ 7970dc18     DS_MPlayer.obj
 0002:00004c50       __ehfuncinfo$?dshow_init@CTDShowMediaPlayer@citk@@QAE_NXZ 7970dc50     DS_MPlayer.obj
 0002:00004c78       __unwindtable$?dshow_init@CTDShowMediaPlayer@citk@@QAE_NXZ 7970dc78     DS_MPlayer.obj
 0002:00004d00       __ehfuncinfo$?dshow_release@CTDShowMediaPlayer@citk@@QAEXXZ 7970dd00     DS_MPlayer.obj
 0002:00004d24       __unwindtable$?dshow_release@CTDShowMediaPlayer@citk@@QAEXXZ 7970dd24     DS_MPlayer.obj
 0002:00004d4c       __ehfuncinfo$?Create@CD_CTOpenGLMouse@@UAEPAXXZ 7970dd4c     MouseDev.obj
 0002:00004d70       __unwindtable$?Create@CD_CTOpenGLMouse@@UAEPAXXZ 7970dd70     MouseDev.obj
 0002:00004d80       __ehfuncinfo$?StartDevice@CTOpenGLMouse@@MAE_NXZ 7970dd80     MouseDev.obj
 0002:00004da4       __unwindtable$?StartDevice@CTOpenGLMouse@@MAE_NXZ 7970dda4     MouseDev.obj
 0002:00004dbc       __ehfuncinfo$?CreateFontA@CTRasterText@@QAEXPBDH_N@Z 7970ddbc     RasterText.obj
 0002:00004de0       __unwindtable$?CreateFontA@CTRasterText@@QAEXPBDH_N@Z 7970dde0     RasterText.obj
 0002:00004df0       __ehfuncinfo$?New@?$StrongPtr@VCTTexture@citk@@@citk@@QAEPAVCTTexture@2@XZ 7970ddf0     RasterText.obj
 0002:00004e14       __unwindtable$?New@?$StrongPtr@VCTTexture@citk@@@citk@@QAEPAVCTTexture@2@XZ 7970de14     RasterText.obj
 0002:00004e20       __ehfuncinfo$??0rtGL_RenderClass@@QAE@XZ 7970de20     Render.obj
 0002:00004e48       __unwindtable$??0rtGL_RenderClass@@QAE@XZ 7970de48     Render.obj
 0002:00004eb0       __ehfuncinfo$??1rtGL_RenderClass@@UAE@XZ 7970deb0     Render.obj
 0002:00004ed4       __unwindtable$??1rtGL_RenderClass@@UAE@XZ 7970ded4     Render.obj
 0002:00004ef4       __ehfuncinfo$?MakeItOnScreen@rtGL_RenderClass@@QAEXPAVCTVertexData@citk@@ABURenderInfo_t@3@PAVCTRenderState@3@_N@Z 7970def4     Render.obj
 0002:00004f18       __unwindtable$?MakeItOnScreen@rtGL_RenderClass@@QAEXPAVCTVertexData@citk@@ABURenderInfo_t@3@PAVCTRenderState@3@_N@Z 7970df18     Render.obj
 0002:00004f28       __ehfuncinfo$?Add@rtGL_ShapeCollectorClass@@QAEPAUGLDEVDRAWABLE@@XZ 7970df28     Render.obj
 0002:00004f4c       __unwindtable$?Add@rtGL_ShapeCollectorClass@@QAEPAUGLDEVDRAWABLE@@XZ 7970df4c     Render.obj
 0002:00004f5c       __ehfuncinfo$??0GLDEVRENDERSTATE@@QAE@XZ 7970df5c     Render.obj
 0002:00004f80       __unwindtable$??0GLDEVRENDERSTATE@@QAE@XZ 7970df80     Render.obj
 0002:00004fb8       __ehfuncinfo$?SetupVanilla@rtGL_RenderStateManClass@@QAEXAAUGLDEVRENDERSTATE@@@Z 7970dfb8     RenderState.obj
 0002:00004fe0       __unwindtable$?SetupVanilla@rtGL_RenderStateManClass@@QAEXAAUGLDEVRENDERSTATE@@@Z 7970dfe0     RenderState.obj
 0002:00005020       __ehfuncinfo$??_GrtGL_TextureCacheClass@@UAEPAXI@Z 7970e020     Textures.obj
 0002:00005020       __ehfuncinfo$??1rtGL_StatisticsClass@@QAE@XZ 7970e020     Statistics.obj
 0002:00005044       __unwindtable$??1rtGL_StatisticsClass@@QAE@XZ 7970e044     Statistics.obj
 0002:00005044       __unwindtable$??_GrtGL_TextureCacheClass@@UAEPAXI@Z 7970e044     Textures.obj
 0002:00005054       __ehfuncinfo$?TX_SetPixels@@YAXPAVGLDEVTEXTURE@@PBVDBitmap@citkTypes@@_N@Z 7970e054     Textures.obj
 0002:00005078       __unwindtable$?TX_SetPixels@@YAXPAVGLDEVTEXTURE@@PBVDBitmap@citkTypes@@_N@Z 7970e078     Textures.obj
 0002:00005080       __ehfuncinfo$?_MakeDefault@rtGL_TextureCacheClass@@AAEXXZ 7970e080     Textures.obj
 0002:000050a4       __unwindtable$?_MakeDefault@rtGL_TextureCacheClass@@AAEXXZ 7970e0a4     Textures.obj
 0002:000050ac       __ehfuncinfo$?GetRect@DBitmap@citkTypes@@QBEPAV12@ABV?$DRect@H@2@@Z 7970e0ac     citkTypes:citkt_Bitmap.obj
 0002:000050d0       __unwindtable$?GetRect@DBitmap@citkTypes@@QBEPAV12@ABV?$DRect@H@2@@Z 7970e0d0     citkTypes:citkt_Bitmap.obj
 0002:000050e0       __ehfuncinfo$?GetScaled@DBitmap@citkTypes@@QBEPAV12@HH@Z 7970e0e0     citkTypes:citkt_Bitmap.obj
 0002:00005104       __unwindtable$?GetScaled@DBitmap@citkTypes@@QBEPAV12@HH@Z 7970e104     citkTypes:citkt_Bitmap.obj
 0002:00005114       __ehfuncinfo$?GetScaledDown@DBitmap@citkTypes@@IBEPAV12@HH@Z 7970e114     citkTypes:citkt_Bitmap.obj
 0002:00005138       __unwindtable$?GetScaledDown@DBitmap@citkTypes@@IBEPAV12@HH@Z 7970e138     citkTypes:citkt_Bitmap.obj
 0002:00005140       __ehfuncinfo$?GetScaledUp@DBitmap@citkTypes@@IBEPAV12@HH@Z 7970e140     citkTypes:citkt_Bitmap.obj
 0002:00005164       __unwindtable$?GetScaledUp@DBitmap@citkTypes@@IBEPAV12@HH@Z 7970e164     citkTypes:citkt_Bitmap.obj
 0002:00005170       __sehtable$___scrt_is_nonwritable_in_current_image 7970e170     MSVCRT:utility.obj
 0002:00005190       __sehtable$?dllmain_crt_process_attach@@YAHQAUHINSTANCE__@@QAX@Z 7970e190     MSVCRT:dll_dllmain.obj
 0002:000051b0       __sehtable$?dllmain_crt_process_detach@@YAH_N@Z 7970e1b0     MSVCRT:dll_dllmain.obj
 0002:000051d0       __sehtable$?dllmain_dispatch@@YAHQAUHINSTANCE__@@KQAX@Z 7970e1d0     MSVCRT:dll_dllmain.obj
 0002:0000527c       $T83105                    7970e27c     strmbasex:amfilter.obj
 0002:00005284       $T83103                    7970e284     strmbasex:amfilter.obj
 0002:000052a0       $T83173                    7970e2a0     strmbasex:amfilter.obj
 0002:000052a0       $T83078                    7970e2a0     strmbasex:renbase.obj
 0002:000052a0       $T83846                    7970e2a0     strmbasex:amfilter.obj
 0002:000052a0       $T84275                    7970e2a0     strmbasex:amfilter.obj
 0002:000052a0       $T84057                    7970e2a0     strmbasex:amfilter.obj
 0002:000052a0       $T84246                    7970e2a0     strmbasex:amfilter.obj
 0002:000052a8       $T83844                    7970e2a8     strmbasex:amfilter.obj
 0002:000052a8       $T83076                    7970e2a8     strmbasex:renbase.obj
 0002:000052a8       $T84244                    7970e2a8     strmbasex:amfilter.obj
 0002:000052a8       $T83171                    7970e2a8     strmbasex:amfilter.obj
 0002:000052a8       $T84055                    7970e2a8     strmbasex:amfilter.obj
 0002:000052a8       $T84273                    7970e2a8     strmbasex:amfilter.obj
 0002:000052c4       $T83557                    7970e2c4     strmbasex:amfilter.obj
 0002:000052c4       $T84085                    7970e2c4     strmbasex:amfilter.obj
 0002:000052c4       $T83658                    7970e2c4     strmbasex:amfilter.obj
 0002:000052c4       $T83356                    7970e2c4     strmbasex:amfilter.obj
 0002:000052cc       $T84083                    7970e2cc     strmbasex:amfilter.obj
 0002:000052cc       $T83555                    7970e2cc     strmbasex:amfilter.obj
 0002:000052cc       $T83656                    7970e2cc     strmbasex:amfilter.obj
 0002:000052cc       $T83354                    7970e2cc     strmbasex:amfilter.obj
 0002:000052e8       $T83484                    7970e2e8     strmbasex:amfilter.obj
 0002:000052e8       $T83504                    7970e2e8     strmbasex:amfilter.obj
 0002:000052f0       $T83502                    7970e2f0     strmbasex:amfilter.obj
 0002:000052f0       $T83481                    7970e2f0     strmbasex:amfilter.obj
 0002:0000530c       $T83676                    7970e30c     strmbasex:amfilter.obj
 0002:00005314       $T83669                    7970e314     strmbasex:amfilter.obj
 0002:00005330       $T83689                    7970e330     strmbasex:amfilter.obj
 0002:00005338       $T83687                    7970e338     strmbasex:amfilter.obj
 0002:00005354       $T83729                    7970e354     strmbasex:amfilter.obj
 0002:00005354       $T83750                    7970e354     strmbasex:amfilter.obj
 0002:00005364       $T83748                    7970e364     strmbasex:amfilter.obj
 0002:00005364       $T83724                    7970e364     strmbasex:amfilter.obj
 0002:00005380       $T84194                    7970e380     strmbasex:amfilter.obj
 0002:00005388       $T84192                    7970e388     strmbasex:amfilter.obj
 0002:000053a4       $T81286                    7970e3a4     strmbasex:renbase.obj
 0002:000053bc       $T81281                    7970e3bc     strmbasex:renbase.obj
 0002:000053d8       $T81324                    7970e3d8     strmbasex:renbase.obj
 0002:00005410       $T81320                    7970e410     strmbasex:renbase.obj
 0002:0000542c       $T81563                    7970e42c     strmbasex:renbase.obj
 0002:0000542c       $T83960                    7970e42c     strmbasex:amfilter.obj
 0002:0000542c       $T83138                    7970e42c     strmbasex:amfilter.obj
 0002:0000542c       $T84002                    7970e42c     strmbasex:amfilter.obj
 0002:0000542c       $T81635                    7970e42c     strmbasex:renbase.obj
 0002:0000542c       $T81722                    7970e42c     strmbasex:renbase.obj
 0002:00005434       $T83136                    7970e434     strmbasex:amfilter.obj
 0002:00005434       $T84000                    7970e434     strmbasex:amfilter.obj
 0002:00005434       $T81720                    7970e434     strmbasex:renbase.obj
 0002:00005434       $T81560                    7970e434     strmbasex:renbase.obj
 0002:00005434       $T81630                    7970e434     strmbasex:renbase.obj
 0002:00005434       $T83957                    7970e434     strmbasex:amfilter.obj
 0002:00005450       $T81398                    7970e450     strmbasex:renbase.obj
 0002:00005450       $T81791                    7970e450     strmbasex:renbase.obj
 0002:00005460       $T81789                    7970e460     strmbasex:renbase.obj
 0002:00005460       $T81395                    7970e460     strmbasex:renbase.obj
 0002:0000547c       $T82255                    7970e47c     strmbasex:renbase.obj
 0002:0000547c       $T82358                    7970e47c     strmbasex:renbase.obj
 0002:0000547c       $T82208                    7970e47c     strmbasex:renbase.obj
 0002:0000547c       $T83208                    7970e47c     strmbasex:amfilter.obj
 0002:0000547c       $T81914                    7970e47c     strmbasex:renbase.obj
 0002:0000547c       $T83254                    7970e47c     strmbasex:amfilter.obj
 0002:0000547c       $T82444                    7970e47c     strmbasex:ctlutil.obj
 0002:0000547c       $T83321                    7970e47c     strmbasex:amfilter.obj
 0002:0000547c       $T82330                    7970e47c     strmbasex:renbase.obj
 0002:0000547c       $T83438                    7970e47c     strmbasex:amfilter.obj
 0002:0000547c       $T82179                    7970e47c     strmbasex:renbase.obj
 0002:00005484       $T83435                    7970e484     strmbasex:amfilter.obj
 0002:00005484       $T82206                    7970e484     strmbasex:renbase.obj
 0002:00005484       $T82442                    7970e484     strmbasex:ctlutil.obj
 0002:00005484       $T83315                    7970e484     strmbasex:amfilter.obj
 0002:00005484       $T82356                    7970e484     strmbasex:renbase.obj
 0002:00005484       $T83248                    7970e484     strmbasex:amfilter.obj
 0002:00005484       $T81912                    7970e484     strmbasex:renbase.obj
 0002:00005484       $T82328                    7970e484     strmbasex:renbase.obj
 0002:00005484       $T83203                    7970e484     strmbasex:amfilter.obj
 0002:00005484       $T82177                    7970e484     strmbasex:renbase.obj
 0002:00005484       $T82253                    7970e484     strmbasex:renbase.obj
 0002:000054a0       $T82036                    7970e4a0     strmbasex:renbase.obj
 0002:000054b0       $T82034                    7970e4b0     strmbasex:renbase.obj
 0002:000054cc       $T82151                    7970e4cc     strmbasex:renbase.obj
 0002:000054ec       $T82147                    7970e4ec     strmbasex:renbase.obj
 0002:00005508       $T82666                    7970e508     strmbasex:renbase.obj
 0002:00005508       $T82596                    7970e508     strmbasex:renbase.obj
 0002:00005508       $T82547                    7970e508     strmbasex:renbase.obj
 0002:00005518       $T82594                    7970e518     strmbasex:renbase.obj
 0002:00005518       $T82664                    7970e518     strmbasex:renbase.obj
 0002:00005518       $T82545                    7970e518     strmbasex:renbase.obj
 0002:00005534       $T82730                    7970e534     strmbasex:renbase.obj
 0002:00005544       $T82726                    7970e544     strmbasex:renbase.obj
 0002:00005560       $T82798                    7970e560     strmbasex:renbase.obj
 0002:00005568       $T82796                    7970e568     strmbasex:renbase.obj
 0002:00005584       $T80442                    7970e584     strmbasex:wxlist.obj
 0002:0000558c       $T80437                    7970e58c     strmbasex:wxlist.obj
 0002:000055a8       $T82317                    7970e5a8     strmbasex:ctlutil.obj
 0002:000055a8       $T82162                    7970e5a8     strmbasex:ctlutil.obj
 0002:000055b0       $T82315                    7970e5b0     strmbasex:ctlutil.obj
 0002:000055b0       $T82159                    7970e5b0     strmbasex:ctlutil.obj
 0002:000055cc       $T82355                    7970e5cc     strmbasex:ctlutil.obj
 0002:000055d4       $T82353                    7970e5d4     strmbasex:ctlutil.obj
 0002:000055f0       .edata                     7970e5f0     RT_gl.exp
 0002:00005618       rgpv                       7970e618     RT_gl.exp
 0002:00005620       rgszName                   7970e620     RT_gl.exp
 0002:00005628       rgwOrd                     7970e628     RT_gl.exp
 0002:0000562c       szName                     7970e62c     RT_gl.exp
 0002:00005637       $N00001                    7970e637     RT_gl.exp
 0002:0000565c       $N00002                    7970e65c     RT_gl.exp
 0002:00005f46       .idata$6                   7970ef46     kernel32:KERNEL32.dll
 0002:00006134       .idata$6                   7970f134     user32:USER32.dll
 0002:0000624a       .idata$6                   7970f24a     gdi32:GDI32.dll
 0002:00006268       .idata$6                   7970f268     ole32:ole32.dll
 0002:0000825a       .idata$6                   7971125a     citkcore:citkCore.dll
 0002:0000876e       .idata$6                   7971176e     opengl32:OPENGL32.dll
 0002:00008790       .idata$6                   79711790     glu32:GLU32.dll
 0002:000087dc       .idata$6                   797117dc     Version:VERSION.dll
 0002:000088c6       .idata$6                   797118c6     vcruntime:VCRUNTIME140.dll
 0002:00008aa6       .idata$6                   79711aa6     ucrt:api-ms-win-crt-convert-l1-1-0.dll
 0002:00008ac8       .idata$6                   79711ac8     ucrt:api-ms-win-crt-stdio-l1-1-0.dll
 0002:00008ae8       .idata$6                   79711ae8     ucrt:api-ms-win-crt-multibyte-l1-1-0.dll
 0002:00008b0c       .idata$6                   79711b0c     ucrt:api-ms-win-crt-string-l1-1-0.dll
 0002:00008b2e       .idata$6                   79711b2e     ucrt:api-ms-win-crt-heap-l1-1-0.dll
 0002:00008b4e       .idata$6                   79711b4e     ucrt:api-ms-win-crt-utility-l1-1-0.dll
 0002:00008b70       .idata$6                   79711b70     ucrt:api-ms-win-crt-math-l1-1-0.dll
 0002:00008b90       .idata$6                   79711b90     ucrt:api-ms-win-crt-runtime-l1-1-0.dll
 0002:00008f7a       .idata$6                   79711f7a     winmm:WINMM.dll
 0003:000009c0       ?module_local_atexit_table@@3U_onexit_table_t@@A 797129c0     MSVCRT:utility.obj
 0003:000009cc       ?module_local_at_quick_exit_table@@3U_onexit_table_t@@A 797129cc     MSVCRT:utility.obj
 0003:000009d8       ?module_local_atexit_table_initialized@@3_NA 797129d8     MSVCRT:utility.obj
 0003:000009d9       ?is_initialized_as_dll@@3_NA 797129d9     MSVCRT:utility.obj
 0003:000009dc       ?__proc_attached@@3HA      797129dc     MSVCRT:dll_dllmain.obj
 0003:000009f8       _GS_ExceptionRecord        797129f8     MSVCRT:gs_report.obj
 0003:00000a48       _GS_ContextRecord          79712a48     MSVCRT:gs_report.obj
 0003:00000d58       ?uMsgId@?1??WaitDispatchingMessages@@YGKPAXKPAUHWND__@@I0@Z@4IA 79712d58     strmbasex:wxutil.obj
 0003:00000e18       ?__citk_plugin@@3VRT_GL@@A 79712e18     Classes.obj
 0004:00000230       $R000000                   79713230     RT_GL.res
 0004:00000680       $R000450                   79713680     RT_GL.res
 0004:00000c78       $R000A48                   79713c78     RT_GL.res
 0004:00001318       $R0010E8                   79714318     RT_GL.res
 0004:000017a8       $R001578                   797147a8     RT_GL.res
 0004:00002228       $R001FF8                   79715228     RT_GL.res
 0004:000026e8       $R0024B8                   797156e8     RT_GL.res
 0004:00002770       $R002540                   79715770     RT_GL.res
 0004:000028e0       $R0026B0                   797158e0     RT_GL.res
